2026-09-15 10:52:06,943 INFO run device=cuda torch=2.11.0+cu128 image_size=512 angles=90 seed=2026
2026-09-15 10:52:08,560 INFO loaded real CT slices scale=1.000000 from /content/ct-subset
2026-09-15 10:52:57,202 INFO clean train FBP PSNR=20.8872 dB (windowed)
2026-09-15 10:52:57,202 INFO photons fixed at 100000.000; calibration skipped
2026-09-15 10:53:21,514 INFO dataset /content/ct-subset size=300 split=200/50/50 photons=100000.000 zero_count_fraction=0.00000000
2026-09-15 10:53:22,093 INFO baseline split=train fbp_psnr_db=24.7293 fbp_window_psnr_db=13.9799
2026-09-15 10:53:22,238 INFO baseline split=val fbp_psnr_db=24.5401 fbp_window_psnr_db=13.9753
2026-09-15 10:53:28,562 INFO operator_norm=0.77848244
2026-09-15 10:53:31,142 INFO model=fbp-unet parameters=118305 epochs=60 device=cuda
2026-09-15 10:53:31,649 INFO model=fbp-unet initial_gradient_norm=0.020736812
2026-09-15 10:53:32,983 INFO model=fbp-unet epoch=001/060 train_mse=0.0030694 val_mse=0.0020005 val_psnr_db=27.1032 lr=0.001 seconds=1.84 best_epoch=1
2026-09-15 10:53:34,231 INFO model=fbp-unet epoch=002/060 train_mse=0.0007726 val_mse=0.0005296 val_psnr_db=33.7125 lr=0.000999 seconds=1.23 best_epoch=2
2026-09-15 10:53:35,477 INFO model=fbp-unet epoch=003/060 train_mse=0.0004019 val_mse=0.0004082 val_psnr_db=35.3156 lr=0.000997 seconds=1.23 best_epoch=3
2026-09-15 10:53:36,724 INFO model=fbp-unet epoch=004/060 train_mse=0.0003099 val_mse=0.0003746 val_psnr_db=35.7498 lr=0.000994 seconds=1.23 best_epoch=4
2026-09-15 10:53:37,972 INFO model=fbp-unet epoch=005/060 train_mse=0.0002677 val_mse=0.0003404 val_psnr_db=36.4416 lr=0.000989 seconds=1.23 best_epoch=5
2026-09-15 10:53:39,224 INFO model=fbp-unet epoch=006/060 train_mse=0.0002502 val_mse=0.0003044 val_psnr_db=37.2086 lr=0.000983 seconds=1.23 best_epoch=6
2026-09-15 10:53:40,484 INFO model=fbp-unet epoch=007/060 train_mse=0.0002224 val_mse=0.0002858 val_psnr_db=37.6038 lr=0.000976 seconds=1.24 best_epoch=7
2026-09-15 10:53:41,750 INFO model=fbp-unet epoch=008/060 train_mse=0.0002048 val_mse=0.0002624 val_psnr_db=38.1335 lr=0.000967 seconds=1.25 best_epoch=8
2026-09-15 10:53:42,990 INFO model=fbp-unet epoch=009/060 train_mse=0.0001932 val_mse=0.0002858 val_psnr_db=37.5328 lr=0.000957 seconds=1.23 best_epoch=8
2026-09-15 10:53:44,238 INFO model=fbp-unet epoch=010/060 train_mse=0.0001924 val_mse=0.0002529 val_psnr_db=38.2679 lr=0.000946 seconds=1.23 best_epoch=10
2026-09-15 10:53:45,490 INFO model=fbp-unet epoch=011/060 train_mse=0.0001805 val_mse=0.0002411 val_psnr_db=38.7382 lr=0.000934 seconds=1.23 best_epoch=11
2026-09-15 10:53:46,743 INFO model=fbp-unet epoch=012/060 train_mse=0.0001767 val_mse=0.0002598 val_psnr_db=38.0615 lr=0.00092 seconds=1.24 best_epoch=11
2026-09-15 10:53:48,006 INFO model=fbp-unet epoch=013/060 train_mse=0.0001756 val_mse=0.0002353 val_psnr_db=38.8681 lr=0.000905 seconds=1.24 best_epoch=13
2026-09-15 10:53:49,269 INFO model=fbp-unet epoch=014/060 train_mse=0.0001725 val_mse=0.0002319 val_psnr_db=38.8596 lr=0.00089 seconds=1.24 best_epoch=14
2026-09-15 10:53:50,525 INFO model=fbp-unet epoch=015/060 train_mse=0.0001705 val_mse=0.0002484 val_psnr_db=38.5344 lr=0.000873 seconds=1.24 best_epoch=14
2026-09-15 10:53:51,791 INFO model=fbp-unet epoch=016/060 train_mse=0.0001679 val_mse=0.0002298 val_psnr_db=38.9655 lr=0.000855 seconds=1.25 best_epoch=16
2026-09-15 10:53:53,066 INFO model=fbp-unet epoch=017/060 train_mse=0.0001636 val_mse=0.0002242 val_psnr_db=39.2317 lr=0.000836 seconds=1.26 best_epoch=17
2026-09-15 10:53:54,321 INFO model=fbp-unet epoch=018/060 train_mse=0.0001609 val_mse=0.0002286 val_psnr_db=38.9919 lr=0.000817 seconds=1.24 best_epoch=17
2026-09-15 10:53:55,582 INFO model=fbp-unet epoch=019/060 train_mse=0.0001636 val_mse=0.0002232 val_psnr_db=39.1175 lr=0.000796 seconds=1.24 best_epoch=19
2026-09-15 10:53:56,843 INFO model=fbp-unet epoch=020/060 train_mse=0.0001585 val_mse=0.0002182 val_psnr_db=39.3579 lr=0.000775 seconds=1.24 best_epoch=20
2026-09-15 10:53:58,097 INFO model=fbp-unet epoch=021/060 train_mse=0.0001619 val_mse=0.0002231 val_psnr_db=39.1217 lr=0.000753 seconds=1.24 best_epoch=20
2026-09-15 10:53:59,359 INFO model=fbp-unet epoch=022/060 train_mse=0.0001569 val_mse=0.0002173 val_psnr_db=39.3782 lr=0.00073 seconds=1.24 best_epoch=22
2026-09-15 10:54:00,612 INFO model=fbp-unet epoch=023/060 train_mse=0.0001555 val_mse=0.0002394 val_psnr_db=38.4565 lr=0.000706 seconds=1.24 best_epoch=22
2026-09-15 10:54:01,873 INFO model=fbp-unet epoch=024/060 train_mse=0.0001584 val_mse=0.0002162 val_psnr_db=39.4046 lr=0.000682 seconds=1.24 best_epoch=24
2026-09-15 10:54:03,135 INFO model=fbp-unet epoch=025/060 train_mse=0.0001534 val_mse=0.0002181 val_psnr_db=39.3187 lr=0.000658 seconds=1.25 best_epoch=24
2026-09-15 10:54:04,398 INFO model=fbp-unet epoch=026/060 train_mse=0.0001533 val_mse=0.0002168 val_psnr_db=39.2544 lr=0.000633 seconds=1.25 best_epoch=24
2026-09-15 10:54:05,658 INFO model=fbp-unet epoch=027/060 train_mse=0.0001523 val_mse=0.0002135 val_psnr_db=39.4690 lr=0.000608 seconds=1.24 best_epoch=27
2026-09-15 10:54:06,917 INFO model=fbp-unet epoch=028/060 train_mse=0.0001493 val_mse=0.0002099 val_psnr_db=39.5549 lr=0.000582 seconds=1.24 best_epoch=28
2026-09-15 10:54:08,174 INFO model=fbp-unet epoch=029/060 train_mse=0.0001528 val_mse=0.0002125 val_psnr_db=39.5620 lr=0.000557 seconds=1.24 best_epoch=28
2026-09-15 10:54:09,437 INFO model=fbp-unet epoch=030/060 train_mse=0.0001472 val_mse=0.0002159 val_psnr_db=39.2561 lr=0.000531 seconds=1.25 best_epoch=28
2026-09-15 10:54:10,695 INFO model=fbp-unet epoch=031/060 train_mse=0.0001501 val_mse=0.0002107 val_psnr_db=39.5587 lr=0.000505 seconds=1.24 best_epoch=28
2026-09-15 10:54:11,951 INFO model=fbp-unet epoch=032/060 train_mse=0.0001496 val_mse=0.0002172 val_psnr_db=39.4118 lr=0.000479 seconds=1.24 best_epoch=28
2026-09-15 10:54:13,212 INFO model=fbp-unet epoch=033/060 train_mse=0.0001502 val_mse=0.0002098 val_psnr_db=39.5617 lr=0.000453 seconds=1.24 best_epoch=33
2026-09-15 10:54:14,479 INFO model=fbp-unet epoch=034/060 train_mse=0.0001467 val_mse=0.0002068 val_psnr_db=39.6439 lr=0.000428 seconds=1.25 best_epoch=34
2026-09-15 10:54:15,741 INFO model=fbp-unet epoch=035/060 train_mse=0.0001467 val_mse=0.0002081 val_psnr_db=39.6260 lr=0.000402 seconds=1.25 best_epoch=34
2026-09-15 10:54:16,998 INFO model=fbp-unet epoch=036/060 train_mse=0.0001455 val_mse=0.0002197 val_psnr_db=39.1446 lr=0.000377 seconds=1.24 best_epoch=34
2026-09-15 10:54:18,255 INFO model=fbp-unet epoch=037/060 train_mse=0.0001453 val_mse=0.0002094 val_psnr_db=39.4555 lr=0.000352 seconds=1.24 best_epoch=34
2026-09-15 10:54:19,518 INFO model=fbp-unet epoch=038/060 train_mse=0.0001449 val_mse=0.0002058 val_psnr_db=39.7973 lr=0.000328 seconds=1.24 best_epoch=38
2026-09-15 10:54:20,775 INFO model=fbp-unet epoch=039/060 train_mse=0.0001463 val_mse=0.0002071 val_psnr_db=39.5842 lr=0.000304 seconds=1.24 best_epoch=38
2026-09-15 10:54:22,033 INFO model=fbp-unet epoch=040/060 train_mse=0.0001433 val_mse=0.0002116 val_psnr_db=39.4210 lr=0.00028 seconds=1.24 best_epoch=38
2026-09-15 10:54:23,294 INFO model=fbp-unet epoch=041/060 train_mse=0.0001427 val_mse=0.0002041 val_psnr_db=39.7135 lr=0.000258 seconds=1.24 best_epoch=41
2026-09-15 10:54:24,556 INFO model=fbp-unet epoch=042/060 train_mse=0.0001425 val_mse=0.0002016 val_psnr_db=39.8649 lr=0.000235 seconds=1.24 best_epoch=42
2026-09-15 10:54:25,811 INFO model=fbp-unet epoch=043/060 train_mse=0.0001415 val_mse=0.0002017 val_psnr_db=39.8748 lr=0.000214 seconds=1.24 best_epoch=42
2026-09-15 10:54:27,075 INFO model=fbp-unet epoch=044/060 train_mse=0.0001414 val_mse=0.0002029 val_psnr_db=39.8185 lr=0.000193 seconds=1.25 best_epoch=42
2026-09-15 10:54:28,335 INFO model=fbp-unet epoch=045/060 train_mse=0.0001405 val_mse=0.0002075 val_psnr_db=39.5641 lr=0.000174 seconds=1.25 best_epoch=42
2026-09-15 10:54:29,589 INFO model=fbp-unet epoch=046/060 train_mse=0.0001425 val_mse=0.0002045 val_psnr_db=39.7706 lr=0.000155 seconds=1.24 best_epoch=42
2026-09-15 10:54:30,846 INFO model=fbp-unet epoch=047/060 train_mse=0.0001397 val_mse=0.0002021 val_psnr_db=39.8128 lr=0.000137 seconds=1.24 best_epoch=42
2026-09-15 10:54:32,104 INFO model=fbp-unet epoch=048/060 train_mse=0.0001392 val_mse=0.0002018 val_psnr_db=39.8469 lr=0.00012 seconds=1.24 best_epoch=42
2026-09-15 10:54:33,362 INFO model=fbp-unet epoch=049/060 train_mse=0.0001401 val_mse=0.0002008 val_psnr_db=39.8605 lr=0.000105 seconds=1.24 best_epoch=49
2026-09-15 10:54:34,607 INFO model=fbp-unet epoch=050/060 train_mse=0.0001390 val_mse=0.0002009 val_psnr_db=39.9025 lr=8.99e-05 seconds=1.23 best_epoch=49
2026-09-15 10:54:35,856 INFO model=fbp-unet epoch=051/060 train_mse=0.0001383 val_mse=0.0002004 val_psnr_db=39.8838 lr=7.63e-05 seconds=1.23 best_epoch=51
2026-09-15 10:54:37,105 INFO model=fbp-unet epoch=052/060 train_mse=0.0001390 val_mse=0.0001994 val_psnr_db=39.9247 lr=6.4e-05 seconds=1.23 best_epoch=52
2026-09-15 10:54:38,377 INFO model=fbp-unet epoch=053/060 train_mse=0.0001380 val_mse=0.0002013 val_psnr_db=39.8750 lr=5.28e-05 seconds=1.26 best_epoch=52
2026-09-15 10:54:39,629 INFO model=fbp-unet epoch=054/060 train_mse=0.0001383 val_mse=0.0001996 val_psnr_db=39.9475 lr=4.29e-05 seconds=1.24 best_epoch=52
2026-09-15 10:54:40,875 INFO model=fbp-unet epoch=055/060 train_mse=0.0001378 val_mse=0.0002000 val_psnr_db=39.9173 lr=3.42e-05 seconds=1.23 best_epoch=52
2026-09-15 10:54:42,127 INFO model=fbp-unet epoch=056/060 train_mse=0.0001380 val_mse=0.0001991 val_psnr_db=39.9661 lr=2.69e-05 seconds=1.23 best_epoch=56
2026-09-15 10:54:43,371 INFO model=fbp-unet epoch=057/060 train_mse=0.0001378 val_mse=0.0001993 val_psnr_db=39.9542 lr=2.08e-05 seconds=1.23 best_epoch=56
2026-09-15 10:54:44,617 INFO model=fbp-unet epoch=058/060 train_mse=0.0001375 val_mse=0.0001995 val_psnr_db=39.9468 lr=1.61e-05 seconds=1.23 best_epoch=56
2026-09-15 10:54:45,862 INFO model=fbp-unet epoch=059/060 train_mse=0.0001374 val_mse=0.0002000 val_psnr_db=39.9390 lr=1.27e-05 seconds=1.23 best_epoch=56
2026-09-15 10:54:47,107 INFO model=fbp-unet epoch=060/060 train_mse=0.0001375 val_mse=0.0001992 val_psnr_db=39.9671 lr=1.07e-05 seconds=1.23 best_epoch=56
2026-09-15 10:54:47,132 INFO model=fbp-unet training_complete seconds=75.99 best_epoch=56
2026-09-15 10:54:47,238 INFO model=lpd parameters=253220 epochs=60 device=cuda
2026-09-15 10:54:47,724 INFO model=lpd initial_gradient_norm=0.60800999
2026-09-15 10:54:47,750 INFO model=lpd first_dual_updates_gradient_norm=0.00067123057
2026-09-15 10:54:47,751 INFO model=lpd first_primal_updates_gradient_norm=0.18864129
2026-09-15 10:55:06,727 INFO model=lpd epoch=001/060 train_mse=0.0081714 val_mse=0.0044958 val_psnr_db=23.8311 lr=0.001 seconds=19.47 best_epoch=1
2026-09-15 10:55:26,144 INFO model=lpd epoch=002/060 train_mse=0.0039625 val_mse=0.0034318 val_psnr_db=25.4242 lr=0.000999 seconds=19.36 best_epoch=2
2026-09-15 10:55:45,567 INFO model=lpd epoch=003/060 train_mse=0.0029719 val_mse=0.0029778 val_psnr_db=26.0532 lr=0.000997 seconds=19.36 best_epoch=3
2026-09-15 10:56:04,966 INFO model=lpd epoch=004/060 train_mse=0.0023136 val_mse=0.0026654 val_psnr_db=26.5182 lr=0.000994 seconds=19.34 best_epoch=4
2026-09-15 10:56:24,367 INFO model=lpd epoch=005/060 train_mse=0.0029422 val_mse=0.0021081 val_psnr_db=27.5453 lr=0.000989 seconds=19.34 best_epoch=5
2026-09-15 10:56:43,768 INFO model=lpd epoch=006/060 train_mse=0.0019652 val_mse=0.0015667 val_psnr_db=28.8277 lr=0.000983 seconds=19.34 best_epoch=6
2026-09-15 10:57:03,168 INFO model=lpd epoch=007/060 train_mse=0.0011564 val_mse=0.0011364 val_psnr_db=30.2179 lr=0.000976 seconds=19.34 best_epoch=7
2026-09-15 10:57:22,579 INFO model=lpd epoch=008/060 train_mse=0.0008750 val_mse=0.0008871 val_psnr_db=31.4014 lr=0.000967 seconds=19.35 best_epoch=8
2026-09-15 10:57:41,960 INFO model=lpd epoch=009/060 train_mse=0.0010627 val_mse=0.0011430 val_psnr_db=30.0626 lr=0.000957 seconds=19.34 best_epoch=8
2026-09-15 10:58:01,357 INFO model=lpd epoch=010/060 train_mse=0.0008281 val_mse=0.0007685 val_psnr_db=32.2643 lr=0.000946 seconds=19.34 best_epoch=10
2026-09-15 10:58:20,742 INFO model=lpd epoch=011/060 train_mse=0.0008316 val_mse=0.0021520 val_psnr_db=27.0090 lr=0.000934 seconds=19.34 best_epoch=10
2026-09-15 10:58:40,125 INFO model=lpd epoch=012/060 train_mse=0.0069254 val_mse=0.0028205 val_psnr_db=26.0184 lr=0.00092 seconds=19.34 best_epoch=10
2026-09-15 10:58:59,514 INFO model=lpd epoch=013/060 train_mse=0.0017383 val_mse=0.0013026 val_psnr_db=29.6734 lr=0.000905 seconds=19.34 best_epoch=10
2026-09-15 10:59:18,918 INFO model=lpd epoch=014/060 train_mse=0.0008721 val_mse=0.0008260 val_psnr_db=31.9718 lr=0.00089 seconds=19.36 best_epoch=10
2026-09-15 10:59:38,331 INFO model=lpd epoch=015/060 train_mse=0.0006677 val_mse=0.0006850 val_psnr_db=33.1051 lr=0.000873 seconds=19.35 best_epoch=15
2026-09-15 10:59:57,728 INFO model=lpd epoch=016/060 train_mse=0.0005090 val_mse=0.0005988 val_psnr_db=33.7292 lr=0.000855 seconds=19.34 best_epoch=16
2026-09-15 11:00:17,137 INFO model=lpd epoch=017/060 train_mse=0.0004358 val_mse=0.0005155 val_psnr_db=34.6044 lr=0.000836 seconds=19.35 best_epoch=17
2026-09-15 11:00:36,532 INFO model=lpd epoch=018/060 train_mse=0.0003913 val_mse=0.0004859 val_psnr_db=34.9332 lr=0.000817 seconds=19.34 best_epoch=18
2026-09-15 11:00:55,935 INFO model=lpd epoch=019/060 train_mse=0.0003583 val_mse=0.0004474 val_psnr_db=35.5102 lr=0.000796 seconds=19.34 best_epoch=19
2026-09-15 11:01:15,332 INFO model=lpd epoch=020/060 train_mse=0.0003363 val_mse=0.0004314 val_psnr_db=35.7685 lr=0.000775 seconds=19.34 best_epoch=20
2026-09-15 11:01:34,741 INFO model=lpd epoch=021/060 train_mse=0.0003225 val_mse=0.0004188 val_psnr_db=35.9077 lr=0.000753 seconds=19.35 best_epoch=21
2026-09-15 11:01:54,120 INFO model=lpd epoch=022/060 train_mse=0.0003149 val_mse=0.0004277 val_psnr_db=35.6297 lr=0.00073 seconds=19.33 best_epoch=21
2026-09-15 11:02:13,517 INFO model=lpd epoch=023/060 train_mse=0.0003106 val_mse=0.0004119 val_psnr_db=35.9768 lr=0.000706 seconds=19.34 best_epoch=23
2026-09-15 11:02:32,917 INFO model=lpd epoch=024/060 train_mse=0.0002972 val_mse=0.0003962 val_psnr_db=36.3703 lr=0.000682 seconds=19.34 best_epoch=24
2026-09-15 11:02:52,309 INFO model=lpd epoch=025/060 train_mse=0.0002912 val_mse=0.0003904 val_psnr_db=36.4541 lr=0.000658 seconds=19.33 best_epoch=25
2026-09-15 11:03:11,708 INFO model=lpd epoch=026/060 train_mse=0.0002891 val_mse=0.0003932 val_psnr_db=36.3176 lr=0.000633 seconds=19.35 best_epoch=25
2026-09-15 11:03:31,106 INFO model=lpd epoch=027/060 train_mse=0.0002833 val_mse=0.0003824 val_psnr_db=36.5856 lr=0.000608 seconds=19.34 best_epoch=27
2026-09-15 11:03:50,497 INFO model=lpd epoch=028/060 train_mse=0.0002800 val_mse=0.0003830 val_psnr_db=36.4838 lr=0.000582 seconds=19.35 best_epoch=27
2026-09-15 11:04:09,903 INFO model=lpd epoch=029/060 train_mse=0.0002735 val_mse=0.0003719 val_psnr_db=36.7708 lr=0.000557 seconds=19.35 best_epoch=29
2026-09-15 11:04:29,309 INFO model=lpd epoch=030/060 train_mse=0.0002707 val_mse=0.0003685 val_psnr_db=36.7984 lr=0.000531 seconds=19.35 best_epoch=30
2026-09-15 11:04:48,704 INFO model=lpd epoch=031/060 train_mse=0.0002700 val_mse=0.0003731 val_psnr_db=36.6158 lr=0.000505 seconds=19.35 best_epoch=30
2026-09-15 11:05:08,105 INFO model=lpd epoch=032/060 train_mse=0.0002690 val_mse=0.0003638 val_psnr_db=36.9761 lr=0.000479 seconds=19.34 best_epoch=32
2026-09-15 11:05:27,502 INFO model=lpd epoch=033/060 train_mse=0.0002643 val_mse=0.0003580 val_psnr_db=37.0259 lr=0.000453 seconds=19.34 best_epoch=33
2026-09-15 11:05:46,905 INFO model=lpd epoch=034/060 train_mse=0.0002621 val_mse=0.0003595 val_psnr_db=36.9991 lr=0.000428 seconds=19.36 best_epoch=33
2026-09-15 11:06:06,330 INFO model=lpd epoch=035/060 train_mse=0.0002583 val_mse=0.0003528 val_psnr_db=37.1624 lr=0.000402 seconds=19.36 best_epoch=35
2026-09-15 11:06:25,722 INFO model=lpd epoch=036/060 train_mse=0.0002546 val_mse=0.0003535 val_psnr_db=37.1547 lr=0.000377 seconds=19.35 best_epoch=35
2026-09-15 11:06:45,116 INFO model=lpd epoch=037/060 train_mse=0.0002543 val_mse=0.0003539 val_psnr_db=37.0571 lr=0.000352 seconds=19.35 best_epoch=35
2026-09-15 11:07:04,514 INFO model=lpd epoch=038/060 train_mse=0.0002528 val_mse=0.0003483 val_psnr_db=37.2633 lr=0.000328 seconds=19.34 best_epoch=38
2026-09-15 11:07:23,919 INFO model=lpd epoch=039/060 train_mse=0.0002501 val_mse=0.0003481 val_psnr_db=37.1846 lr=0.000304 seconds=19.35 best_epoch=39
2026-09-15 11:07:43,328 INFO model=lpd epoch=040/060 train_mse=0.0002482 val_mse=0.0003446 val_psnr_db=37.3195 lr=0.00028 seconds=19.35 best_epoch=40
2026-09-15 11:08:02,709 INFO model=lpd epoch=041/060 train_mse=0.0002476 val_mse=0.0003458 val_psnr_db=37.2886 lr=0.000258 seconds=19.33 best_epoch=40
2026-09-15 11:08:22,123 INFO model=lpd epoch=042/060 train_mse=0.0002472 val_mse=0.0003422 val_psnr_db=37.3714 lr=0.000235 seconds=19.36 best_epoch=42
2026-09-15 11:08:41,515 INFO model=lpd epoch=043/060 train_mse=0.0002442 val_mse=0.0003412 val_psnr_db=37.3801 lr=0.000214 seconds=19.33 best_epoch=43
2026-09-15 11:09:00,906 INFO model=lpd epoch=044/060 train_mse=0.0002437 val_mse=0.0003412 val_psnr_db=37.3919 lr=0.000193 seconds=19.35 best_epoch=43
2026-09-15 11:09:20,308 INFO model=lpd epoch=045/060 train_mse=0.0002432 val_mse=0.0003395 val_psnr_db=37.3784 lr=0.000174 seconds=19.34 best_epoch=45
2026-09-15 11:09:39,719 INFO model=lpd epoch=046/060 train_mse=0.0002421 val_mse=0.0003382 val_psnr_db=37.4386 lr=0.000155 seconds=19.35 best_epoch=46
2026-09-15 11:09:59,116 INFO model=lpd epoch=047/060 train_mse=0.0002418 val_mse=0.0003369 val_psnr_db=37.4684 lr=0.000137 seconds=19.34 best_epoch=47
2026-09-15 11:10:18,524 INFO model=lpd epoch=048/060 train_mse=0.0002406 val_mse=0.0003367 val_psnr_db=37.4556 lr=0.00012 seconds=19.35 best_epoch=48
2026-09-15 11:10:37,927 INFO model=lpd epoch=049/060 train_mse=0.0002396 val_mse=0.0003354 val_psnr_db=37.5125 lr=0.000105 seconds=19.34 best_epoch=49
2026-09-15 11:10:57,333 INFO model=lpd epoch=050/060 train_mse=0.0002390 val_mse=0.0003348 val_psnr_db=37.5187 lr=8.99e-05 seconds=19.35 best_epoch=50
2026-09-15 11:11:16,741 INFO model=lpd epoch=051/060 train_mse=0.0002386 val_mse=0.0003341 val_psnr_db=37.5315 lr=7.63e-05 seconds=19.35 best_epoch=51
2026-09-15 11:11:36,137 INFO model=lpd epoch=052/060 train_mse=0.0002382 val_mse=0.0003343 val_psnr_db=37.5031 lr=6.4e-05 seconds=19.35 best_epoch=51
2026-09-15 11:11:55,533 INFO model=lpd epoch=053/060 train_mse=0.0002380 val_mse=0.0003339 val_psnr_db=37.5291 lr=5.28e-05 seconds=19.34 best_epoch=53
2026-09-15 11:12:14,937 INFO model=lpd epoch=054/060 train_mse=0.0002375 val_mse=0.0003330 val_psnr_db=37.5516 lr=4.29e-05 seconds=19.35 best_epoch=54
2026-09-15 11:12:34,346 INFO model=lpd epoch=055/060 train_mse=0.0002375 val_mse=0.0003328 val_psnr_db=37.5561 lr=3.42e-05 seconds=19.35 best_epoch=55
2026-09-15 11:12:53,747 INFO model=lpd epoch=056/060 train_mse=0.0002371 val_mse=0.0003333 val_psnr_db=37.5368 lr=2.69e-05 seconds=19.36 best_epoch=55
2026-09-15 11:13:13,141 INFO model=lpd epoch=057/060 train_mse=0.0002370 val_mse=0.0003325 val_psnr_db=37.5681 lr=2.08e-05 seconds=19.34 best_epoch=57
2026-09-15 11:13:32,549 INFO model=lpd epoch=058/060 train_mse=0.0002368 val_mse=0.0003325 val_psnr_db=37.5703 lr=1.61e-05 seconds=19.35 best_epoch=58
2026-09-15 11:13:51,960 INFO model=lpd epoch=059/060 train_mse=0.0002367 val_mse=0.0003322 val_psnr_db=37.5736 lr=1.27e-05 seconds=19.35 best_epoch=59
2026-09-15 11:14:11,345 INFO model=lpd epoch=060/060 train_mse=0.0002366 val_mse=0.0003323 val_psnr_db=37.5710 lr=1.07e-05 seconds=19.34 best_epoch=59
2026-09-15 11:14:11,430 INFO model=lpd training_complete seconds=1164.19 best_epoch=59
2026-09-15 11:14:14,132 INFO classical sart_subsets=90 sirt_iterations=300 sart_sweeps=20 red_iterations=100
2026-09-15 11:15:06,011 INFO classical method=sirt setting=default best_val_iterations=91 val_psnr_db=20.0511
2026-09-15 11:15:21,440 INFO classical method=sirt selected iterations=91 setting=default val_psnr_db=20.0511
2026-09-15 11:15:48,627 INFO classical method=sart setting=1 best_val_subset updates=90 val_psnr_db=19.6694
2026-09-15 11:16:16,651 INFO classical method=sart setting=0.3 best_val_subset updates=272 val_psnr_db=20.1498
2026-09-15 11:16:43,817 INFO classical method=sart setting=0.1 best_val_subset updates=890 val_psnr_db=20.0904
2026-09-15 11:17:11,166 INFO classical method=sart setting=0.03 best_val_subset updates=1800 val_psnr_db=19.7770
2026-09-15 11:17:14,141 INFO classical method=sart selected subset updates=272 setting=0.3 val_psnr_db=20.1498
2026-09-15 11:17:38,568 INFO classical method=red setting=0.1 best_val_iterations=32 val_psnr_db=24.1708
2026-09-15 11:18:02,961 INFO classical method=red setting=0.3 best_val_iterations=11 val_psnr_db=23.6117
2026-09-15 11:18:27,337 INFO classical method=red setting=1 best_val_iterations=3 val_psnr_db=21.1078
2026-09-15 11:18:51,712 INFO classical method=red setting=3 best_val_iterations=2 val_psnr_db=21.3595
2026-09-15 11:19:16,096 INFO classical method=red setting=10 best_val_iterations=1 val_psnr_db=23.9436
2026-09-15 11:19:23,807 INFO classical method=red selected iterations=32 setting=0.1 val_psnr_db=24.1708
2026-09-15 11:19:24,036 INFO TEST method=fbp mean_psnr_db=24.7857 roi_psnr_db=23.7181 window_psnr_db=12.5885 std_psnr_db=0.5393 mse=0.0033509
2026-09-15 11:19:24,225 INFO TEST method=sirt mean_psnr_db=35.1716 roi_psnr_db=34.1040 window_psnr_db=19.9834 std_psnr_db=2.1991 mse=0.0003629
2026-09-15 11:19:24,414 INFO TEST method=sart mean_psnr_db=35.4001 roi_psnr_db=34.3325 window_psnr_db=20.0831 std_psnr_db=2.2532 mse=0.0003481
2026-09-15 11:19:24,601 INFO TEST method=fbp-unet mean_psnr_db=41.0686 roi_psnr_db=40.0010 window_psnr_db=25.4574 std_psnr_db=3.7033 mse=0.0001427
2026-09-15 11:19:24,791 INFO TEST method=red mean_psnr_db=39.3654 roi_psnr_db=38.2978 window_psnr_db=24.1407 std_psnr_db=3.1977 mse=0.0001791
2026-09-15 11:19:24,980 INFO TEST method=lpd mean_psnr_db=38.5592 roi_psnr_db=37.4916 window_psnr_db=23.4027 std_psnr_db=3.2308 mse=0.0002156
2026-09-15 11:19:36,496 INFO complete outputs=/content/torchtomo/examples/ellipses/results-ctw
2026-09-15 11:20:32,059 INFO run device=cuda torch=2.11.0+cu128 image_size=512 angles=90 seed=2026
2026-09-15 11:21:06,444 INFO run device=cuda torch=2.11.0+cu128 image_size=512 angles=90 seed=2026
2026-09-15 11:21:11,159 INFO classical sart_subsets=90 sirt_iterations=300 sart_sweeps=20 red_iterations=100
2026-09-15 11:22:02,849 INFO classical method=sirt setting=default best_val_iterations=91 val_psnr_db=20.0511
2026-09-15 11:22:18,228 INFO classical method=sirt selected iterations=91 setting=default val_psnr_db=20.0511
2026-09-15 11:22:46,280 INFO classical method=sart setting=1 best_val_subset updates=90 val_psnr_db=19.6694
2026-09-15 11:23:14,256 INFO classical method=sart setting=0.3 best_val_subset updates=272 val_psnr_db=20.1498
2026-09-15 11:23:41,820 INFO classical method=sart setting=0.1 best_val_subset updates=890 val_psnr_db=20.0904
2026-09-15 11:24:09,486 INFO classical method=sart setting=0.03 best_val_subset updates=1800 val_psnr_db=19.7770
2026-09-15 11:24:12,635 INFO classical method=sart selected subset updates=272 setting=0.3 val_psnr_db=20.1498
2026-09-15 11:24:36,994 INFO classical method=red setting=0.1 best_val_iterations=32 val_psnr_db=24.1708
2026-09-15 11:25:01,316 INFO classical method=red setting=0.3 best_val_iterations=11 val_psnr_db=23.6117
2026-09-15 11:25:25,635 INFO classical method=red setting=1 best_val_iterations=3 val_psnr_db=21.1078
2026-09-15 11:25:49,960 INFO classical method=red setting=3 best_val_iterations=2 val_psnr_db=21.3595
2026-09-15 11:26:14,286 INFO classical method=red setting=10 best_val_iterations=1 val_psnr_db=23.9436
2026-09-15 11:26:21,986 INFO classical method=red selected iterations=32 setting=0.1 val_psnr_db=24.1708
2026-09-15 11:26:22,191 INFO TEST method=fbp mean_psnr_db=24.7857 roi_psnr_db=23.7181 window_psnr_db=12.5885 std_psnr_db=0.5393 mse=0.0033509
2026-09-15 11:26:22,380 INFO TEST method=sirt mean_psnr_db=35.1716 roi_psnr_db=34.1040 window_psnr_db=19.9834 std_psnr_db=2.1991 mse=0.0003629
2026-09-15 11:26:22,569 INFO TEST method=sart mean_psnr_db=35.4001 roi_psnr_db=34.3325 window_psnr_db=20.0831 std_psnr_db=2.2532 mse=0.0003481
2026-09-15 11:26:22,758 INFO TEST method=fbp-unet mean_psnr_db=41.0686 roi_psnr_db=40.0010 window_psnr_db=25.4574 std_psnr_db=3.7033 mse=0.0001427
2026-09-15 11:26:22,949 INFO TEST method=red mean_psnr_db=39.3654 roi_psnr_db=38.2978 window_psnr_db=24.1407 std_psnr_db=3.1977 mse=0.0001791
2026-09-15 11:26:23,138 INFO TEST method=lpd mean_psnr_db=38.5592 roi_psnr_db=37.4916 window_psnr_db=23.4027 std_psnr_db=3.2308 mse=0.0002156
2026-09-15 11:26:29,570 INFO complete outputs=/content/torchtomo/examples/ellipses/results-ctw
2026-09-15 23:23:24,657 INFO run device=cuda torch=2.4.0+cu121 image_size=512 angles=90 seed=2026
2026-09-15 23:23:25,847 INFO loaded real CT slices scale=1.000000 from examples/ellipses/ct-subset
2026-09-15 23:24:00,902 INFO clean train FBP psnr_db=33.5650 roi_psnr_db=32.4974 window_psnr_db=19.8196
2026-09-15 23:24:00,902 INFO photons fixed at 100000.000; calibration skipped
2026-09-15 23:24:15,107 INFO dataset /home/ozan/torchtomo/examples/ellipses/ct-subset size=300 split=200/50/50 photons=100000.000 zero_count_fraction=0.00000000
2026-09-15 23:24:15,747 INFO baseline split=train fbp_psnr_db=24.7290 fbp_window_psnr_db=13.9796
2026-09-15 23:24:15,815 INFO baseline split=val fbp_psnr_db=24.5374 fbp_window_psnr_db=13.9728
2026-09-15 23:24:19,105 INFO operator_norm=0.77848232
2026-09-15 23:24:19,707 INFO model=fbp-unet parameters=118305 epochs=60 lr=0.001 device=cuda supervised=True selected_on=image MSE against the clean image
2026-09-15 23:24:19,927 INFO model=fbp-unet initial_gradient_norm=0.020741213
2026-09-15 23:24:22,868 INFO model=fbp-unet epoch=001/060 train_mse=0.0030697 val_mse=0.0020015 val_psnr_db=27.1009 lr=0.001 seconds=3.16 best_epoch=1
2026-09-15 23:24:25,845 INFO model=fbp-unet epoch=002/060 train_mse=0.0007725 val_mse=0.0005393 val_psnr_db=33.6452 lr=0.000999 seconds=2.96 best_epoch=2
2026-09-15 23:24:28,815 INFO model=fbp-unet epoch=003/060 train_mse=0.0004008 val_mse=0.0004182 val_psnr_db=35.1367 lr=0.000997 seconds=2.96 best_epoch=3
2026-09-15 23:24:31,782 INFO model=fbp-unet epoch=004/060 train_mse=0.0003145 val_mse=0.0003766 val_psnr_db=35.7603 lr=0.000994 seconds=2.95 best_epoch=4
2026-09-15 23:24:34,751 INFO model=fbp-unet epoch=005/060 train_mse=0.0002680 val_mse=0.0003363 val_psnr_db=36.5675 lr=0.000989 seconds=2.96 best_epoch=5
2026-09-15 23:24:37,719 INFO model=fbp-unet epoch=006/060 train_mse=0.0002510 val_mse=0.0003114 val_psnr_db=37.1025 lr=0.000983 seconds=2.95 best_epoch=6
2026-09-15 23:24:40,690 INFO model=fbp-unet epoch=007/060 train_mse=0.0002261 val_mse=0.0002948 val_psnr_db=37.3689 lr=0.000976 seconds=2.96 best_epoch=7
2026-09-15 23:24:43,671 INFO model=fbp-unet epoch=008/060 train_mse=0.0002084 val_mse=0.0002675 val_psnr_db=38.0397 lr=0.000967 seconds=2.97 best_epoch=8
2026-09-15 23:24:46,655 INFO model=fbp-unet epoch=009/060 train_mse=0.0001944 val_mse=0.0002757 val_psnr_db=37.7660 lr=0.000957 seconds=2.97 best_epoch=8
2026-09-15 23:24:49,638 INFO model=fbp-unet epoch=010/060 train_mse=0.0001916 val_mse=0.0002540 val_psnr_db=38.2747 lr=0.000946 seconds=2.97 best_epoch=10
2026-09-15 23:24:52,627 INFO model=fbp-unet epoch=011/060 train_mse=0.0001809 val_mse=0.0002409 val_psnr_db=38.7341 lr=0.000934 seconds=2.98 best_epoch=11
2026-09-15 23:24:55,625 INFO model=fbp-unet epoch=012/060 train_mse=0.0001767 val_mse=0.0002582 val_psnr_db=38.1136 lr=0.00092 seconds=2.99 best_epoch=11
2026-09-15 23:24:58,608 INFO model=fbp-unet epoch=013/060 train_mse=0.0001750 val_mse=0.0002351 val_psnr_db=38.8703 lr=0.000905 seconds=2.97 best_epoch=13
2026-09-15 23:25:01,602 INFO model=fbp-unet epoch=014/060 train_mse=0.0001730 val_mse=0.0002314 val_psnr_db=38.8734 lr=0.00089 seconds=2.98 best_epoch=14
2026-09-15 23:25:04,580 INFO model=fbp-unet epoch=015/060 train_mse=0.0001706 val_mse=0.0002481 val_psnr_db=38.5771 lr=0.000873 seconds=2.97 best_epoch=14
2026-09-15 23:25:07,566 INFO model=fbp-unet epoch=016/060 train_mse=0.0001678 val_mse=0.0002291 val_psnr_db=38.9958 lr=0.000855 seconds=2.97 best_epoch=16
2026-09-15 23:25:10,554 INFO model=fbp-unet epoch=017/060 train_mse=0.0001627 val_mse=0.0002241 val_psnr_db=39.2306 lr=0.000836 seconds=2.97 best_epoch=17
2026-09-15 23:25:13,537 INFO model=fbp-unet epoch=018/060 train_mse=0.0001601 val_mse=0.0002263 val_psnr_db=39.0654 lr=0.000817 seconds=2.97 best_epoch=17
2026-09-15 23:25:16,526 INFO model=fbp-unet epoch=019/060 train_mse=0.0001624 val_mse=0.0002223 val_psnr_db=39.1476 lr=0.000796 seconds=2.97 best_epoch=19
2026-09-15 23:25:19,514 INFO model=fbp-unet epoch=020/060 train_mse=0.0001582 val_mse=0.0002183 val_psnr_db=39.3447 lr=0.000775 seconds=2.97 best_epoch=20
2026-09-15 23:25:22,510 INFO model=fbp-unet epoch=021/060 train_mse=0.0001609 val_mse=0.0002220 val_psnr_db=39.1924 lr=0.000753 seconds=2.99 best_epoch=20
2026-09-15 23:25:25,512 INFO model=fbp-unet epoch=022/060 train_mse=0.0001563 val_mse=0.0002179 val_psnr_db=39.3491 lr=0.00073 seconds=2.99 best_epoch=22
2026-09-15 23:25:28,509 INFO model=fbp-unet epoch=023/060 train_mse=0.0001551 val_mse=0.0002400 val_psnr_db=38.4306 lr=0.000706 seconds=2.99 best_epoch=22
2026-09-15 23:25:31,516 INFO model=fbp-unet epoch=024/060 train_mse=0.0001582 val_mse=0.0002168 val_psnr_db=39.3868 lr=0.000682 seconds=2.99 best_epoch=24
2026-09-15 23:25:34,516 INFO model=fbp-unet epoch=025/060 train_mse=0.0001532 val_mse=0.0002186 val_psnr_db=39.3011 lr=0.000658 seconds=2.99 best_epoch=24
2026-09-15 23:25:37,515 INFO model=fbp-unet epoch=026/060 train_mse=0.0001527 val_mse=0.0002155 val_psnr_db=39.2992 lr=0.000633 seconds=2.98 best_epoch=26
2026-09-15 23:25:40,512 INFO model=fbp-unet epoch=027/060 train_mse=0.0001521 val_mse=0.0002153 val_psnr_db=39.3953 lr=0.000608 seconds=2.98 best_epoch=27
2026-09-15 23:25:43,512 INFO model=fbp-unet epoch=028/060 train_mse=0.0001492 val_mse=0.0002110 val_psnr_db=39.5233 lr=0.000582 seconds=2.99 best_epoch=28
2026-09-15 23:25:46,510 INFO model=fbp-unet epoch=029/060 train_mse=0.0001521 val_mse=0.0002126 val_psnr_db=39.5420 lr=0.000557 seconds=2.99 best_epoch=28
2026-09-15 23:25:49,518 INFO model=fbp-unet epoch=030/060 train_mse=0.0001472 val_mse=0.0002158 val_psnr_db=39.2759 lr=0.000531 seconds=3.00 best_epoch=28
2026-09-15 23:25:52,508 INFO model=fbp-unet epoch=031/060 train_mse=0.0001504 val_mse=0.0002116 val_psnr_db=39.5391 lr=0.000505 seconds=2.98 best_epoch=28
2026-09-15 23:25:55,508 INFO model=fbp-unet epoch=032/060 train_mse=0.0001511 val_mse=0.0002156 val_psnr_db=39.4851 lr=0.000479 seconds=2.99 best_epoch=28
2026-09-15 23:25:58,549 INFO model=fbp-unet epoch=033/060 train_mse=0.0001499 val_mse=0.0002095 val_psnr_db=39.5428 lr=0.000453 seconds=3.03 best_epoch=33
2026-09-15 23:26:01,552 INFO model=fbp-unet epoch=034/060 train_mse=0.0001463 val_mse=0.0002085 val_psnr_db=39.5909 lr=0.000428 seconds=2.99 best_epoch=34
2026-09-15 23:26:04,549 INFO model=fbp-unet epoch=035/060 train_mse=0.0001467 val_mse=0.0002089 val_psnr_db=39.6084 lr=0.000402 seconds=2.99 best_epoch=34
2026-09-15 23:26:07,551 INFO model=fbp-unet epoch=036/060 train_mse=0.0001455 val_mse=0.0002196 val_psnr_db=39.1549 lr=0.000377 seconds=2.99 best_epoch=34
2026-09-15 23:26:10,538 INFO model=fbp-unet epoch=037/060 train_mse=0.0001456 val_mse=0.0002091 val_psnr_db=39.4753 lr=0.000352 seconds=2.98 best_epoch=34
2026-09-15 23:26:13,543 INFO model=fbp-unet epoch=038/060 train_mse=0.0001449 val_mse=0.0002065 val_psnr_db=39.7777 lr=0.000328 seconds=2.99 best_epoch=38
2026-09-15 23:26:16,540 INFO model=fbp-unet epoch=039/060 train_mse=0.0001464 val_mse=0.0002068 val_psnr_db=39.6017 lr=0.000304 seconds=2.99 best_epoch=38
2026-09-15 23:26:19,545 INFO model=fbp-unet epoch=040/060 train_mse=0.0001435 val_mse=0.0002113 val_psnr_db=39.4348 lr=0.00028 seconds=2.99 best_epoch=38
2026-09-15 23:26:22,556 INFO model=fbp-unet epoch=041/060 train_mse=0.0001432 val_mse=0.0002044 val_psnr_db=39.7158 lr=0.000258 seconds=3.00 best_epoch=41
2026-09-15 23:26:25,568 INFO model=fbp-unet epoch=042/060 train_mse=0.0001426 val_mse=0.0002025 val_psnr_db=39.8390 lr=0.000235 seconds=3.00 best_epoch=42
2026-09-15 23:26:28,569 INFO model=fbp-unet epoch=043/060 train_mse=0.0001418 val_mse=0.0002028 val_psnr_db=39.8426 lr=0.000214 seconds=2.99 best_epoch=42
2026-09-15 23:26:31,568 INFO model=fbp-unet epoch=044/060 train_mse=0.0001419 val_mse=0.0002040 val_psnr_db=39.7832 lr=0.000193 seconds=2.99 best_epoch=42
2026-09-15 23:26:34,569 INFO model=fbp-unet epoch=045/060 train_mse=0.0001408 val_mse=0.0002084 val_psnr_db=39.5283 lr=0.000174 seconds=2.99 best_epoch=42
2026-09-15 23:26:37,572 INFO model=fbp-unet epoch=046/060 train_mse=0.0001428 val_mse=0.0002054 val_psnr_db=39.7573 lr=0.000155 seconds=2.99 best_epoch=42
2026-09-15 23:26:40,580 INFO model=fbp-unet epoch=047/060 train_mse=0.0001402 val_mse=0.0002033 val_psnr_db=39.7675 lr=0.000137 seconds=2.99 best_epoch=42
2026-09-15 23:26:43,584 INFO model=fbp-unet epoch=048/060 train_mse=0.0001396 val_mse=0.0002025 val_psnr_db=39.8330 lr=0.00012 seconds=2.99 best_epoch=42
2026-09-15 23:26:46,600 INFO model=fbp-unet epoch=049/060 train_mse=0.0001403 val_mse=0.0002015 val_psnr_db=39.8466 lr=0.000105 seconds=3.00 best_epoch=49
2026-09-15 23:26:49,604 INFO model=fbp-unet epoch=050/060 train_mse=0.0001394 val_mse=0.0002019 val_psnr_db=39.8796 lr=8.99e-05 seconds=2.99 best_epoch=49
2026-09-15 23:26:52,610 INFO model=fbp-unet epoch=051/060 train_mse=0.0001387 val_mse=0.0002018 val_psnr_db=39.8323 lr=7.63e-05 seconds=3.00 best_epoch=49
2026-09-15 23:26:55,615 INFO model=fbp-unet epoch=052/060 train_mse=0.0001393 val_mse=0.0002004 val_psnr_db=39.9057 lr=6.4e-05 seconds=2.99 best_epoch=52
2026-09-15 23:26:58,617 INFO model=fbp-unet epoch=053/060 train_mse=0.0001384 val_mse=0.0002022 val_psnr_db=39.8530 lr=5.28e-05 seconds=2.99 best_epoch=52
2026-09-15 23:27:01,617 INFO model=fbp-unet epoch=054/060 train_mse=0.0001386 val_mse=0.0002005 val_psnr_db=39.9254 lr=4.29e-05 seconds=2.99 best_epoch=52
2026-09-15 23:27:04,645 INFO model=fbp-unet epoch=055/060 train_mse=0.0001382 val_mse=0.0002007 val_psnr_db=39.8996 lr=3.42e-05 seconds=3.02 best_epoch=52
2026-09-15 23:27:07,697 INFO model=fbp-unet epoch=056/060 train_mse=0.0001383 val_mse=0.0002001 val_psnr_db=39.9477 lr=2.69e-05 seconds=3.04 best_epoch=56
2026-09-15 23:27:10,701 INFO model=fbp-unet epoch=057/060 train_mse=0.0001381 val_mse=0.0002004 val_psnr_db=39.9231 lr=2.08e-05 seconds=2.99 best_epoch=56
2026-09-15 23:27:13,705 INFO model=fbp-unet epoch=058/060 train_mse=0.0001378 val_mse=0.0002005 val_psnr_db=39.9199 lr=1.61e-05 seconds=2.99 best_epoch=56
2026-09-15 23:27:16,711 INFO model=fbp-unet epoch=059/060 train_mse=0.0001377 val_mse=0.0002009 val_psnr_db=39.9204 lr=1.27e-05 seconds=3.00 best_epoch=56
2026-09-15 23:27:19,721 INFO model=fbp-unet epoch=060/060 train_mse=0.0001378 val_mse=0.0002002 val_psnr_db=39.9436 lr=1.07e-05 seconds=3.00 best_epoch=56
2026-09-15 23:27:19,739 INFO model=fbp-unet training_complete seconds=180.03 best_epoch=56
2026-09-15 23:27:19,743 INFO model=lpd parameters=253220 epochs=60 lr=0.001 device=cuda supervised=True selected_on=image MSE against the clean image
2026-09-15 23:27:20,640 INFO model=lpd initial_gradient_norm=0.6080063
2026-09-15 23:27:20,650 INFO model=lpd first_dual_updates_gradient_norm=0.00067095612
2026-09-15 23:27:20,650 INFO model=lpd first_primal_updates_gradient_norm=0.1886378
2026-09-15 23:28:03,541 INFO model=lpd epoch=001/060 train_mse=0.0081712 val_mse=0.0044972 val_psnr_db=23.8299 lr=0.001 seconds=43.79 best_epoch=1
2026-09-15 23:28:47,367 INFO model=lpd epoch=002/060 train_mse=0.0039626 val_mse=0.0034288 val_psnr_db=25.4302 lr=0.000999 seconds=43.79 best_epoch=2
2026-09-15 23:29:31,220 INFO model=lpd epoch=003/060 train_mse=0.0029421 val_mse=0.0041600 val_psnr_db=24.4700 lr=0.000997 seconds=43.82 best_epoch=2
2026-09-15 23:30:15,061 INFO model=lpd epoch=004/060 train_mse=0.0030065 val_mse=0.0031178 val_psnr_db=25.6658 lr=0.000994 seconds=43.80 best_epoch=4
2026-09-15 23:30:58,934 INFO model=lpd epoch=005/060 train_mse=0.0023660 val_mse=0.0019864 val_psnr_db=27.5021 lr=0.000989 seconds=43.83 best_epoch=5
2026-09-15 23:31:44,571 INFO model=lpd epoch=006/060 train_mse=0.0019781 val_mse=0.0014379 val_psnr_db=29.1013 lr=0.000983 seconds=45.60 best_epoch=6
2026-09-15 23:32:28,564 INFO model=lpd epoch=007/060 train_mse=0.0013996 val_mse=0.0014149 val_psnr_db=29.1346 lr=0.000976 seconds=43.95 best_epoch=7
2026-09-15 23:33:12,655 INFO model=lpd epoch=008/060 train_mse=0.0010771 val_mse=0.0010936 val_psnr_db=30.2656 lr=0.000967 seconds=44.05 best_epoch=8
2026-09-15 23:33:56,591 INFO model=lpd epoch=009/060 train_mse=0.0008305 val_mse=0.0008949 val_psnr_db=31.4886 lr=0.000957 seconds=43.90 best_epoch=9
2026-09-15 23:34:40,528 INFO model=lpd epoch=010/060 train_mse=0.0023136 val_mse=0.0028935 val_psnr_db=26.0633 lr=0.000946 seconds=43.91 best_epoch=9
2026-09-15 23:35:24,453 INFO model=lpd epoch=011/060 train_mse=0.0019166 val_mse=0.0013065 val_psnr_db=29.6108 lr=0.000934 seconds=43.89 best_epoch=9
2026-09-15 23:36:08,388 INFO model=lpd epoch=012/060 train_mse=0.0010512 val_mse=0.0011463 val_psnr_db=30.2613 lr=0.00092 seconds=43.90 best_epoch=9
2026-09-15 23:36:52,329 INFO model=lpd epoch=013/060 train_mse=0.0008775 val_mse=0.0009034 val_psnr_db=31.4211 lr=0.000905 seconds=43.91 best_epoch=9
2026-09-15 23:37:36,274 INFO model=lpd epoch=014/060 train_mse=0.0007233 val_mse=0.0007825 val_psnr_db=32.1695 lr=0.00089 seconds=43.90 best_epoch=14
2026-09-15 23:38:20,438 INFO model=lpd epoch=015/060 train_mse=0.0005959 val_mse=0.0006561 val_psnr_db=33.1324 lr=0.000873 seconds=44.12 best_epoch=15
2026-09-15 23:39:04,356 INFO model=lpd epoch=016/060 train_mse=0.0005283 val_mse=0.0005707 val_psnr_db=33.9841 lr=0.000855 seconds=43.88 best_epoch=16
2026-09-15 23:39:52,126 INFO model=lpd epoch=017/060 train_mse=0.0021403 val_mse=0.0142542 val_psnr_db=18.5032 lr=0.000836 seconds=47.74 best_epoch=16
2026-09-15 23:40:36,026 INFO model=lpd epoch=018/060 train_mse=0.0030293 val_mse=0.0018176 val_psnr_db=28.4099 lr=0.000817 seconds=43.87 best_epoch=16
2026-09-15 23:41:19,910 INFO model=lpd epoch=019/060 train_mse=0.0014488 val_mse=0.0011853 val_psnr_db=30.0585 lr=0.000796 seconds=43.85 best_epoch=16
2026-09-15 23:42:03,860 INFO model=lpd epoch=020/060 train_mse=0.0010005 val_mse=0.0011797 val_psnr_db=30.3240 lr=0.000775 seconds=43.92 best_epoch=16
2026-09-15 23:42:50,003 INFO model=lpd epoch=021/060 train_mse=0.0007906 val_mse=0.0007624 val_psnr_db=32.4933 lr=0.000753 seconds=46.11 best_epoch=16
2026-09-15 23:43:38,768 INFO model=lpd epoch=022/060 train_mse=0.0006059 val_mse=0.0006697 val_psnr_db=33.1626 lr=0.00073 seconds=48.73 best_epoch=16
2026-09-15 23:44:22,639 INFO model=lpd epoch=023/060 train_mse=0.0005241 val_mse=0.0006215 val_psnr_db=33.4334 lr=0.000706 seconds=43.84 best_epoch=16
2026-09-15 23:45:06,531 INFO model=lpd epoch=024/060 train_mse=0.0004813 val_mse=0.0006148 val_psnr_db=33.5482 lr=0.000682 seconds=43.86 best_epoch=16
2026-09-15 23:45:50,407 INFO model=lpd epoch=025/060 train_mse=0.0004680 val_mse=0.0005664 val_psnr_db=33.8975 lr=0.000658 seconds=43.84 best_epoch=25
2026-09-15 23:46:34,273 INFO model=lpd epoch=026/060 train_mse=0.0005169 val_mse=0.0006010 val_psnr_db=33.6061 lr=0.000633 seconds=43.83 best_epoch=25
2026-09-15 23:47:18,176 INFO model=lpd epoch=027/060 train_mse=0.0004449 val_mse=0.0005308 val_psnr_db=34.3711 lr=0.000608 seconds=43.86 best_epoch=27
2026-09-15 23:48:02,063 INFO model=lpd epoch=028/060 train_mse=0.0004164 val_mse=0.0005129 val_psnr_db=34.4287 lr=0.000582 seconds=43.85 best_epoch=28
2026-09-15 23:48:45,955 INFO model=lpd epoch=029/060 train_mse=0.0003768 val_mse=0.0004735 val_psnr_db=35.0787 lr=0.000557 seconds=43.85 best_epoch=29
2026-09-15 23:49:29,850 INFO model=lpd epoch=030/060 train_mse=0.0003549 val_mse=0.0004573 val_psnr_db=35.2667 lr=0.000531 seconds=43.85 best_epoch=30
2026-09-15 23:50:13,753 INFO model=lpd epoch=031/060 train_mse=0.0003437 val_mse=0.0004479 val_psnr_db=35.4611 lr=0.000505 seconds=43.86 best_epoch=31
2026-09-15 23:50:57,682 INFO model=lpd epoch=032/060 train_mse=0.0003355 val_mse=0.0004383 val_psnr_db=35.6021 lr=0.000479 seconds=43.89 best_epoch=32
2026-09-15 23:51:41,629 INFO model=lpd epoch=033/060 train_mse=0.0003325 val_mse=0.0004386 val_psnr_db=35.5767 lr=0.000453 seconds=43.92 best_epoch=32
2026-09-15 23:52:25,578 INFO model=lpd epoch=034/060 train_mse=0.0003239 val_mse=0.0004423 val_psnr_db=35.4593 lr=0.000428 seconds=43.92 best_epoch=32
2026-09-15 23:53:09,531 INFO model=lpd epoch=035/060 train_mse=0.0003162 val_mse=0.0004183 val_psnr_db=35.8861 lr=0.000402 seconds=43.91 best_epoch=35
2026-09-15 23:53:53,474 INFO model=lpd epoch=036/060 train_mse=0.0003091 val_mse=0.0004199 val_psnr_db=35.9323 lr=0.000377 seconds=43.91 best_epoch=35
2026-09-15 23:54:37,424 INFO model=lpd epoch=037/060 train_mse=0.0003058 val_mse=0.0004093 val_psnr_db=36.0660 lr=0.000352 seconds=43.91 best_epoch=37
2026-09-15 23:55:21,352 INFO model=lpd epoch=038/060 train_mse=0.0003026 val_mse=0.0004061 val_psnr_db=36.0926 lr=0.000328 seconds=43.89 best_epoch=38
2026-09-15 23:56:05,285 INFO model=lpd epoch=039/060 train_mse=0.0002981 val_mse=0.0004022 val_psnr_db=36.1731 lr=0.000304 seconds=43.89 best_epoch=39
2026-09-15 23:56:49,185 INFO model=lpd epoch=040/060 train_mse=0.0002936 val_mse=0.0003956 val_psnr_db=36.2839 lr=0.00028 seconds=43.86 best_epoch=40
2026-09-15 23:57:33,107 INFO model=lpd epoch=041/060 train_mse=0.0002915 val_mse=0.0003935 val_psnr_db=36.3328 lr=0.000258 seconds=43.88 best_epoch=41
2026-09-15 23:58:17,027 INFO model=lpd epoch=042/060 train_mse=0.0002897 val_mse=0.0003913 val_psnr_db=36.3860 lr=0.000235 seconds=43.88 best_epoch=42
2026-09-15 23:59:00,992 INFO model=lpd epoch=043/060 train_mse=0.0002871 val_mse=0.0003896 val_psnr_db=36.4225 lr=0.000214 seconds=43.92 best_epoch=43
2026-09-15 23:59:44,917 INFO model=lpd epoch=044/060 train_mse=0.0002846 val_mse=0.0003866 val_psnr_db=36.4651 lr=0.000193 seconds=43.88 best_epoch=44
2026-09-16 00:00:28,850 INFO model=lpd epoch=045/060 train_mse=0.0002831 val_mse=0.0003849 val_psnr_db=36.4940 lr=0.000174 seconds=43.89 best_epoch=45
2026-09-16 00:01:12,836 INFO model=lpd epoch=046/060 train_mse=0.0002811 val_mse=0.0003819 val_psnr_db=36.5300 lr=0.000155 seconds=43.94 best_epoch=46
2026-09-16 00:01:56,806 INFO model=lpd epoch=047/060 train_mse=0.0002806 val_mse=0.0003814 val_psnr_db=36.5714 lr=0.000137 seconds=43.93 best_epoch=47
2026-09-16 00:02:40,725 INFO model=lpd epoch=048/060 train_mse=0.0002789 val_mse=0.0003795 val_psnr_db=36.5976 lr=0.00012 seconds=43.88 best_epoch=48
2026-09-16 00:03:24,654 INFO model=lpd epoch=049/060 train_mse=0.0002772 val_mse=0.0003782 val_psnr_db=36.6171 lr=0.000105 seconds=43.89 best_epoch=49
2026-09-16 00:04:08,590 INFO model=lpd epoch=050/060 train_mse=0.0002764 val_mse=0.0003782 val_psnr_db=36.6205 lr=8.99e-05 seconds=43.90 best_epoch=50
2026-09-16 00:04:52,557 INFO model=lpd epoch=051/060 train_mse=0.0002758 val_mse=0.0003774 val_psnr_db=36.6352 lr=7.63e-05 seconds=43.93 best_epoch=51
2026-09-16 00:05:36,494 INFO model=lpd epoch=052/060 train_mse=0.0002742 val_mse=0.0003756 val_psnr_db=36.6405 lr=6.4e-05 seconds=43.90 best_epoch=52
2026-09-16 00:06:20,432 INFO model=lpd epoch=053/060 train_mse=0.0002739 val_mse=0.0003761 val_psnr_db=36.6554 lr=5.28e-05 seconds=43.86 best_epoch=52
2026-09-16 00:07:04,331 INFO model=lpd epoch=054/060 train_mse=0.0002732 val_mse=0.0003747 val_psnr_db=36.6857 lr=4.29e-05 seconds=43.86 best_epoch=54
2026-09-16 00:07:48,232 INFO model=lpd epoch=055/060 train_mse=0.0002728 val_mse=0.0003739 val_psnr_db=36.6890 lr=3.42e-05 seconds=43.86 best_epoch=55
2026-09-16 00:08:32,146 INFO model=lpd epoch=056/060 train_mse=0.0002722 val_mse=0.0003738 val_psnr_db=36.7005 lr=2.69e-05 seconds=43.87 best_epoch=56
2026-09-16 00:09:16,044 INFO model=lpd epoch=057/060 train_mse=0.0002718 val_mse=0.0003742 val_psnr_db=36.7008 lr=2.08e-05 seconds=43.87 best_epoch=56
2026-09-16 00:09:59,937 INFO model=lpd epoch=058/060 train_mse=0.0002717 val_mse=0.0003733 val_psnr_db=36.7153 lr=1.61e-05 seconds=43.85 best_epoch=58
2026-09-16 00:10:43,829 INFO model=lpd epoch=059/060 train_mse=0.0002716 val_mse=0.0003732 val_psnr_db=36.7104 lr=1.27e-05 seconds=43.85 best_epoch=59
2026-09-16 00:11:27,705 INFO model=lpd epoch=060/060 train_mse=0.0002713 val_mse=0.0003732 val_psnr_db=36.7115 lr=1.07e-05 seconds=43.85 best_epoch=59
2026-09-16 00:11:27,752 INFO model=lpd training_complete seconds=2648.01 best_epoch=59
2026-09-16 00:11:27,762 INFO model=iradonmap parameters=23973409 epochs=60 lr=0.0001 device=cuda supervised=True selected_on=image MSE against the clean image
2026-09-16 00:11:27,868 INFO model=iradonmap initial_gradient_norm=0.025751585
2026-09-16 00:11:32,729 INFO model=iradonmap epoch=001/060 train_mse=0.0032169 val_mse=0.0032739 val_psnr_db=24.9176 lr=0.0001 seconds=4.82 best_epoch=1
2026-09-16 00:11:38,348 INFO model=iradonmap epoch=002/060 train_mse=0.0029813 val_mse=0.0031385 val_psnr_db=25.1023 lr=9.99e-05 seconds=4.80 best_epoch=2
2026-09-16 00:11:44,648 INFO model=iradonmap epoch=003/060 train_mse=0.0027914 val_mse=0.0029735 val_psnr_db=25.3392 lr=9.97e-05 seconds=4.80 best_epoch=3
2026-09-16 00:11:50,964 INFO model=iradonmap epoch=004/060 train_mse=0.0024787 val_mse=0.0024913 val_psnr_db=26.1171 lr=9.94e-05 seconds=4.80 best_epoch=4
2026-09-16 00:11:57,255 INFO model=iradonmap epoch=005/060 train_mse=0.0017819 val_mse=0.0015682 val_psnr_db=28.1897 lr=9.89e-05 seconds=4.79 best_epoch=5
2026-09-16 00:12:03,543 INFO model=iradonmap epoch=006/060 train_mse=0.0010658 val_mse=0.0010099 val_psnr_db=30.2667 lr=9.83e-05 seconds=4.78 best_epoch=6
2026-09-16 00:12:09,825 INFO model=iradonmap epoch=007/060 train_mse=0.0007090 val_mse=0.0007707 val_psnr_db=31.6162 lr=9.76e-05 seconds=4.80 best_epoch=7
2026-09-16 00:12:16,125 INFO model=iradonmap epoch=008/060 train_mse=0.0005580 val_mse=0.0006546 val_psnr_db=32.4824 lr=9.67e-05 seconds=4.79 best_epoch=8
2026-09-16 00:12:22,418 INFO model=iradonmap epoch=009/060 train_mse=0.0004747 val_mse=0.0005805 val_psnr_db=33.1494 lr=9.57e-05 seconds=4.80 best_epoch=9
2026-09-16 00:12:28,710 INFO model=iradonmap epoch=010/060 train_mse=0.0004173 val_mse=0.0005304 val_psnr_db=33.6607 lr=9.46e-05 seconds=4.79 best_epoch=10
2026-09-16 00:12:34,989 INFO model=iradonmap epoch=011/060 train_mse=0.0003775 val_mse=0.0004948 val_psnr_db=34.0707 lr=9.34e-05 seconds=4.79 best_epoch=11
2026-09-16 00:12:41,497 INFO model=iradonmap epoch=012/060 train_mse=0.0003476 val_mse=0.0004680 val_psnr_db=34.3973 lr=9.2e-05 seconds=4.78 best_epoch=12
2026-09-16 00:12:47,952 INFO model=iradonmap epoch=013/060 train_mse=0.0003224 val_mse=0.0004427 val_psnr_db=34.7207 lr=9.05e-05 seconds=4.78 best_epoch=13
2026-09-16 00:12:54,634 INFO model=iradonmap epoch=014/060 train_mse=0.0002995 val_mse=0.0004287 val_psnr_db=34.9076 lr=8.9e-05 seconds=4.85 best_epoch=14
2026-09-16 00:13:01,212 INFO model=iradonmap epoch=015/060 train_mse=0.0002823 val_mse=0.0003988 val_psnr_db=35.3663 lr=8.73e-05 seconds=4.86 best_epoch=15
2026-09-16 00:13:07,693 INFO model=iradonmap epoch=016/060 train_mse=0.0002604 val_mse=0.0003844 val_psnr_db=35.5821 lr=8.55e-05 seconds=4.83 best_epoch=16
2026-09-16 00:13:14,292 INFO model=iradonmap epoch=017/060 train_mse=0.0002479 val_mse=0.0003723 val_psnr_db=35.7958 lr=8.36e-05 seconds=4.87 best_epoch=17
2026-09-16 00:13:20,769 INFO model=iradonmap epoch=018/060 train_mse=0.0002372 val_mse=0.0003626 val_psnr_db=35.9631 lr=8.17e-05 seconds=4.81 best_epoch=18
2026-09-16 00:13:27,266 INFO model=iradonmap epoch=019/060 train_mse=0.0002282 val_mse=0.0003539 val_psnr_db=36.1133 lr=7.96e-05 seconds=4.84 best_epoch=19
2026-09-16 00:13:33,798 INFO model=iradonmap epoch=020/060 train_mse=0.0002195 val_mse=0.0003460 val_psnr_db=36.2747 lr=7.75e-05 seconds=4.81 best_epoch=20
2026-09-16 00:13:40,372 INFO model=iradonmap epoch=021/060 train_mse=0.0002122 val_mse=0.0003399 val_psnr_db=36.3913 lr=7.52e-05 seconds=4.83 best_epoch=21
2026-09-16 00:13:46,838 INFO model=iradonmap epoch=022/060 train_mse=0.0002060 val_mse=0.0003335 val_psnr_db=36.5405 lr=7.3e-05 seconds=4.80 best_epoch=22
2026-09-16 00:13:53,428 INFO model=iradonmap epoch=023/060 train_mse=0.0002001 val_mse=0.0003291 val_psnr_db=36.5939 lr=7.06e-05 seconds=4.84 best_epoch=23
2026-09-16 00:13:59,918 INFO model=iradonmap epoch=024/060 train_mse=0.0001951 val_mse=0.0003266 val_psnr_db=36.6686 lr=6.82e-05 seconds=4.80 best_epoch=24
2026-09-16 00:14:06,559 INFO model=iradonmap epoch=025/060 train_mse=0.0001905 val_mse=0.0003204 val_psnr_db=36.7873 lr=6.58e-05 seconds=4.84 best_epoch=25
2026-09-16 00:14:13,126 INFO model=iradonmap epoch=026/060 train_mse=0.0001857 val_mse=0.0003163 val_psnr_db=36.8754 lr=6.33e-05 seconds=4.84 best_epoch=26
2026-09-16 00:14:19,694 INFO model=iradonmap epoch=027/060 train_mse=0.0001817 val_mse=0.0003127 val_psnr_db=36.9612 lr=6.08e-05 seconds=4.81 best_epoch=27
2026-09-16 00:14:26,221 INFO model=iradonmap epoch=028/060 train_mse=0.0001787 val_mse=0.0003093 val_psnr_db=37.0150 lr=5.82e-05 seconds=4.84 best_epoch=28
2026-09-16 00:14:32,383 INFO model=iradonmap epoch=029/060 train_mse=0.0001762 val_mse=0.0003098 val_psnr_db=37.0016 lr=5.57e-05 seconds=4.82 best_epoch=28
2026-09-16 00:14:38,838 INFO model=iradonmap epoch=030/060 train_mse=0.0001729 val_mse=0.0003052 val_psnr_db=37.1000 lr=5.31e-05 seconds=4.80 best_epoch=30
2026-09-16 00:14:45,334 INFO model=iradonmap epoch=031/060 train_mse=0.0001705 val_mse=0.0003017 val_psnr_db=37.1890 lr=5.05e-05 seconds=4.81 best_epoch=31
2026-09-16 00:14:52,357 INFO model=iradonmap epoch=032/060 train_mse=0.0001668 val_mse=0.0002990 val_psnr_db=37.2696 lr=4.79e-05 seconds=4.82 best_epoch=32
2026-09-16 00:15:00,524 INFO model=iradonmap epoch=033/060 train_mse=0.0001642 val_mse=0.0002984 val_psnr_db=37.2483 lr=4.53e-05 seconds=4.82 best_epoch=33
2026-09-16 00:15:08,888 INFO model=iradonmap epoch=034/060 train_mse=0.0001623 val_mse=0.0002954 val_psnr_db=37.3678 lr=4.28e-05 seconds=4.84 best_epoch=34
2026-09-16 00:15:17,296 INFO model=iradonmap epoch=035/060 train_mse=0.0001604 val_mse=0.0002947 val_psnr_db=37.3526 lr=4.02e-05 seconds=4.84 best_epoch=35
2026-09-16 00:15:25,384 INFO model=iradonmap epoch=036/060 train_mse=0.0001586 val_mse=0.0002926 val_psnr_db=37.4345 lr=3.77e-05 seconds=4.84 best_epoch=36
2026-09-16 00:15:33,044 INFO model=iradonmap epoch=037/060 train_mse=0.0001570 val_mse=0.0002917 val_psnr_db=37.4436 lr=3.52e-05 seconds=4.83 best_epoch=37
2026-09-16 00:15:40,121 INFO model=iradonmap epoch=038/060 train_mse=0.0001559 val_mse=0.0002903 val_psnr_db=37.5034 lr=3.28e-05 seconds=4.85 best_epoch=38
2026-09-16 00:15:47,707 INFO model=iradonmap epoch=039/060 train_mse=0.0001542 val_mse=0.0002897 val_psnr_db=37.4804 lr=3.04e-05 seconds=4.83 best_epoch=39
2026-09-16 00:15:55,139 INFO model=iradonmap epoch=040/060 train_mse=0.0001532 val_mse=0.0002886 val_psnr_db=37.5304 lr=2.8e-05 seconds=4.82 best_epoch=40
2026-09-16 00:16:02,618 INFO model=iradonmap epoch=041/060 train_mse=0.0001522 val_mse=0.0002878 val_psnr_db=37.5310 lr=2.58e-05 seconds=4.82 best_epoch=41
2026-09-16 00:16:10,296 INFO model=iradonmap epoch=042/060 train_mse=0.0001512 val_mse=0.0002872 val_psnr_db=37.5624 lr=2.35e-05 seconds=4.86 best_epoch=42
2026-09-16 00:16:17,856 INFO model=iradonmap epoch=043/060 train_mse=0.0001501 val_mse=0.0002865 val_psnr_db=37.5792 lr=2.14e-05 seconds=4.84 best_epoch=43
2026-09-16 00:16:25,267 INFO model=iradonmap epoch=044/060 train_mse=0.0001494 val_mse=0.0002861 val_psnr_db=37.5861 lr=1.93e-05 seconds=4.84 best_epoch=44
2026-09-16 00:16:32,336 INFO model=iradonmap epoch=045/060 train_mse=0.0001487 val_mse=0.0002856 val_psnr_db=37.5887 lr=1.74e-05 seconds=4.84 best_epoch=45
2026-09-16 00:16:38,768 INFO model=iradonmap epoch=046/060 train_mse=0.0001481 val_mse=0.0002850 val_psnr_db=37.6055 lr=1.55e-05 seconds=4.81 best_epoch=46
2026-09-16 00:16:45,259 INFO model=iradonmap epoch=047/060 train_mse=0.0001474 val_mse=0.0002844 val_psnr_db=37.6350 lr=1.37e-05 seconds=4.81 best_epoch=47
2026-09-16 00:16:51,724 INFO model=iradonmap epoch=048/060 train_mse=0.0001469 val_mse=0.0002843 val_psnr_db=37.6309 lr=1.2e-05 seconds=4.81 best_epoch=48
2026-09-16 00:16:58,166 INFO model=iradonmap epoch=049/060 train_mse=0.0001465 val_mse=0.0002840 val_psnr_db=37.6338 lr=1.05e-05 seconds=4.81 best_epoch=49
2026-09-16 00:17:04,677 INFO model=iradonmap epoch=050/060 train_mse=0.0001461 val_mse=0.0002835 val_psnr_db=37.6518 lr=8.99e-06 seconds=4.84 best_epoch=50
2026-09-16 00:17:11,238 INFO model=iradonmap epoch=051/060 train_mse=0.0001458 val_mse=0.0002832 val_psnr_db=37.6595 lr=7.63e-06 seconds=4.82 best_epoch=51
2026-09-16 00:17:17,722 INFO model=iradonmap epoch=052/060 train_mse=0.0001455 val_mse=0.0002830 val_psnr_db=37.6616 lr=6.4e-06 seconds=4.86 best_epoch=52
2026-09-16 00:17:24,241 INFO model=iradonmap epoch=053/060 train_mse=0.0001453 val_mse=0.0002830 val_psnr_db=37.6627 lr=5.28e-06 seconds=4.83 best_epoch=53
2026-09-16 00:17:30,731 INFO model=iradonmap epoch=054/060 train_mse=0.0001450 val_mse=0.0002828 val_psnr_db=37.6657 lr=4.29e-06 seconds=4.82 best_epoch=54
2026-09-16 00:17:37,215 INFO model=iradonmap epoch=055/060 train_mse=0.0001449 val_mse=0.0002828 val_psnr_db=37.6670 lr=3.42e-06 seconds=4.85 best_epoch=55
2026-09-16 00:17:43,696 INFO model=iradonmap epoch=056/060 train_mse=0.0001448 val_mse=0.0002827 val_psnr_db=37.6676 lr=2.69e-06 seconds=4.82 best_epoch=56
2026-09-16 00:17:50,185 INFO model=iradonmap epoch=057/060 train_mse=0.0001446 val_mse=0.0002825 val_psnr_db=37.6746 lr=2.08e-06 seconds=4.82 best_epoch=57
2026-09-16 00:17:56,623 INFO model=iradonmap epoch=058/060 train_mse=0.0001446 val_mse=0.0002825 val_psnr_db=37.6760 lr=1.61e-06 seconds=4.82 best_epoch=58
2026-09-16 00:18:03,137 INFO model=iradonmap epoch=059/060 train_mse=0.0001445 val_mse=0.0002825 val_psnr_db=37.6752 lr=1.27e-06 seconds=4.84 best_epoch=59
2026-09-16 00:18:09,629 INFO model=iradonmap epoch=060/060 train_mse=0.0001444 val_mse=0.0002824 val_psnr_db=37.6794 lr=1.07e-06 seconds=4.82 best_epoch=60
2026-09-16 00:18:10,896 INFO model=iradonmap training_complete seconds=403.13 best_epoch=60
2026-09-16 00:18:10,897 INFO model=noise2inverse parameters=118305 epochs=60 lr=0.001 device=cuda supervised=False selected_on=held-out subset MSE
2026-09-16 00:18:10,972 INFO model=noise2inverse initial_gradient_norm=0.00024046535
2026-09-16 00:18:14,988 INFO model=noise2inverse epoch=001/060 train_mse=0.0162038 val_mse=0.0145700 val_psnr_db=26.2031 lr=0.001 seconds=4.09 best_epoch=1
2026-09-16 00:18:19,064 INFO model=noise2inverse epoch=002/060 train_mse=0.0126485 val_mse=0.0121702 val_psnr_db=29.9582 lr=0.000999 seconds=4.06 best_epoch=2
2026-09-16 00:18:23,129 INFO model=noise2inverse epoch=003/060 train_mse=0.0112288 val_mse=0.0115426 val_psnr_db=31.9063 lr=0.000997 seconds=4.05 best_epoch=3
2026-09-16 00:18:27,205 INFO model=noise2inverse epoch=004/060 train_mse=0.0108683 val_mse=0.0113028 val_psnr_db=31.3465 lr=0.000994 seconds=4.06 best_epoch=4
2026-09-16 00:18:31,296 INFO model=noise2inverse epoch=005/060 train_mse=0.0107288 val_mse=0.0111911 val_psnr_db=32.2706 lr=0.000989 seconds=4.08 best_epoch=5
2026-09-16 00:18:35,376 INFO model=noise2inverse epoch=006/060 train_mse=0.0106596 val_mse=0.0111246 val_psnr_db=32.3695 lr=0.000983 seconds=4.07 best_epoch=6
2026-09-16 00:18:39,474 INFO model=noise2inverse epoch=007/060 train_mse=0.0105597 val_mse=0.0110691 val_psnr_db=31.6008 lr=0.000976 seconds=4.08 best_epoch=7
2026-09-16 00:18:43,568 INFO model=noise2inverse epoch=008/060 train_mse=0.0105043 val_mse=0.0110407 val_psnr_db=30.7615 lr=0.000967 seconds=4.08 best_epoch=8
2026-09-16 00:18:47,661 INFO model=noise2inverse epoch=009/060 train_mse=0.0105070 val_mse=0.0109695 val_psnr_db=31.9712 lr=0.000957 seconds=4.08 best_epoch=9
2026-09-16 00:18:51,758 INFO model=noise2inverse epoch=010/060 train_mse=0.0104582 val_mse=0.0112142 val_psnr_db=32.9830 lr=0.000946 seconds=4.09 best_epoch=9
2026-09-16 00:18:55,845 INFO model=noise2inverse epoch=011/060 train_mse=0.0104532 val_mse=0.0109572 val_psnr_db=31.0972 lr=0.000934 seconds=4.07 best_epoch=11
2026-09-16 00:18:59,936 INFO model=noise2inverse epoch=012/060 train_mse=0.0104182 val_mse=0.0109203 val_psnr_db=32.7163 lr=0.00092 seconds=4.08 best_epoch=12
2026-09-16 00:19:04,023 INFO model=noise2inverse epoch=013/060 train_mse=0.0103894 val_mse=0.0109060 val_psnr_db=32.7879 lr=0.000905 seconds=4.07 best_epoch=13
2026-09-16 00:19:08,108 INFO model=noise2inverse epoch=014/060 train_mse=0.0103929 val_mse=0.0108977 val_psnr_db=32.2216 lr=0.00089 seconds=4.07 best_epoch=14
2026-09-16 00:19:12,193 INFO model=noise2inverse epoch=015/060 train_mse=0.0103795 val_mse=0.0108929 val_psnr_db=32.6973 lr=0.000873 seconds=4.07 best_epoch=15
2026-09-16 00:19:16,275 INFO model=noise2inverse epoch=016/060 train_mse=0.0103304 val_mse=0.0108752 val_psnr_db=31.6011 lr=0.000855 seconds=4.07 best_epoch=16
2026-09-16 00:19:20,361 INFO model=noise2inverse epoch=017/060 train_mse=0.0103317 val_mse=0.0108618 val_psnr_db=32.1028 lr=0.000836 seconds=4.07 best_epoch=17
2026-09-16 00:19:24,452 INFO model=noise2inverse epoch=018/060 train_mse=0.0103261 val_mse=0.0108501 val_psnr_db=32.1707 lr=0.000817 seconds=4.07 best_epoch=18
2026-09-16 00:19:28,541 INFO model=noise2inverse epoch=019/060 train_mse=0.0103138 val_mse=0.0108491 val_psnr_db=31.7333 lr=0.000796 seconds=4.08 best_epoch=19
2026-09-16 00:19:32,630 INFO model=noise2inverse epoch=020/060 train_mse=0.0103038 val_mse=0.0108388 val_psnr_db=32.6677 lr=0.000775 seconds=4.08 best_epoch=20
2026-09-16 00:19:36,713 INFO model=noise2inverse epoch=021/060 train_mse=0.0102961 val_mse=0.0108482 val_psnr_db=32.9321 lr=0.000753 seconds=4.07 best_epoch=20
2026-09-16 00:19:40,799 INFO model=noise2inverse epoch=022/060 train_mse=0.0103136 val_mse=0.0108240 val_psnr_db=32.6163 lr=0.00073 seconds=4.07 best_epoch=22
2026-09-16 00:19:44,887 INFO model=noise2inverse epoch=023/060 train_mse=0.0102927 val_mse=0.0108221 val_psnr_db=32.2182 lr=0.000706 seconds=4.07 best_epoch=23
2026-09-16 00:19:48,984 INFO model=noise2inverse epoch=024/060 train_mse=0.0103005 val_mse=0.0108175 val_psnr_db=31.5085 lr=0.000682 seconds=4.08 best_epoch=24
2026-09-16 00:19:53,075 INFO model=noise2inverse epoch=025/060 train_mse=0.0102862 val_mse=0.0107989 val_psnr_db=32.0428 lr=0.000658 seconds=4.08 best_epoch=25
2026-09-16 00:19:57,154 INFO model=noise2inverse epoch=026/060 train_mse=0.0102597 val_mse=0.0108002 val_psnr_db=32.4699 lr=0.000633 seconds=4.07 best_epoch=25
2026-09-16 00:20:01,234 INFO model=noise2inverse epoch=027/060 train_mse=0.0102862 val_mse=0.0108029 val_psnr_db=32.7251 lr=0.000608 seconds=4.07 best_epoch=25
2026-09-16 00:20:05,321 INFO model=noise2inverse epoch=028/060 train_mse=0.0102499 val_mse=0.0108098 val_psnr_db=32.8975 lr=0.000582 seconds=4.08 best_epoch=25
2026-09-16 00:20:09,408 INFO model=noise2inverse epoch=029/060 train_mse=0.0102501 val_mse=0.0108064 val_psnr_db=31.5389 lr=0.000557 seconds=4.08 best_epoch=25
2026-09-16 00:20:13,498 INFO model=noise2inverse epoch=030/060 train_mse=0.0102622 val_mse=0.0107776 val_psnr_db=32.3600 lr=0.000531 seconds=4.08 best_epoch=30
2026-09-16 00:20:17,589 INFO model=noise2inverse epoch=031/060 train_mse=0.0102514 val_mse=0.0108033 val_psnr_db=31.7255 lr=0.000505 seconds=4.08 best_epoch=30
2026-09-16 00:20:21,666 INFO model=noise2inverse epoch=032/060 train_mse=0.0102590 val_mse=0.0107820 val_psnr_db=32.2042 lr=0.000479 seconds=4.07 best_epoch=30
2026-09-16 00:20:25,756 INFO model=noise2inverse epoch=033/060 train_mse=0.0102341 val_mse=0.0107687 val_psnr_db=32.0974 lr=0.000453 seconds=4.08 best_epoch=33
2026-09-16 00:20:29,840 INFO model=noise2inverse epoch=034/060 train_mse=0.0102596 val_mse=0.0107716 val_psnr_db=32.2758 lr=0.000428 seconds=4.08 best_epoch=33
2026-09-16 00:20:33,929 INFO model=noise2inverse epoch=035/060 train_mse=0.0102376 val_mse=0.0107624 val_psnr_db=32.6381 lr=0.000402 seconds=4.07 best_epoch=35
2026-09-16 00:20:38,011 INFO model=noise2inverse epoch=036/060 train_mse=0.0102326 val_mse=0.0107610 val_psnr_db=32.2055 lr=0.000377 seconds=4.07 best_epoch=36
2026-09-16 00:20:42,132 INFO model=noise2inverse epoch=037/060 train_mse=0.0102355 val_mse=0.0107537 val_psnr_db=32.2407 lr=0.000352 seconds=4.11 best_epoch=37
2026-09-16 00:20:46,217 INFO model=noise2inverse epoch=038/060 train_mse=0.0102202 val_mse=0.0107523 val_psnr_db=32.3410 lr=0.000328 seconds=4.07 best_epoch=38
2026-09-16 00:20:50,304 INFO model=noise2inverse epoch=039/060 train_mse=0.0102434 val_mse=0.0107665 val_psnr_db=32.1302 lr=0.000304 seconds=4.08 best_epoch=38
2026-09-16 00:20:54,392 INFO model=noise2inverse epoch=040/060 train_mse=0.0102105 val_mse=0.0107472 val_psnr_db=32.4409 lr=0.00028 seconds=4.07 best_epoch=40
2026-09-16 00:20:58,474 INFO model=noise2inverse epoch=041/060 train_mse=0.0102292 val_mse=0.0107535 val_psnr_db=32.2682 lr=0.000258 seconds=4.07 best_epoch=40
2026-09-16 00:21:02,555 INFO model=noise2inverse epoch=042/060 train_mse=0.0102267 val_mse=0.0107483 val_psnr_db=32.3651 lr=0.000235 seconds=4.07 best_epoch=40
2026-09-16 00:21:06,644 INFO model=noise2inverse epoch=043/060 train_mse=0.0102131 val_mse=0.0107454 val_psnr_db=32.2425 lr=0.000214 seconds=4.07 best_epoch=43
2026-09-16 00:21:10,727 INFO model=noise2inverse epoch=044/060 train_mse=0.0102168 val_mse=0.0107410 val_psnr_db=32.2435 lr=0.000193 seconds=4.07 best_epoch=44
2026-09-16 00:21:14,806 INFO model=noise2inverse epoch=045/060 train_mse=0.0102218 val_mse=0.0107433 val_psnr_db=32.4608 lr=0.000174 seconds=4.07 best_epoch=44
2026-09-16 00:21:18,892 INFO model=noise2inverse epoch=046/060 train_mse=0.0102278 val_mse=0.0107408 val_psnr_db=32.8308 lr=0.000155 seconds=4.07 best_epoch=46
2026-09-16 00:21:23,005 INFO model=noise2inverse epoch=047/060 train_mse=0.0102041 val_mse=0.0107411 val_psnr_db=32.4752 lr=0.000137 seconds=4.10 best_epoch=46
2026-09-16 00:21:27,103 INFO model=noise2inverse epoch=048/060 train_mse=0.0102062 val_mse=0.0107387 val_psnr_db=32.3273 lr=0.00012 seconds=4.08 best_epoch=48
2026-09-16 00:21:31,193 INFO model=noise2inverse epoch=049/060 train_mse=0.0102140 val_mse=0.0107380 val_psnr_db=32.3552 lr=0.000105 seconds=4.08 best_epoch=49
2026-09-16 00:21:35,288 INFO model=noise2inverse epoch=050/060 train_mse=0.0101888 val_mse=0.0107318 val_psnr_db=32.3648 lr=8.99e-05 seconds=4.08 best_epoch=50
2026-09-16 00:21:39,375 INFO model=noise2inverse epoch=051/060 train_mse=0.0101938 val_mse=0.0107322 val_psnr_db=32.4402 lr=7.63e-05 seconds=4.08 best_epoch=50
2026-09-16 00:21:43,468 INFO model=noise2inverse epoch=052/060 train_mse=0.0102155 val_mse=0.0107318 val_psnr_db=32.2865 lr=6.4e-05 seconds=4.08 best_epoch=52
2026-09-16 00:21:47,594 INFO model=noise2inverse epoch=053/060 train_mse=0.0101875 val_mse=0.0107307 val_psnr_db=32.4621 lr=5.28e-05 seconds=4.11 best_epoch=53
2026-09-16 00:21:51,677 INFO model=noise2inverse epoch=054/060 train_mse=0.0102070 val_mse=0.0107298 val_psnr_db=32.3623 lr=4.29e-05 seconds=4.07 best_epoch=54
2026-09-16 00:21:55,766 INFO model=noise2inverse epoch=055/060 train_mse=0.0102111 val_mse=0.0107296 val_psnr_db=32.4728 lr=3.42e-05 seconds=4.07 best_epoch=55
2026-09-16 00:21:59,857 INFO model=noise2inverse epoch=056/060 train_mse=0.0101834 val_mse=0.0107299 val_psnr_db=32.4618 lr=2.69e-05 seconds=4.08 best_epoch=55
2026-09-16 00:22:03,948 INFO model=noise2inverse epoch=057/060 train_mse=0.0102027 val_mse=0.0107291 val_psnr_db=32.4391 lr=2.08e-05 seconds=4.08 best_epoch=57
2026-09-16 00:22:08,027 INFO model=noise2inverse epoch=058/060 train_mse=0.0101994 val_mse=0.0107290 val_psnr_db=32.4697 lr=1.61e-05 seconds=4.07 best_epoch=58
2026-09-16 00:22:12,099 INFO model=noise2inverse epoch=059/060 train_mse=0.0101880 val_mse=0.0107293 val_psnr_db=32.4489 lr=1.27e-05 seconds=4.06 best_epoch=58
2026-09-16 00:22:16,172 INFO model=noise2inverse epoch=060/060 train_mse=0.0101950 val_mse=0.0107290 val_psnr_db=32.4558 lr=1.07e-05 seconds=4.06 best_epoch=60
2026-09-16 00:22:16,186 INFO model=noise2inverse training_complete seconds=245.29 best_epoch=60
2026-09-16 00:22:16,187 INFO model=proj2proj parameters=118305 epochs=60 lr=0.001 device=cuda supervised=False selected_on=masked projection MSE
2026-09-16 00:22:16,278 INFO model=proj2proj initial_gradient_norm=0.070381813
2026-09-16 00:22:21,338 INFO model=proj2proj epoch=001/060 train_mse=0.0001073 val_mse=0.0000710 val_psnr_db=24.7611 lr=0.001 seconds=5.14 best_epoch=1
2026-09-16 00:22:26,501 INFO model=proj2proj epoch=002/060 train_mse=0.0000670 val_mse=0.0000633 val_psnr_db=24.7520 lr=0.000999 seconds=5.15 best_epoch=2
2026-09-16 00:22:31,658 INFO model=proj2proj epoch=003/060 train_mse=0.0000663 val_mse=0.0000749 val_psnr_db=24.7560 lr=0.000997 seconds=5.15 best_epoch=2
2026-09-16 00:22:36,820 INFO model=proj2proj epoch=004/060 train_mse=0.0000668 val_mse=0.0000649 val_psnr_db=24.7497 lr=0.000994 seconds=5.15 best_epoch=2
2026-09-16 00:22:42,001 INFO model=proj2proj epoch=005/060 train_mse=0.0000657 val_mse=0.0000645 val_psnr_db=24.7487 lr=0.000989 seconds=5.17 best_epoch=2
2026-09-16 00:22:47,181 INFO model=proj2proj epoch=006/060 train_mse=0.0000666 val_mse=0.0000730 val_psnr_db=24.7513 lr=0.000983 seconds=5.17 best_epoch=2
2026-09-16 00:22:52,363 INFO model=proj2proj epoch=007/060 train_mse=0.0000669 val_mse=0.0000626 val_psnr_db=24.7532 lr=0.000976 seconds=5.16 best_epoch=7
2026-09-16 00:22:57,540 INFO model=proj2proj epoch=008/060 train_mse=0.0000627 val_mse=0.0000626 val_psnr_db=24.7532 lr=0.000967 seconds=5.16 best_epoch=8
2026-09-16 00:23:02,711 INFO model=proj2proj epoch=009/060 train_mse=0.0000658 val_mse=0.0000634 val_psnr_db=24.7465 lr=0.000957 seconds=5.16 best_epoch=8
2026-09-16 00:23:07,895 INFO model=proj2proj epoch=010/060 train_mse=0.0000641 val_mse=0.0000625 val_psnr_db=24.7566 lr=0.000946 seconds=5.16 best_epoch=10
2026-09-16 00:23:13,070 INFO model=proj2proj epoch=011/060 train_mse=0.0000667 val_mse=0.0000625 val_psnr_db=24.7568 lr=0.000934 seconds=5.17 best_epoch=10
2026-09-16 00:23:18,245 INFO model=proj2proj epoch=012/060 train_mse=0.0000629 val_mse=0.0000654 val_psnr_db=24.7533 lr=0.00092 seconds=5.16 best_epoch=10
2026-09-16 00:23:23,417 INFO model=proj2proj epoch=013/060 train_mse=0.0000654 val_mse=0.0000632 val_psnr_db=24.7562 lr=0.000905 seconds=5.16 best_epoch=10
2026-09-16 00:23:28,592 INFO model=proj2proj epoch=014/060 train_mse=0.0000634 val_mse=0.0000645 val_psnr_db=24.7503 lr=0.00089 seconds=5.16 best_epoch=10
2026-09-16 00:23:33,776 INFO model=proj2proj epoch=015/060 train_mse=0.0000644 val_mse=0.0000624 val_psnr_db=24.7558 lr=0.000873 seconds=5.16 best_epoch=15
2026-09-16 00:23:38,947 INFO model=proj2proj epoch=016/060 train_mse=0.0000632 val_mse=0.0000632 val_psnr_db=24.7560 lr=0.000855 seconds=5.16 best_epoch=15
2026-09-16 00:23:44,127 INFO model=proj2proj epoch=017/060 train_mse=0.0000646 val_mse=0.0000676 val_psnr_db=24.7531 lr=0.000836 seconds=5.17 best_epoch=15
2026-09-16 00:23:49,307 INFO model=proj2proj epoch=018/060 train_mse=0.0000621 val_mse=0.0000633 val_psnr_db=24.7548 lr=0.000817 seconds=5.17 best_epoch=15
2026-09-16 00:23:54,485 INFO model=proj2proj epoch=019/060 train_mse=0.0000646 val_mse=0.0000716 val_psnr_db=24.7544 lr=0.000796 seconds=5.16 best_epoch=15
2026-09-16 00:23:59,665 INFO model=proj2proj epoch=020/060 train_mse=0.0000622 val_mse=0.0000621 val_psnr_db=24.7586 lr=0.000775 seconds=5.16 best_epoch=20
2026-09-16 00:24:04,836 INFO model=proj2proj epoch=021/060 train_mse=0.0000648 val_mse=0.0000669 val_psnr_db=24.7558 lr=0.000753 seconds=5.16 best_epoch=20
2026-09-16 00:24:10,010 INFO model=proj2proj epoch=022/060 train_mse=0.0000627 val_mse=0.0000690 val_psnr_db=24.7525 lr=0.00073 seconds=5.16 best_epoch=20
2026-09-16 00:24:15,190 INFO model=proj2proj epoch=023/060 train_mse=0.0000651 val_mse=0.0000620 val_psnr_db=24.7598 lr=0.000706 seconds=5.16 best_epoch=23
2026-09-16 00:24:20,360 INFO model=proj2proj epoch=024/060 train_mse=0.0000611 val_mse=0.0000673 val_psnr_db=24.7730 lr=0.000682 seconds=5.16 best_epoch=23
2026-09-16 00:24:25,533 INFO model=proj2proj epoch=025/060 train_mse=0.0000641 val_mse=0.0000650 val_psnr_db=24.7620 lr=0.000658 seconds=5.16 best_epoch=23
2026-09-16 00:24:30,702 INFO model=proj2proj epoch=026/060 train_mse=0.0000615 val_mse=0.0000621 val_psnr_db=24.7694 lr=0.000633 seconds=5.16 best_epoch=23
2026-09-16 00:24:35,877 INFO model=proj2proj epoch=027/060 train_mse=0.0000634 val_mse=0.0000608 val_psnr_db=24.7796 lr=0.000608 seconds=5.16 best_epoch=27
2026-09-16 00:24:41,044 INFO model=proj2proj epoch=028/060 train_mse=0.0000608 val_mse=0.0000623 val_psnr_db=24.7818 lr=0.000582 seconds=5.16 best_epoch=27
2026-09-16 00:24:46,216 INFO model=proj2proj epoch=029/060 train_mse=0.0000640 val_mse=0.0000620 val_psnr_db=24.7867 lr=0.000557 seconds=5.16 best_epoch=27
2026-09-16 00:24:51,382 INFO model=proj2proj epoch=030/060 train_mse=0.0000599 val_mse=0.0000629 val_psnr_db=24.7996 lr=0.000531 seconds=5.16 best_epoch=27
2026-09-16 00:24:56,551 INFO model=proj2proj epoch=031/060 train_mse=0.0000631 val_mse=0.0000636 val_psnr_db=24.8204 lr=0.000505 seconds=5.16 best_epoch=27
2026-09-16 00:25:01,721 INFO model=proj2proj epoch=032/060 train_mse=0.0000612 val_mse=0.0000653 val_psnr_db=24.8155 lr=0.000479 seconds=5.16 best_epoch=27
2026-09-16 00:25:06,894 INFO model=proj2proj epoch=033/060 train_mse=0.0000624 val_mse=0.0000592 val_psnr_db=24.8629 lr=0.000453 seconds=5.16 best_epoch=33
2026-09-16 00:25:12,062 INFO model=proj2proj epoch=034/060 train_mse=0.0000593 val_mse=0.0000601 val_psnr_db=24.9120 lr=0.000428 seconds=5.16 best_epoch=33
2026-09-16 00:25:17,234 INFO model=proj2proj epoch=035/060 train_mse=0.0000618 val_mse=0.0000603 val_psnr_db=24.9229 lr=0.000402 seconds=5.16 best_epoch=33
2026-09-16 00:25:22,413 INFO model=proj2proj epoch=036/060 train_mse=0.0000585 val_mse=0.0000583 val_psnr_db=24.9936 lr=0.000377 seconds=5.16 best_epoch=36
2026-09-16 00:25:27,590 INFO model=proj2proj epoch=037/060 train_mse=0.0000597 val_mse=0.0000577 val_psnr_db=25.0845 lr=0.000352 seconds=5.16 best_epoch=37
2026-09-16 00:25:32,764 INFO model=proj2proj epoch=038/060 train_mse=0.0000598 val_mse=0.0000569 val_psnr_db=25.0742 lr=0.000328 seconds=5.16 best_epoch=38
2026-09-16 00:25:37,932 INFO model=proj2proj epoch=039/060 train_mse=0.0000591 val_mse=0.0000571 val_psnr_db=25.1336 lr=0.000304 seconds=5.16 best_epoch=38
2026-09-16 00:25:43,098 INFO model=proj2proj epoch=040/060 train_mse=0.0000568 val_mse=0.0000574 val_psnr_db=25.2263 lr=0.00028 seconds=5.16 best_epoch=38
2026-09-16 00:25:48,274 INFO model=proj2proj epoch=041/060 train_mse=0.0000582 val_mse=0.0000556 val_psnr_db=25.2494 lr=0.000258 seconds=5.16 best_epoch=41
2026-09-16 00:25:53,449 INFO model=proj2proj epoch=042/060 train_mse=0.0000555 val_mse=0.0000537 val_psnr_db=25.3340 lr=0.000235 seconds=5.16 best_epoch=42
2026-09-16 00:25:58,625 INFO model=proj2proj epoch=043/060 train_mse=0.0000564 val_mse=0.0000528 val_psnr_db=25.4588 lr=0.000214 seconds=5.16 best_epoch=43
2026-09-16 00:26:03,798 INFO model=proj2proj epoch=044/060 train_mse=0.0000556 val_mse=0.0000520 val_psnr_db=25.4861 lr=0.000193 seconds=5.16 best_epoch=44
2026-09-16 00:26:08,965 INFO model=proj2proj epoch=045/060 train_mse=0.0000563 val_mse=0.0000521 val_psnr_db=25.5546 lr=0.000174 seconds=5.16 best_epoch=44
2026-09-16 00:26:14,142 INFO model=proj2proj epoch=046/060 train_mse=0.0000531 val_mse=0.0000518 val_psnr_db=25.6553 lr=0.000155 seconds=5.16 best_epoch=46
2026-09-16 00:26:19,309 INFO model=proj2proj epoch=047/060 train_mse=0.0000540 val_mse=0.0000533 val_psnr_db=25.6850 lr=0.000137 seconds=5.16 best_epoch=46
2026-09-16 00:26:24,487 INFO model=proj2proj epoch=048/060 train_mse=0.0000514 val_mse=0.0000512 val_psnr_db=25.7541 lr=0.00012 seconds=5.16 best_epoch=48
2026-09-16 00:26:29,664 INFO model=proj2proj epoch=049/060 train_mse=0.0000532 val_mse=0.0000504 val_psnr_db=25.8235 lr=0.000105 seconds=5.16 best_epoch=49
2026-09-16 00:26:34,829 INFO model=proj2proj epoch=050/060 train_mse=0.0000509 val_mse=0.0000506 val_psnr_db=25.8763 lr=8.99e-05 seconds=5.16 best_epoch=49
2026-09-16 00:26:39,999 INFO model=proj2proj epoch=051/060 train_mse=0.0000514 val_mse=0.0000515 val_psnr_db=25.9122 lr=7.63e-05 seconds=5.16 best_epoch=49
2026-09-16 00:26:45,173 INFO model=proj2proj epoch=052/060 train_mse=0.0000500 val_mse=0.0000482 val_psnr_db=25.9772 lr=6.4e-05 seconds=5.15 best_epoch=52
2026-09-16 00:26:50,338 INFO model=proj2proj epoch=053/060 train_mse=0.0000505 val_mse=0.0000501 val_psnr_db=25.9851 lr=5.28e-05 seconds=5.16 best_epoch=52
2026-09-16 00:26:55,505 INFO model=proj2proj epoch=054/060 train_mse=0.0000496 val_mse=0.0000483 val_psnr_db=26.0182 lr=4.29e-05 seconds=5.15 best_epoch=52
2026-09-16 00:27:00,681 INFO model=proj2proj epoch=055/060 train_mse=0.0000499 val_mse=0.0000476 val_psnr_db=26.0479 lr=3.42e-05 seconds=5.16 best_epoch=55
2026-09-16 00:27:05,853 INFO model=proj2proj epoch=056/060 train_mse=0.0000487 val_mse=0.0000474 val_psnr_db=26.0653 lr=2.69e-05 seconds=5.16 best_epoch=56
2026-09-16 00:27:11,021 INFO model=proj2proj epoch=057/060 train_mse=0.0000496 val_mse=0.0000482 val_psnr_db=26.0674 lr=2.08e-05 seconds=5.16 best_epoch=56
2026-09-16 00:27:16,201 INFO model=proj2proj epoch=058/060 train_mse=0.0000485 val_mse=0.0000481 val_psnr_db=26.0768 lr=1.61e-05 seconds=5.17 best_epoch=56
2026-09-16 00:27:21,384 INFO model=proj2proj epoch=059/060 train_mse=0.0000492 val_mse=0.0000476 val_psnr_db=26.0905 lr=1.27e-05 seconds=5.17 best_epoch=56
2026-09-16 00:27:26,581 INFO model=proj2proj epoch=060/060 train_mse=0.0000483 val_mse=0.0000473 val_psnr_db=26.1009 lr=1.07e-05 seconds=5.18 best_epoch=60
2026-09-16 00:27:26,595 INFO model=proj2proj training_complete seconds=310.41 best_epoch=60
2026-09-16 00:27:32,304 INFO classical sart_subsets=90 sirt_iterations=300 sart_sweeps=20 red_iterations=100
2026-09-16 00:29:14,791 INFO classical method=sirt setting=default best_val_iterations=91 val_psnr_db=20.0490
2026-09-16 00:29:45,608 INFO classical method=sirt selected iterations=91 setting=default val_psnr_db=20.0490
2026-09-16 00:29:55,417 INFO classical method=bm3d setting=0.01 best_val_stages=1 val_psnr_db=13.3079
2026-09-16 00:30:05,202 INFO classical method=bm3d setting=0.02 best_val_stages=1 val_psnr_db=13.6409
2026-09-16 00:30:14,985 INFO classical method=bm3d setting=0.05 best_val_stages=1 val_psnr_db=17.9056
2026-09-16 00:30:24,768 INFO classical method=bm3d setting=0.1 best_val_stages=1 val_psnr_db=19.5533
2026-09-16 00:30:34,549 INFO classical method=bm3d setting=0.2 best_val_stages=1 val_psnr_db=19.3498
2026-09-16 00:30:44,351 INFO classical method=bm3d selected stages=1 setting=0.1 val_psnr_db=19.5533
2026-09-16 00:31:05,155 INFO classical method=sart setting=1 best_val_subset updates=90 val_psnr_db=19.6701
2026-09-16 00:31:25,826 INFO classical method=sart setting=0.3 best_val_subset updates=272 val_psnr_db=20.1476
2026-09-16 00:31:46,416 INFO classical method=sart setting=0.1 best_val_subset updates=902 val_psnr_db=20.0883
2026-09-16 00:32:06,448 INFO classical method=sart setting=0.03 best_val_subset updates=1800 val_psnr_db=19.7737
2026-09-16 00:32:08,616 INFO classical method=sart selected subset updates=272 setting=0.3 val_psnr_db=20.1476
2026-09-16 00:32:57,347 INFO classical method=red setting=0.1 best_val_iterations=32 val_psnr_db=24.0952
2026-09-16 00:33:46,121 INFO classical method=red setting=0.3 best_val_iterations=11 val_psnr_db=23.4907
2026-09-16 00:34:34,912 INFO classical method=red setting=1 best_val_iterations=3 val_psnr_db=21.0836
2026-09-16 00:35:23,689 INFO classical method=red setting=3 best_val_iterations=2 val_psnr_db=21.3350
2026-09-16 00:36:12,451 INFO classical method=red setting=10 best_val_iterations=1 val_psnr_db=23.9099
2026-09-16 00:36:28,025 INFO classical method=red selected iterations=32 setting=0.1 val_psnr_db=24.0952
2026-09-16 00:36:28,291 INFO TEST method=fbp mean_psnr_db=24.7826 roi_psnr_db=23.7150 window_psnr_db=12.5852 std_psnr_db=0.5395 mse=0.0033532
2026-09-16 00:36:28,514 INFO TEST method=sirt mean_psnr_db=35.1675 roi_psnr_db=34.0999 window_psnr_db=19.9792 std_psnr_db=2.1979 mse=0.0003631
2026-09-16 00:36:28,746 INFO TEST method=sart mean_psnr_db=35.3943 roi_psnr_db=34.3267 window_psnr_db=20.0788 std_psnr_db=2.2515 mse=0.0003484
2026-09-16 00:36:28,982 INFO TEST method=bm3d mean_psnr_db=35.8053 roi_psnr_db=34.7377 window_psnr_db=19.5408 std_psnr_db=2.4434 mse=0.0003289
2026-09-16 00:36:29,229 INFO TEST method=fbp-unet mean_psnr_db=41.0679 roi_psnr_db=40.0003 window_psnr_db=25.4671 std_psnr_db=3.7117 mse=0.0001430
2026-09-16 00:36:29,470 INFO TEST method=red mean_psnr_db=39.5203 roi_psnr_db=38.4527 window_psnr_db=24.0781 std_psnr_db=3.2451 mse=0.0001752
2026-09-16 00:36:29,712 INFO TEST method=iradonmap mean_psnr_db=38.5861 roi_psnr_db=37.5185 window_psnr_db=23.1743 std_psnr_db=2.9813 mse=0.0002016
2026-09-16 00:36:29,958 INFO TEST method=noise2inverse mean_psnr_db=33.3132 roi_psnr_db=32.2456 window_psnr_db=18.4710 std_psnr_db=1.7335 mse=0.0005184
2026-09-16 00:36:30,194 INFO TEST method=proj2proj mean_psnr_db=26.3159 roi_psnr_db=25.2483 window_psnr_db=13.2913 std_psnr_db=0.5736 mse=0.0023586
2026-09-16 00:36:30,435 INFO TEST method=lpd mean_psnr_db=37.5826 roi_psnr_db=36.5150 window_psnr_db=22.5208 std_psnr_db=3.0689 mse=0.0002533
2026-09-16 00:36:30,786 INFO TEST reference=noiseless-fbp mean_psnr_db=33.9444 roi_psnr_db=32.8768 window_psnr_db=19.7322
2026-09-16 00:36:39,594 INFO complete outputs=/home/ozan/torchtomo/examples/ellipses/results-ctw
