2026-09-19 17:39:59,312 INFO run device=cuda torch=2.4.0+cu121 geometry=fan image_size=512 angles=90 seed=2026
2026-09-19 17:40:31,650 INFO clean train FBP psnr_db=30.3774 roi_psnr_db=29.3098 window_psnr_db=n/a
2026-09-19 17:40:31,651 INFO photons fixed at 81312.301; calibration skipped
2026-09-19 17:40:35,417 INFO dataset generated ellipses size=100 split=60/20/20 photons=81312.301 zero_count_fraction=0.00000000
2026-09-19 17:40:35,473 INFO baseline split=train fbp_psnr_db=23.0190 fbp_window_psnr_db=n/a
2026-09-19 17:40:35,479 INFO baseline split=val fbp_psnr_db=22.9136 fbp_window_psnr_db=n/a
2026-09-19 17:40:46,385 INFO operator_norm=0.78507018
2026-09-19 17:40:47,115 INFO model=fbp-unet parameters=118305 epochs=120 lr=0.001 device=cuda supervised=True selected_on=image MSE against the clean image
2026-09-19 17:40:47,366 INFO model=fbp-unet initial_gradient_norm=0.0061485078
2026-09-19 17:40:48,255 INFO model=fbp-unet epoch=001/120 train_mse=0.0050093 val_mse=0.0051298 val_psnr_db=22.9640 lr=0.001 seconds=1.14 best_epoch=1
2026-09-19 17:40:49,151 INFO model=fbp-unet epoch=002/120 train_mse=0.0047892 val_mse=0.0045746 val_psnr_db=23.4607 lr=0.001 seconds=0.88 best_epoch=2
2026-09-19 17:40:50,058 INFO model=fbp-unet epoch=003/120 train_mse=0.0036976 val_mse=0.0026720 val_psnr_db=25.8127 lr=0.000999 seconds=0.89 best_epoch=3
2026-09-19 17:40:50,965 INFO model=fbp-unet epoch=004/120 train_mse=0.0018941 val_mse=0.0013151 val_psnr_db=28.9441 lr=0.000998 seconds=0.89 best_epoch=4
2026-09-19 17:40:51,873 INFO model=fbp-unet epoch=005/120 train_mse=0.0009659 val_mse=0.0007868 val_psnr_db=31.3161 lr=0.000997 seconds=0.89 best_epoch=5
2026-09-19 17:40:52,779 INFO model=fbp-unet epoch=006/120 train_mse=0.0006713 val_mse=0.0006578 val_psnr_db=32.1052 lr=0.000996 seconds=0.89 best_epoch=6
2026-09-19 17:40:53,686 INFO model=fbp-unet epoch=007/120 train_mse=0.0005339 val_mse=0.0005074 val_psnr_db=33.2675 lr=0.000994 seconds=0.89 best_epoch=7
2026-09-19 17:40:54,594 INFO model=fbp-unet epoch=008/120 train_mse=0.0004648 val_mse=0.0004603 val_psnr_db=33.7034 lr=0.000992 seconds=0.89 best_epoch=8
2026-09-19 17:40:55,503 INFO model=fbp-unet epoch=009/120 train_mse=0.0003899 val_mse=0.0004075 val_psnr_db=34.2283 lr=0.000989 seconds=0.89 best_epoch=9
2026-09-19 17:40:56,411 INFO model=fbp-unet epoch=010/120 train_mse=0.0003726 val_mse=0.0003866 val_psnr_db=34.4937 lr=0.000986 seconds=0.89 best_epoch=10
2026-09-19 17:40:57,320 INFO model=fbp-unet epoch=011/120 train_mse=0.0003360 val_mse=0.0003356 val_psnr_db=35.1151 lr=0.000983 seconds=0.89 best_epoch=11
2026-09-19 17:40:58,227 INFO model=fbp-unet epoch=012/120 train_mse=0.0002932 val_mse=0.0002995 val_psnr_db=35.6677 lr=0.00098 seconds=0.89 best_epoch=12
2026-09-19 17:40:59,134 INFO model=fbp-unet epoch=013/120 train_mse=0.0002621 val_mse=0.0002834 val_psnr_db=35.9154 lr=0.000976 seconds=0.89 best_epoch=13
2026-09-19 17:41:00,040 INFO model=fbp-unet epoch=014/120 train_mse=0.0002828 val_mse=0.0002770 val_psnr_db=36.0251 lr=0.000972 seconds=0.89 best_epoch=14
2026-09-19 17:41:00,948 INFO model=fbp-unet epoch=015/120 train_mse=0.0002811 val_mse=0.0002656 val_psnr_db=36.2100 lr=0.000967 seconds=0.89 best_epoch=15
2026-09-19 17:41:01,856 INFO model=fbp-unet epoch=016/120 train_mse=0.0002319 val_mse=0.0002432 val_psnr_db=36.5545 lr=0.000962 seconds=0.89 best_epoch=16
2026-09-19 17:41:02,764 INFO model=fbp-unet epoch=017/120 train_mse=0.0002108 val_mse=0.0002308 val_psnr_db=36.7675 lr=0.000957 seconds=0.89 best_epoch=17
2026-09-19 17:41:03,674 INFO model=fbp-unet epoch=018/120 train_mse=0.0002019 val_mse=0.0002181 val_psnr_db=37.0546 lr=0.000952 seconds=0.89 best_epoch=18
2026-09-19 17:41:04,586 INFO model=fbp-unet epoch=019/120 train_mse=0.0001944 val_mse=0.0002113 val_psnr_db=37.1735 lr=0.000946 seconds=0.89 best_epoch=19
2026-09-19 17:41:05,498 INFO model=fbp-unet epoch=020/120 train_mse=0.0001842 val_mse=0.0002048 val_psnr_db=37.3016 lr=0.00094 seconds=0.89 best_epoch=20
2026-09-19 17:41:06,411 INFO model=fbp-unet epoch=021/120 train_mse=0.0001775 val_mse=0.0001906 val_psnr_db=37.6144 lr=0.000934 seconds=0.89 best_epoch=21
2026-09-19 17:41:07,334 INFO model=fbp-unet epoch=022/120 train_mse=0.0001702 val_mse=0.0001829 val_psnr_db=37.7833 lr=0.000927 seconds=0.89 best_epoch=22
2026-09-19 17:41:08,246 INFO model=fbp-unet epoch=023/120 train_mse=0.0001702 val_mse=0.0001756 val_psnr_db=37.9965 lr=0.00092 seconds=0.89 best_epoch=23
2026-09-19 17:41:09,155 INFO model=fbp-unet epoch=024/120 train_mse=0.0001583 val_mse=0.0001671 val_psnr_db=38.1868 lr=0.000913 seconds=0.89 best_epoch=24
2026-09-19 17:41:10,062 INFO model=fbp-unet epoch=025/120 train_mse=0.0001675 val_mse=0.0001788 val_psnr_db=37.8807 lr=0.000905 seconds=0.89 best_epoch=24
2026-09-19 17:41:10,973 INFO model=fbp-unet epoch=026/120 train_mse=0.0001574 val_mse=0.0001620 val_psnr_db=38.3001 lr=0.000898 seconds=0.90 best_epoch=26
2026-09-19 17:41:11,886 INFO model=fbp-unet epoch=027/120 train_mse=0.0001456 val_mse=0.0001555 val_psnr_db=38.4956 lr=0.00089 seconds=0.89 best_epoch=27
2026-09-19 17:41:12,799 INFO model=fbp-unet epoch=028/120 train_mse=0.0001398 val_mse=0.0001502 val_psnr_db=38.6362 lr=0.000881 seconds=0.89 best_epoch=28
2026-09-19 17:41:13,707 INFO model=fbp-unet epoch=029/120 train_mse=0.0001407 val_mse=0.0001694 val_psnr_db=38.0398 lr=0.000873 seconds=0.89 best_epoch=28
2026-09-19 17:41:14,621 INFO model=fbp-unet epoch=030/120 train_mse=0.0001392 val_mse=0.0001433 val_psnr_db=38.8530 lr=0.000864 seconds=0.90 best_epoch=30
2026-09-19 17:41:15,528 INFO model=fbp-unet epoch=031/120 train_mse=0.0001344 val_mse=0.0001535 val_psnr_db=38.4799 lr=0.000855 seconds=0.89 best_epoch=30
2026-09-19 17:41:16,435 INFO model=fbp-unet epoch=032/120 train_mse=0.0001374 val_mse=0.0001419 val_psnr_db=38.9649 lr=0.000846 seconds=0.89 best_epoch=32
2026-09-19 17:41:17,338 INFO model=fbp-unet epoch=033/120 train_mse=0.0001266 val_mse=0.0001367 val_psnr_db=39.0945 lr=0.000836 seconds=0.89 best_epoch=33
2026-09-19 17:41:18,252 INFO model=fbp-unet epoch=034/120 train_mse=0.0001412 val_mse=0.0001541 val_psnr_db=38.5913 lr=0.000826 seconds=0.90 best_epoch=33
2026-09-19 17:41:19,155 INFO model=fbp-unet epoch=035/120 train_mse=0.0001371 val_mse=0.0001558 val_psnr_db=38.4105 lr=0.000817 seconds=0.89 best_epoch=33
2026-09-19 17:41:20,057 INFO model=fbp-unet epoch=036/120 train_mse=0.0001319 val_mse=0.0001369 val_psnr_db=39.0224 lr=0.000806 seconds=0.89 best_epoch=33
2026-09-19 17:41:20,955 INFO model=fbp-unet epoch=037/120 train_mse=0.0001221 val_mse=0.0001289 val_psnr_db=39.3330 lr=0.000796 seconds=0.88 best_epoch=37
2026-09-19 17:41:21,852 INFO model=fbp-unet epoch=038/120 train_mse=0.0001174 val_mse=0.0001286 val_psnr_db=39.3042 lr=0.000785 seconds=0.88 best_epoch=38
2026-09-19 17:41:22,751 INFO model=fbp-unet epoch=039/120 train_mse=0.0001164 val_mse=0.0001242 val_psnr_db=39.4597 lr=0.000775 seconds=0.89 best_epoch=39
2026-09-19 17:41:23,646 INFO model=fbp-unet epoch=040/120 train_mse=0.0001184 val_mse=0.0001278 val_psnr_db=39.4192 lr=0.000764 seconds=0.89 best_epoch=39
2026-09-19 17:41:24,542 INFO model=fbp-unet epoch=041/120 train_mse=0.0001158 val_mse=0.0001294 val_psnr_db=39.3777 lr=0.000752 seconds=0.89 best_epoch=39
2026-09-19 17:41:25,444 INFO model=fbp-unet epoch=042/120 train_mse=0.0001107 val_mse=0.0001241 val_psnr_db=39.5296 lr=0.000741 seconds=0.88 best_epoch=42
2026-09-19 17:41:26,340 INFO model=fbp-unet epoch=043/120 train_mse=0.0001139 val_mse=0.0001291 val_psnr_db=39.3755 lr=0.00073 seconds=0.89 best_epoch=42
2026-09-19 17:41:27,237 INFO model=fbp-unet epoch=044/120 train_mse=0.0001141 val_mse=0.0001211 val_psnr_db=39.6103 lr=0.000718 seconds=0.88 best_epoch=44
2026-09-19 17:41:28,135 INFO model=fbp-unet epoch=045/120 train_mse=0.0001066 val_mse=0.0001153 val_psnr_db=39.7938 lr=0.000706 seconds=0.88 best_epoch=45
2026-09-19 17:41:29,029 INFO model=fbp-unet epoch=046/120 train_mse=0.0001081 val_mse=0.0001156 val_psnr_db=39.7985 lr=0.000694 seconds=0.88 best_epoch=45
2026-09-19 17:41:29,928 INFO model=fbp-unet epoch=047/120 train_mse=0.0001084 val_mse=0.0001136 val_psnr_db=39.8716 lr=0.000682 seconds=0.88 best_epoch=47
2026-09-19 17:41:30,823 INFO model=fbp-unet epoch=048/120 train_mse=0.0001027 val_mse=0.0001170 val_psnr_db=39.7924 lr=0.00067 seconds=0.89 best_epoch=47
2026-09-19 17:41:31,712 INFO model=fbp-unet epoch=049/120 train_mse=0.0001035 val_mse=0.0001144 val_psnr_db=39.8288 lr=0.000658 seconds=0.88 best_epoch=47
2026-09-19 17:41:32,609 INFO model=fbp-unet epoch=050/120 train_mse=0.0001018 val_mse=0.0001103 val_psnr_db=39.9997 lr=0.000646 seconds=0.88 best_epoch=50
2026-09-19 17:41:33,510 INFO model=fbp-unet epoch=051/120 train_mse=0.0000994 val_mse=0.0001135 val_psnr_db=39.9092 lr=0.000633 seconds=0.89 best_epoch=50
2026-09-19 17:41:34,414 INFO model=fbp-unet epoch=052/120 train_mse=0.0001099 val_mse=0.0001301 val_psnr_db=39.2954 lr=0.000621 seconds=0.89 best_epoch=50
2026-09-19 17:41:35,310 INFO model=fbp-unet epoch=053/120 train_mse=0.0001199 val_mse=0.0001252 val_psnr_db=39.3563 lr=0.000608 seconds=0.89 best_epoch=50
2026-09-19 17:41:36,209 INFO model=fbp-unet epoch=054/120 train_mse=0.0001073 val_mse=0.0001160 val_psnr_db=39.7564 lr=0.000595 seconds=0.89 best_epoch=50
2026-09-19 17:41:37,106 INFO model=fbp-unet epoch=055/120 train_mse=0.0001024 val_mse=0.0001110 val_psnr_db=40.0442 lr=0.000582 seconds=0.89 best_epoch=50
2026-09-19 17:41:38,002 INFO model=fbp-unet epoch=056/120 train_mse=0.0000971 val_mse=0.0001105 val_psnr_db=40.0356 lr=0.00057 seconds=0.89 best_epoch=50
2026-09-19 17:41:38,904 INFO model=fbp-unet epoch=057/120 train_mse=0.0000952 val_mse=0.0001044 val_psnr_db=40.2275 lr=0.000557 seconds=0.89 best_epoch=57
2026-09-19 17:41:39,801 INFO model=fbp-unet epoch=058/120 train_mse=0.0000947 val_mse=0.0001085 val_psnr_db=40.0989 lr=0.000544 seconds=0.89 best_epoch=57
2026-09-19 17:41:40,700 INFO model=fbp-unet epoch=059/120 train_mse=0.0000968 val_mse=0.0001088 val_psnr_db=40.0527 lr=0.000531 seconds=0.89 best_epoch=57
2026-09-19 17:41:41,599 INFO model=fbp-unet epoch=060/120 train_mse=0.0000946 val_mse=0.0001045 val_psnr_db=40.2820 lr=0.000518 seconds=0.89 best_epoch=57
2026-09-19 17:41:42,502 INFO model=fbp-unet epoch=061/120 train_mse=0.0000928 val_mse=0.0001036 val_psnr_db=40.2739 lr=0.000505 seconds=0.89 best_epoch=61
2026-09-19 17:41:43,402 INFO model=fbp-unet epoch=062/120 train_mse=0.0000933 val_mse=0.0001072 val_psnr_db=40.1237 lr=0.000492 seconds=0.89 best_epoch=61
2026-09-19 17:41:44,304 INFO model=fbp-unet epoch=063/120 train_mse=0.0000932 val_mse=0.0001016 val_psnr_db=40.3796 lr=0.000479 seconds=0.89 best_epoch=63
2026-09-19 17:41:45,206 INFO model=fbp-unet epoch=064/120 train_mse=0.0000912 val_mse=0.0001003 val_psnr_db=40.3996 lr=0.000466 seconds=0.89 best_epoch=64
2026-09-19 17:41:46,105 INFO model=fbp-unet epoch=065/120 train_mse=0.0000923 val_mse=0.0001027 val_psnr_db=40.2966 lr=0.000453 seconds=0.89 best_epoch=64
2026-09-19 17:41:47,004 INFO model=fbp-unet epoch=066/120 train_mse=0.0000900 val_mse=0.0001004 val_psnr_db=40.4571 lr=0.00044 seconds=0.89 best_epoch=64
2026-09-19 17:41:47,903 INFO model=fbp-unet epoch=067/120 train_mse=0.0000906 val_mse=0.0001123 val_psnr_db=39.8695 lr=0.000428 seconds=0.89 best_epoch=64
2026-09-19 17:41:48,800 INFO model=fbp-unet epoch=068/120 train_mse=0.0000959 val_mse=0.0001104 val_psnr_db=39.9666 lr=0.000415 seconds=0.89 best_epoch=64
2026-09-19 17:41:49,698 INFO model=fbp-unet epoch=069/120 train_mse=0.0000918 val_mse=0.0001081 val_psnr_db=40.0154 lr=0.000402 seconds=0.89 best_epoch=64
2026-09-19 17:41:50,603 INFO model=fbp-unet epoch=070/120 train_mse=0.0000914 val_mse=0.0000972 val_psnr_db=40.5507 lr=0.000389 seconds=0.89 best_epoch=70
2026-09-19 17:41:51,504 INFO model=fbp-unet epoch=071/120 train_mse=0.0000867 val_mse=0.0000966 val_psnr_db=40.5843 lr=0.000377 seconds=0.89 best_epoch=71
2026-09-19 17:41:52,406 INFO model=fbp-unet epoch=072/120 train_mse=0.0000865 val_mse=0.0000979 val_psnr_db=40.5717 lr=0.000364 seconds=0.89 best_epoch=71
2026-09-19 17:41:53,333 INFO model=fbp-unet epoch=073/120 train_mse=0.0000867 val_mse=0.0000965 val_psnr_db=40.6003 lr=0.000352 seconds=0.91 best_epoch=73
2026-09-19 17:41:54,295 INFO model=fbp-unet epoch=074/120 train_mse=0.0000860 val_mse=0.0000955 val_psnr_db=40.6554 lr=0.00034 seconds=0.95 best_epoch=74
2026-09-19 17:41:55,288 INFO model=fbp-unet epoch=075/120 train_mse=0.0000848 val_mse=0.0000944 val_psnr_db=40.6662 lr=0.000328 seconds=0.98 best_epoch=75
2026-09-19 17:41:56,191 INFO model=fbp-unet epoch=076/120 train_mse=0.0000851 val_mse=0.0000953 val_psnr_db=40.6190 lr=0.000316 seconds=0.89 best_epoch=75
2026-09-19 17:41:57,092 INFO model=fbp-unet epoch=077/120 train_mse=0.0000848 val_mse=0.0000948 val_psnr_db=40.6895 lr=0.000304 seconds=0.89 best_epoch=75
2026-09-19 17:41:57,994 INFO model=fbp-unet epoch=078/120 train_mse=0.0000841 val_mse=0.0000942 val_psnr_db=40.7183 lr=0.000292 seconds=0.89 best_epoch=78
2026-09-19 17:41:58,896 INFO model=fbp-unet epoch=079/120 train_mse=0.0000842 val_mse=0.0000932 val_psnr_db=40.7237 lr=0.00028 seconds=0.89 best_epoch=79
2026-09-19 17:41:59,795 INFO model=fbp-unet epoch=080/120 train_mse=0.0000840 val_mse=0.0000944 val_psnr_db=40.6953 lr=0.000269 seconds=0.89 best_epoch=79
2026-09-19 17:42:00,701 INFO model=fbp-unet epoch=081/120 train_mse=0.0000830 val_mse=0.0000929 val_psnr_db=40.7688 lr=0.000257 seconds=0.89 best_epoch=81
2026-09-19 17:42:01,604 INFO model=fbp-unet epoch=082/120 train_mse=0.0000826 val_mse=0.0000929 val_psnr_db=40.7516 lr=0.000246 seconds=0.89 best_epoch=81
2026-09-19 17:42:02,512 INFO model=fbp-unet epoch=083/120 train_mse=0.0000827 val_mse=0.0000939 val_psnr_db=40.7311 lr=0.000235 seconds=0.90 best_epoch=81
2026-09-19 17:42:03,433 INFO model=fbp-unet epoch=084/120 train_mse=0.0000829 val_mse=0.0000927 val_psnr_db=40.7502 lr=0.000225 seconds=0.91 best_epoch=84
2026-09-19 17:42:04,341 INFO model=fbp-unet epoch=085/120 train_mse=0.0000825 val_mse=0.0000933 val_psnr_db=40.7713 lr=0.000214 seconds=0.89 best_epoch=84
2026-09-19 17:42:05,247 INFO model=fbp-unet epoch=086/120 train_mse=0.0000816 val_mse=0.0000917 val_psnr_db=40.8085 lr=0.000204 seconds=0.89 best_epoch=86
2026-09-19 17:42:06,145 INFO model=fbp-unet epoch=087/120 train_mse=0.0000816 val_mse=0.0000925 val_psnr_db=40.8002 lr=0.000193 seconds=0.89 best_epoch=86
2026-09-19 17:42:07,043 INFO model=fbp-unet epoch=088/120 train_mse=0.0000817 val_mse=0.0000944 val_psnr_db=40.7299 lr=0.000184 seconds=0.89 best_epoch=86
2026-09-19 17:42:07,943 INFO model=fbp-unet epoch=089/120 train_mse=0.0000828 val_mse=0.0000919 val_psnr_db=40.7979 lr=0.000174 seconds=0.89 best_epoch=86
2026-09-19 17:42:08,843 INFO model=fbp-unet epoch=090/120 train_mse=0.0000817 val_mse=0.0000927 val_psnr_db=40.7651 lr=0.000164 seconds=0.89 best_epoch=86
2026-09-19 17:42:09,748 INFO model=fbp-unet epoch=091/120 train_mse=0.0000807 val_mse=0.0000908 val_psnr_db=40.8592 lr=0.000155 seconds=0.89 best_epoch=91
2026-09-19 17:42:10,646 INFO model=fbp-unet epoch=092/120 train_mse=0.0000804 val_mse=0.0000911 val_psnr_db=40.8460 lr=0.000146 seconds=0.89 best_epoch=91
2026-09-19 17:42:11,547 INFO model=fbp-unet epoch=093/120 train_mse=0.0000804 val_mse=0.0000922 val_psnr_db=40.8173 lr=0.000137 seconds=0.89 best_epoch=91
2026-09-19 17:42:12,448 INFO model=fbp-unet epoch=094/120 train_mse=0.0000805 val_mse=0.0000900 val_psnr_db=40.8685 lr=0.000129 seconds=0.89 best_epoch=94
2026-09-19 17:42:13,349 INFO model=fbp-unet epoch=095/120 train_mse=0.0000799 val_mse=0.0000912 val_psnr_db=40.8796 lr=0.00012 seconds=0.89 best_epoch=94
2026-09-19 17:42:14,249 INFO model=fbp-unet epoch=096/120 train_mse=0.0000798 val_mse=0.0000903 val_psnr_db=40.8917 lr=0.000112 seconds=0.89 best_epoch=94
2026-09-19 17:42:15,153 INFO model=fbp-unet epoch=097/120 train_mse=0.0000798 val_mse=0.0000905 val_psnr_db=40.8999 lr=0.000105 seconds=0.89 best_epoch=94
2026-09-19 17:42:16,069 INFO model=fbp-unet epoch=098/120 train_mse=0.0000797 val_mse=0.0000898 val_psnr_db=40.9163 lr=9.71e-05 seconds=0.90 best_epoch=98
2026-09-19 17:42:16,990 INFO model=fbp-unet epoch=099/120 train_mse=0.0000795 val_mse=0.0000898 val_psnr_db=40.8951 lr=8.99e-05 seconds=0.90 best_epoch=99
2026-09-19 17:42:17,894 INFO model=fbp-unet epoch=100/120 train_mse=0.0000795 val_mse=0.0000895 val_psnr_db=40.9266 lr=8.29e-05 seconds=0.89 best_epoch=100
2026-09-19 17:42:18,792 INFO model=fbp-unet epoch=101/120 train_mse=0.0000790 val_mse=0.0000896 val_psnr_db=40.9360 lr=7.63e-05 seconds=0.89 best_epoch=100
2026-09-19 17:42:19,696 INFO model=fbp-unet epoch=102/120 train_mse=0.0000790 val_mse=0.0000892 val_psnr_db=40.9356 lr=7e-05 seconds=0.89 best_epoch=102
2026-09-19 17:42:20,600 INFO model=fbp-unet epoch=103/120 train_mse=0.0000788 val_mse=0.0000890 val_psnr_db=40.9516 lr=6.4e-05 seconds=0.89 best_epoch=103
2026-09-19 17:42:21,499 INFO model=fbp-unet epoch=104/120 train_mse=0.0000786 val_mse=0.0000891 val_psnr_db=40.9548 lr=5.82e-05 seconds=0.89 best_epoch=103
2026-09-19 17:42:22,400 INFO model=fbp-unet epoch=105/120 train_mse=0.0000786 val_mse=0.0000890 val_psnr_db=40.9556 lr=5.28e-05 seconds=0.89 best_epoch=103
2026-09-19 17:42:23,306 INFO model=fbp-unet epoch=106/120 train_mse=0.0000786 val_mse=0.0000888 val_psnr_db=40.9586 lr=4.77e-05 seconds=0.89 best_epoch=106
2026-09-19 17:42:24,207 INFO model=fbp-unet epoch=107/120 train_mse=0.0000785 val_mse=0.0000895 val_psnr_db=40.9337 lr=4.29e-05 seconds=0.89 best_epoch=106
2026-09-19 17:42:25,115 INFO model=fbp-unet epoch=108/120 train_mse=0.0000786 val_mse=0.0000888 val_psnr_db=40.9509 lr=3.84e-05 seconds=0.89 best_epoch=108
2026-09-19 17:42:26,020 INFO model=fbp-unet epoch=109/120 train_mse=0.0000785 val_mse=0.0000890 val_psnr_db=40.9484 lr=3.42e-05 seconds=0.90 best_epoch=108
2026-09-19 17:42:26,927 INFO model=fbp-unet epoch=110/120 train_mse=0.0000785 val_mse=0.0000891 val_psnr_db=40.9465 lr=3.04e-05 seconds=0.90 best_epoch=108
2026-09-19 17:42:27,829 INFO model=fbp-unet epoch=111/120 train_mse=0.0000784 val_mse=0.0000888 val_psnr_db=40.9571 lr=2.69e-05 seconds=0.89 best_epoch=111
2026-09-19 17:42:28,735 INFO model=fbp-unet epoch=112/120 train_mse=0.0000783 val_mse=0.0000887 val_psnr_db=40.9655 lr=2.37e-05 seconds=0.89 best_epoch=112
2026-09-19 17:42:29,633 INFO model=fbp-unet epoch=113/120 train_mse=0.0000783 val_mse=0.0000888 val_psnr_db=40.9658 lr=2.08e-05 seconds=0.89 best_epoch=112
2026-09-19 17:42:30,540 INFO model=fbp-unet epoch=114/120 train_mse=0.0000782 val_mse=0.0000886 val_psnr_db=40.9735 lr=1.83e-05 seconds=0.89 best_epoch=114
2026-09-19 17:42:31,444 INFO model=fbp-unet epoch=115/120 train_mse=0.0000782 val_mse=0.0000887 val_psnr_db=40.9733 lr=1.61e-05 seconds=0.89 best_epoch=114
2026-09-19 17:42:32,353 INFO model=fbp-unet epoch=116/120 train_mse=0.0000781 val_mse=0.0000886 val_psnr_db=40.9751 lr=1.42e-05 seconds=0.90 best_epoch=114
2026-09-19 17:42:33,256 INFO model=fbp-unet epoch=117/120 train_mse=0.0000781 val_mse=0.0000885 val_psnr_db=40.9768 lr=1.27e-05 seconds=0.89 best_epoch=117
2026-09-19 17:42:34,155 INFO model=fbp-unet epoch=118/120 train_mse=0.0000781 val_mse=0.0000885 val_psnr_db=40.9775 lr=1.15e-05 seconds=0.89 best_epoch=117
2026-09-19 17:42:35,052 INFO model=fbp-unet epoch=119/120 train_mse=0.0000781 val_mse=0.0000886 val_psnr_db=40.9737 lr=1.07e-05 seconds=0.89 best_epoch=117
2026-09-19 17:42:35,953 INFO model=fbp-unet epoch=120/120 train_mse=0.0000781 val_mse=0.0000886 val_psnr_db=40.9759 lr=1.02e-05 seconds=0.89 best_epoch=117
2026-09-19 17:42:35,971 INFO model=fbp-unet training_complete seconds=108.86 best_epoch=117 peak_memory_bytes=2872890368
2026-09-19 17:42:35,976 INFO model=lpd parameters=253220 epochs=120 lr=0.001 device=cuda supervised=True selected_on=image MSE against the clean image
2026-09-19 17:42:36,452 INFO model=lpd initial_gradient_norm=0.69456905
2026-09-19 17:42:36,453 INFO model=lpd first_dual_updates_gradient_norm=0.00084648288
2026-09-19 17:42:36,453 INFO model=lpd first_primal_updates_gradient_norm=0.21540444
2026-09-19 17:42:42,525 INFO model=lpd epoch=001/120 train_mse=0.0256266 val_mse=0.0208229 val_psnr_db=17.1708 lr=0.001 seconds=6.54 best_epoch=1
2026-09-19 17:42:49,087 INFO model=lpd epoch=002/120 train_mse=0.0139392 val_mse=0.0120600 val_psnr_db=19.7591 lr=0.001 seconds=6.52 best_epoch=2
2026-09-19 17:42:55,643 INFO model=lpd epoch=003/120 train_mse=0.0109734 val_mse=0.0122487 val_psnr_db=19.4242 lr=0.000999 seconds=6.53 best_epoch=2
2026-09-19 17:43:02,220 INFO model=lpd epoch=004/120 train_mse=0.0084869 val_mse=0.0069764 val_psnr_db=21.9031 lr=0.000998 seconds=6.54 best_epoch=4
2026-09-19 17:43:08,794 INFO model=lpd epoch=005/120 train_mse=0.0056782 val_mse=0.0045511 val_psnr_db=23.9837 lr=0.000997 seconds=6.54 best_epoch=5
2026-09-19 17:43:15,362 INFO model=lpd epoch=006/120 train_mse=0.0031074 val_mse=0.0026325 val_psnr_db=26.4310 lr=0.000996 seconds=6.53 best_epoch=6
2026-09-19 17:43:21,931 INFO model=lpd epoch=007/120 train_mse=0.0021649 val_mse=0.0021763 val_psnr_db=27.1524 lr=0.000994 seconds=6.53 best_epoch=7
2026-09-19 17:43:28,506 INFO model=lpd epoch=008/120 train_mse=0.0018132 val_mse=0.0020028 val_psnr_db=27.5135 lr=0.000992 seconds=6.53 best_epoch=8
2026-09-19 17:43:35,078 INFO model=lpd epoch=009/120 train_mse=0.0016523 val_mse=0.0018801 val_psnr_db=27.7929 lr=0.000989 seconds=6.53 best_epoch=9
2026-09-19 17:43:41,649 INFO model=lpd epoch=010/120 train_mse=0.0015830 val_mse=0.0016382 val_psnr_db=28.4247 lr=0.000986 seconds=6.53 best_epoch=10
2026-09-19 17:43:48,222 INFO model=lpd epoch=011/120 train_mse=0.0013690 val_mse=0.0015152 val_psnr_db=28.8103 lr=0.000983 seconds=6.53 best_epoch=11
2026-09-19 17:43:54,794 INFO model=lpd epoch=012/120 train_mse=0.0012487 val_mse=0.0013716 val_psnr_db=29.1919 lr=0.00098 seconds=6.53 best_epoch=12
2026-09-19 17:44:01,367 INFO model=lpd epoch=013/120 train_mse=0.0011300 val_mse=0.0011423 val_psnr_db=29.9957 lr=0.000976 seconds=6.53 best_epoch=13
2026-09-19 17:44:07,941 INFO model=lpd epoch=014/120 train_mse=0.0009725 val_mse=0.0010305 val_psnr_db=30.4700 lr=0.000972 seconds=6.53 best_epoch=14
2026-09-19 17:44:14,504 INFO model=lpd epoch=015/120 train_mse=0.0011270 val_mse=0.0011884 val_psnr_db=29.7902 lr=0.000967 seconds=6.53 best_epoch=14
2026-09-19 17:44:21,079 INFO model=lpd epoch=016/120 train_mse=0.0012967 val_mse=0.0015005 val_psnr_db=28.9191 lr=0.000962 seconds=6.54 best_epoch=14
2026-09-19 17:44:27,652 INFO model=lpd epoch=017/120 train_mse=0.0013007 val_mse=0.0012620 val_psnr_db=29.4561 lr=0.000957 seconds=6.54 best_epoch=14
2026-09-19 17:44:34,217 INFO model=lpd epoch=018/120 train_mse=0.0010763 val_mse=0.0010943 val_psnr_db=30.0926 lr=0.000952 seconds=6.54 best_epoch=14
2026-09-19 17:44:40,792 INFO model=lpd epoch=019/120 train_mse=0.0009096 val_mse=0.0009482 val_psnr_db=30.8257 lr=0.000946 seconds=6.54 best_epoch=19
2026-09-19 17:44:47,366 INFO model=lpd epoch=020/120 train_mse=0.0008168 val_mse=0.0008652 val_psnr_db=31.2010 lr=0.00094 seconds=6.53 best_epoch=20
2026-09-19 17:44:53,940 INFO model=lpd epoch=021/120 train_mse=0.0007426 val_mse=0.0008587 val_psnr_db=31.2424 lr=0.000934 seconds=6.54 best_epoch=21
2026-09-19 17:45:00,506 INFO model=lpd epoch=022/120 train_mse=0.0007385 val_mse=0.0009139 val_psnr_db=30.8462 lr=0.000927 seconds=6.54 best_epoch=21
2026-09-19 17:45:07,075 INFO model=lpd epoch=023/120 train_mse=0.0008440 val_mse=0.0011548 val_psnr_db=29.8994 lr=0.00092 seconds=6.54 best_epoch=21
2026-09-19 17:45:13,651 INFO model=lpd epoch=024/120 train_mse=0.0007944 val_mse=0.0007917 val_psnr_db=31.5264 lr=0.000913 seconds=6.54 best_epoch=24
2026-09-19 17:45:20,228 INFO model=lpd epoch=025/120 train_mse=0.0006480 val_mse=0.0006950 val_psnr_db=32.1686 lr=0.000905 seconds=6.54 best_epoch=25
2026-09-19 17:45:26,805 INFO model=lpd epoch=026/120 train_mse=0.0005763 val_mse=0.0006159 val_psnr_db=32.6930 lr=0.000898 seconds=6.54 best_epoch=26
2026-09-19 17:45:33,375 INFO model=lpd epoch=027/120 train_mse=0.0005535 val_mse=0.0007835 val_psnr_db=31.6171 lr=0.00089 seconds=6.54 best_epoch=26
2026-09-19 17:45:39,945 INFO model=lpd epoch=028/120 train_mse=0.0007047 val_mse=0.0007440 val_psnr_db=31.7629 lr=0.000881 seconds=6.54 best_epoch=26
2026-09-19 17:45:46,527 INFO model=lpd epoch=029/120 train_mse=0.0005772 val_mse=0.0005801 val_psnr_db=32.9238 lr=0.000873 seconds=6.54 best_epoch=29
2026-09-19 17:45:53,106 INFO model=lpd epoch=030/120 train_mse=0.0004978 val_mse=0.0005268 val_psnr_db=33.3417 lr=0.000864 seconds=6.54 best_epoch=30
2026-09-19 17:45:59,687 INFO model=lpd epoch=031/120 train_mse=0.0004568 val_mse=0.0004901 val_psnr_db=33.6615 lr=0.000855 seconds=6.54 best_epoch=31
2026-09-19 17:46:06,256 INFO model=lpd epoch=032/120 train_mse=0.0004481 val_mse=0.0005068 val_psnr_db=33.5481 lr=0.000846 seconds=6.54 best_epoch=31
2026-09-19 17:46:12,836 INFO model=lpd epoch=033/120 train_mse=0.0004390 val_mse=0.0004879 val_psnr_db=33.6113 lr=0.000836 seconds=6.54 best_epoch=33
2026-09-19 17:46:19,417 INFO model=lpd epoch=034/120 train_mse=0.0004266 val_mse=0.0004708 val_psnr_db=33.8083 lr=0.000826 seconds=6.54 best_epoch=34
2026-09-19 17:46:25,996 INFO model=lpd epoch=035/120 train_mse=0.0004020 val_mse=0.0004457 val_psnr_db=34.0635 lr=0.000817 seconds=6.54 best_epoch=35
2026-09-19 17:46:32,575 INFO model=lpd epoch=036/120 train_mse=0.0003881 val_mse=0.0004331 val_psnr_db=34.1917 lr=0.000806 seconds=6.54 best_epoch=36
2026-09-19 17:46:39,154 INFO model=lpd epoch=037/120 train_mse=0.0003848 val_mse=0.0004285 val_psnr_db=34.2408 lr=0.000796 seconds=6.54 best_epoch=37
2026-09-19 17:46:45,731 INFO model=lpd epoch=038/120 train_mse=0.0003750 val_mse=0.0004198 val_psnr_db=34.3158 lr=0.000785 seconds=6.54 best_epoch=38
2026-09-19 17:46:52,309 INFO model=lpd epoch=039/120 train_mse=0.0003690 val_mse=0.0004155 val_psnr_db=34.3721 lr=0.000775 seconds=6.54 best_epoch=39
2026-09-19 17:46:58,886 INFO model=lpd epoch=040/120 train_mse=0.0003627 val_mse=0.0004071 val_psnr_db=34.4529 lr=0.000764 seconds=6.54 best_epoch=40
2026-09-19 17:47:05,466 INFO model=lpd epoch=041/120 train_mse=0.0003577 val_mse=0.0004033 val_psnr_db=34.4904 lr=0.000752 seconds=6.54 best_epoch=41
2026-09-19 17:47:12,031 INFO model=lpd epoch=042/120 train_mse=0.0005868 val_mse=0.0021653 val_psnr_db=27.2186 lr=0.000741 seconds=6.54 best_epoch=41
2026-09-19 17:47:18,594 INFO model=lpd epoch=043/120 train_mse=0.0296910 val_mse=0.0191862 val_psnr_db=17.4371 lr=0.00073 seconds=6.53 best_epoch=41
2026-09-19 17:47:25,162 INFO model=lpd epoch=044/120 train_mse=0.0077566 val_mse=0.0047323 val_psnr_db=23.7412 lr=0.000718 seconds=6.54 best_epoch=41
2026-09-19 17:47:31,731 INFO model=lpd epoch=045/120 train_mse=0.0049577 val_mse=0.0212396 val_psnr_db=17.0774 lr=0.000706 seconds=6.54 best_epoch=41
2026-09-19 17:47:38,299 INFO model=lpd epoch=046/120 train_mse=0.0061162 val_mse=0.0038730 val_psnr_db=24.3549 lr=0.000694 seconds=6.54 best_epoch=41
2026-09-19 17:47:44,870 INFO model=lpd epoch=047/120 train_mse=0.0030553 val_mse=0.0029623 val_psnr_db=25.7053 lr=0.000682 seconds=6.54 best_epoch=41
2026-09-19 17:47:51,442 INFO model=lpd epoch=048/120 train_mse=0.0025528 val_mse=0.0023945 val_psnr_db=26.7250 lr=0.00067 seconds=6.54 best_epoch=41
2026-09-19 17:47:58,016 INFO model=lpd epoch=049/120 train_mse=0.0020534 val_mse=0.0020500 val_psnr_db=27.3663 lr=0.000658 seconds=6.54 best_epoch=41
2026-09-19 17:48:04,587 INFO model=lpd epoch=050/120 train_mse=0.0017608 val_mse=0.0017463 val_psnr_db=28.0855 lr=0.000646 seconds=6.54 best_epoch=41
2026-09-19 17:48:11,158 INFO model=lpd epoch=051/120 train_mse=0.0015429 val_mse=0.0015514 val_psnr_db=28.6130 lr=0.000633 seconds=6.54 best_epoch=41
2026-09-19 17:48:17,726 INFO model=lpd epoch=052/120 train_mse=0.0013560 val_mse=0.0014201 val_psnr_db=29.0161 lr=0.000621 seconds=6.54 best_epoch=41
2026-09-19 17:48:24,299 INFO model=lpd epoch=053/120 train_mse=0.0012258 val_mse=0.0013016 val_psnr_db=29.3809 lr=0.000608 seconds=6.54 best_epoch=41
2026-09-19 17:48:30,873 INFO model=lpd epoch=054/120 train_mse=0.0011374 val_mse=0.0012087 val_psnr_db=29.7007 lr=0.000595 seconds=6.54 best_epoch=41
2026-09-19 17:48:37,442 INFO model=lpd epoch=055/120 train_mse=0.0010824 val_mse=0.0011879 val_psnr_db=29.7619 lr=0.000582 seconds=6.54 best_epoch=41
2026-09-19 17:48:44,016 INFO model=lpd epoch=056/120 train_mse=0.0010593 val_mse=0.0012416 val_psnr_db=29.5785 lr=0.00057 seconds=6.54 best_epoch=41
2026-09-19 17:48:50,590 INFO model=lpd epoch=057/120 train_mse=0.0010410 val_mse=0.0011148 val_psnr_db=30.0510 lr=0.000557 seconds=6.54 best_epoch=41
2026-09-19 17:48:57,161 INFO model=lpd epoch=058/120 train_mse=0.0010199 val_mse=0.0011583 val_psnr_db=29.8854 lr=0.000544 seconds=6.54 best_epoch=41
2026-09-19 17:49:03,733 INFO model=lpd epoch=059/120 train_mse=0.0010359 val_mse=0.0010533 val_psnr_db=30.2906 lr=0.000531 seconds=6.54 best_epoch=41
2026-09-19 17:49:10,315 INFO model=lpd epoch=060/120 train_mse=0.0009497 val_mse=0.0010082 val_psnr_db=30.4994 lr=0.000518 seconds=6.55 best_epoch=41
2026-09-19 17:49:16,894 INFO model=lpd epoch=061/120 train_mse=0.0009773 val_mse=0.0010311 val_psnr_db=30.4318 lr=0.000505 seconds=6.55 best_epoch=41
2026-09-19 17:49:23,468 INFO model=lpd epoch=062/120 train_mse=0.0009015 val_mse=0.0010074 val_psnr_db=30.5094 lr=0.000492 seconds=6.54 best_epoch=41
2026-09-19 17:49:30,041 INFO model=lpd epoch=063/120 train_mse=0.0008834 val_mse=0.0009391 val_psnr_db=30.8072 lr=0.000479 seconds=6.54 best_epoch=41
2026-09-19 17:49:36,612 INFO model=lpd epoch=064/120 train_mse=0.0008263 val_mse=0.0009266 val_psnr_db=30.8564 lr=0.000466 seconds=6.54 best_epoch=41
2026-09-19 17:49:43,184 INFO model=lpd epoch=065/120 train_mse=0.0008020 val_mse=0.0008485 val_psnr_db=31.2408 lr=0.000453 seconds=6.54 best_epoch=41
2026-09-19 17:49:49,757 INFO model=lpd epoch=066/120 train_mse=0.0008404 val_mse=0.0013298 val_psnr_db=29.1725 lr=0.00044 seconds=6.54 best_epoch=41
2026-09-19 17:49:56,329 INFO model=lpd epoch=067/120 train_mse=0.0011603 val_mse=0.0011784 val_psnr_db=29.8318 lr=0.000428 seconds=6.54 best_epoch=41
2026-09-19 17:50:02,902 INFO model=lpd epoch=068/120 train_mse=0.0010392 val_mse=0.0010973 val_psnr_db=30.0341 lr=0.000415 seconds=6.54 best_epoch=41
2026-09-19 17:50:09,486 INFO model=lpd epoch=069/120 train_mse=0.0009272 val_mse=0.0009600 val_psnr_db=30.7215 lr=0.000402 seconds=6.55 best_epoch=41
2026-09-19 17:50:16,075 INFO model=lpd epoch=070/120 train_mse=0.0008569 val_mse=0.0009184 val_psnr_db=30.9093 lr=0.000389 seconds=6.56 best_epoch=41
2026-09-19 17:50:22,663 INFO model=lpd epoch=071/120 train_mse=0.0007818 val_mse=0.0008441 val_psnr_db=31.2869 lr=0.000377 seconds=6.56 best_epoch=41
2026-09-19 17:50:29,251 INFO model=lpd epoch=072/120 train_mse=0.0007370 val_mse=0.0007937 val_psnr_db=31.5587 lr=0.000364 seconds=6.56 best_epoch=41
2026-09-19 17:50:35,839 INFO model=lpd epoch=073/120 train_mse=0.0007407 val_mse=0.0009306 val_psnr_db=30.8467 lr=0.000352 seconds=6.56 best_epoch=41
2026-09-19 17:50:42,438 INFO model=lpd epoch=074/120 train_mse=0.0007857 val_mse=0.0007712 val_psnr_db=31.6736 lr=0.00034 seconds=6.57 best_epoch=41
2026-09-19 17:50:49,034 INFO model=lpd epoch=075/120 train_mse=0.0006733 val_mse=0.0007533 val_psnr_db=31.7846 lr=0.000328 seconds=6.57 best_epoch=41
2026-09-19 17:50:55,622 INFO model=lpd epoch=076/120 train_mse=0.0006445 val_mse=0.0007069 val_psnr_db=32.0457 lr=0.000316 seconds=6.56 best_epoch=41
2026-09-19 17:51:02,210 INFO model=lpd epoch=077/120 train_mse=0.0006383 val_mse=0.0006989 val_psnr_db=32.1092 lr=0.000304 seconds=6.56 best_epoch=41
2026-09-19 17:51:08,799 INFO model=lpd epoch=078/120 train_mse=0.0006013 val_mse=0.0007337 val_psnr_db=31.9183 lr=0.000292 seconds=6.56 best_epoch=41
2026-09-19 17:51:15,391 INFO model=lpd epoch=079/120 train_mse=0.0006160 val_mse=0.0006926 val_psnr_db=32.1669 lr=0.00028 seconds=6.56 best_epoch=41
2026-09-19 17:51:21,983 INFO model=lpd epoch=080/120 train_mse=0.0005917 val_mse=0.0006633 val_psnr_db=32.3303 lr=0.000269 seconds=6.56 best_epoch=41
2026-09-19 17:51:28,571 INFO model=lpd epoch=081/120 train_mse=0.0005697 val_mse=0.0006399 val_psnr_db=32.4738 lr=0.000257 seconds=6.56 best_epoch=41
2026-09-19 17:51:35,160 INFO model=lpd epoch=082/120 train_mse=0.0005552 val_mse=0.0006293 val_psnr_db=32.5458 lr=0.000246 seconds=6.56 best_epoch=41
2026-09-19 17:51:41,749 INFO model=lpd epoch=083/120 train_mse=0.0005454 val_mse=0.0006295 val_psnr_db=32.5463 lr=0.000235 seconds=6.56 best_epoch=41
2026-09-19 17:51:48,338 INFO model=lpd epoch=084/120 train_mse=0.0005408 val_mse=0.0006180 val_psnr_db=32.6198 lr=0.000225 seconds=6.56 best_epoch=41
2026-09-19 17:51:54,930 INFO model=lpd epoch=085/120 train_mse=0.0005322 val_mse=0.0006043 val_psnr_db=32.7241 lr=0.000214 seconds=6.56 best_epoch=41
2026-09-19 17:52:01,519 INFO model=lpd epoch=086/120 train_mse=0.0005245 val_mse=0.0005966 val_psnr_db=32.7680 lr=0.000204 seconds=6.56 best_epoch=41
2026-09-19 17:52:08,108 INFO model=lpd epoch=087/120 train_mse=0.0005172 val_mse=0.0005933 val_psnr_db=32.8159 lr=0.000193 seconds=6.56 best_epoch=41
2026-09-19 17:52:14,697 INFO model=lpd epoch=088/120 train_mse=0.0005167 val_mse=0.0005903 val_psnr_db=32.8216 lr=0.000184 seconds=6.56 best_epoch=41
2026-09-19 17:52:21,286 INFO model=lpd epoch=089/120 train_mse=0.0005243 val_mse=0.0005815 val_psnr_db=32.8770 lr=0.000174 seconds=6.56 best_epoch=41
2026-09-19 17:52:27,875 INFO model=lpd epoch=090/120 train_mse=0.0005131 val_mse=0.0005957 val_psnr_db=32.7664 lr=0.000164 seconds=6.56 best_epoch=41
2026-09-19 17:52:34,465 INFO model=lpd epoch=091/120 train_mse=0.0005160 val_mse=0.0005905 val_psnr_db=32.8136 lr=0.000155 seconds=6.56 best_epoch=41
2026-09-19 17:52:41,058 INFO model=lpd epoch=092/120 train_mse=0.0005047 val_mse=0.0005797 val_psnr_db=32.9033 lr=0.000146 seconds=6.56 best_epoch=41
2026-09-19 17:52:47,651 INFO model=lpd epoch=093/120 train_mse=0.0004958 val_mse=0.0005680 val_psnr_db=32.9930 lr=0.000137 seconds=6.56 best_epoch=41
2026-09-19 17:52:54,245 INFO model=lpd epoch=094/120 train_mse=0.0004914 val_mse=0.0005664 val_psnr_db=32.9802 lr=0.000129 seconds=6.56 best_epoch=41
2026-09-19 17:53:00,839 INFO model=lpd epoch=095/120 train_mse=0.0004891 val_mse=0.0005619 val_psnr_db=33.0240 lr=0.00012 seconds=6.56 best_epoch=41
2026-09-19 17:53:07,431 INFO model=lpd epoch=096/120 train_mse=0.0005032 val_mse=0.0005593 val_psnr_db=33.0434 lr=0.000112 seconds=6.56 best_epoch=41
2026-09-19 17:53:14,025 INFO model=lpd epoch=097/120 train_mse=0.0004913 val_mse=0.0005640 val_psnr_db=33.0186 lr=0.000105 seconds=6.56 best_epoch=41
2026-09-19 17:53:20,619 INFO model=lpd epoch=098/120 train_mse=0.0004859 val_mse=0.0005601 val_psnr_db=33.0473 lr=9.71e-05 seconds=6.56 best_epoch=41
2026-09-19 17:53:27,213 INFO model=lpd epoch=099/120 train_mse=0.0004828 val_mse=0.0005553 val_psnr_db=33.0995 lr=8.99e-05 seconds=6.56 best_epoch=41
2026-09-19 17:53:33,803 INFO model=lpd epoch=100/120 train_mse=0.0004810 val_mse=0.0005506 val_psnr_db=33.1077 lr=8.29e-05 seconds=6.56 best_epoch=41
2026-09-19 17:53:40,394 INFO model=lpd epoch=101/120 train_mse=0.0004777 val_mse=0.0005433 val_psnr_db=33.1867 lr=7.63e-05 seconds=6.56 best_epoch=41
2026-09-19 17:53:46,985 INFO model=lpd epoch=102/120 train_mse=0.0004728 val_mse=0.0005410 val_psnr_db=33.2032 lr=7e-05 seconds=6.56 best_epoch=41
2026-09-19 17:53:53,577 INFO model=lpd epoch=103/120 train_mse=0.0004711 val_mse=0.0005397 val_psnr_db=33.2124 lr=6.4e-05 seconds=6.56 best_epoch=41
2026-09-19 17:54:00,164 INFO model=lpd epoch=104/120 train_mse=0.0004695 val_mse=0.0005416 val_psnr_db=33.2095 lr=5.82e-05 seconds=6.56 best_epoch=41
2026-09-19 17:54:06,816 INFO model=lpd epoch=105/120 train_mse=0.0004683 val_mse=0.0005364 val_psnr_db=33.2412 lr=5.28e-05 seconds=6.62 best_epoch=41
2026-09-19 17:54:13,414 INFO model=lpd epoch=106/120 train_mse=0.0004670 val_mse=0.0005353 val_psnr_db=33.2496 lr=4.77e-05 seconds=6.57 best_epoch=41
2026-09-19 17:54:20,002 INFO model=lpd epoch=107/120 train_mse=0.0004660 val_mse=0.0005339 val_psnr_db=33.2600 lr=4.29e-05 seconds=6.55 best_epoch=41
2026-09-19 17:54:26,594 INFO model=lpd epoch=108/120 train_mse=0.0004652 val_mse=0.0005328 val_psnr_db=33.2718 lr=3.84e-05 seconds=6.56 best_epoch=41
2026-09-19 17:54:33,185 INFO model=lpd epoch=109/120 train_mse=0.0004644 val_mse=0.0005344 val_psnr_db=33.2635 lr=3.42e-05 seconds=6.56 best_epoch=41
2026-09-19 17:54:39,779 INFO model=lpd epoch=110/120 train_mse=0.0004638 val_mse=0.0005332 val_psnr_db=33.2711 lr=3.04e-05 seconds=6.56 best_epoch=41
2026-09-19 17:54:46,374 INFO model=lpd epoch=111/120 train_mse=0.0004624 val_mse=0.0005312 val_psnr_db=33.2858 lr=2.69e-05 seconds=6.56 best_epoch=41
2026-09-19 17:54:52,968 INFO model=lpd epoch=112/120 train_mse=0.0004620 val_mse=0.0005298 val_psnr_db=33.2929 lr=2.37e-05 seconds=6.56 best_epoch=41
2026-09-19 17:54:59,559 INFO model=lpd epoch=113/120 train_mse=0.0004622 val_mse=0.0005297 val_psnr_db=33.2954 lr=2.08e-05 seconds=6.56 best_epoch=41
2026-09-19 17:55:06,150 INFO model=lpd epoch=114/120 train_mse=0.0004609 val_mse=0.0005293 val_psnr_db=33.3010 lr=1.83e-05 seconds=6.56 best_epoch=41
2026-09-19 17:55:12,743 INFO model=lpd epoch=115/120 train_mse=0.0004606 val_mse=0.0005288 val_psnr_db=33.3028 lr=1.61e-05 seconds=6.56 best_epoch=41
2026-09-19 17:55:19,336 INFO model=lpd epoch=116/120 train_mse=0.0004602 val_mse=0.0005282 val_psnr_db=33.3047 lr=1.42e-05 seconds=6.56 best_epoch=41
2026-09-19 17:55:25,929 INFO model=lpd epoch=117/120 train_mse=0.0004599 val_mse=0.0005280 val_psnr_db=33.3090 lr=1.27e-05 seconds=6.56 best_epoch=41
2026-09-19 17:55:32,523 INFO model=lpd epoch=118/120 train_mse=0.0004595 val_mse=0.0005278 val_psnr_db=33.3121 lr=1.15e-05 seconds=6.56 best_epoch=41
2026-09-19 17:55:39,115 INFO model=lpd epoch=119/120 train_mse=0.0004594 val_mse=0.0005274 val_psnr_db=33.3146 lr=1.07e-05 seconds=6.56 best_epoch=41
2026-09-19 17:55:45,708 INFO model=lpd epoch=120/120 train_mse=0.0004591 val_mse=0.0005269 val_psnr_db=33.3177 lr=1.02e-05 seconds=6.56 best_epoch=41
2026-09-19 17:55:45,754 INFO model=lpd training_complete seconds=789.78 best_epoch=41 peak_memory_bytes=9788641280
2026-09-19 17:55:45,756 INFO model=iradonmap parameters=24301089 epochs=120 lr=0.0001 device=cuda supervised=True selected_on=image MSE against the clean image
2026-09-19 17:55:45,880 INFO model=iradonmap initial_gradient_norm=0.0084473258
2026-09-19 17:55:47,400 INFO model=iradonmap epoch=001/120 train_mse=0.0052056 val_mse=0.0051318 val_psnr_db=22.9630 lr=0.0001 seconds=1.49 best_epoch=1
2026-09-19 17:55:49,658 INFO model=iradonmap epoch=002/120 train_mse=0.0048766 val_mse=0.0051111 val_psnr_db=22.9817 lr=0.0001 seconds=1.47 best_epoch=2
2026-09-19 17:55:52,572 INFO model=iradonmap epoch=003/120 train_mse=0.0046801 val_mse=0.0050609 val_psnr_db=23.0247 lr=9.99e-05 seconds=1.47 best_epoch=3
2026-09-19 17:55:55,488 INFO model=iradonmap epoch=004/120 train_mse=0.0045170 val_mse=0.0049953 val_psnr_db=23.0808 lr=9.98e-05 seconds=1.47 best_epoch=4
2026-09-19 17:55:58,424 INFO model=iradonmap epoch=005/120 train_mse=0.0043698 val_mse=0.0049539 val_psnr_db=23.1172 lr=9.97e-05 seconds=1.46 best_epoch=5
2026-09-19 17:56:01,330 INFO model=iradonmap epoch=006/120 train_mse=0.0042374 val_mse=0.0049136 val_psnr_db=23.1531 lr=9.96e-05 seconds=1.47 best_epoch=6
2026-09-19 17:56:04,249 INFO model=iradonmap epoch=007/120 train_mse=0.0041092 val_mse=0.0048733 val_psnr_db=23.1893 lr=9.94e-05 seconds=1.47 best_epoch=7
2026-09-19 17:56:07,154 INFO model=iradonmap epoch=008/120 train_mse=0.0039803 val_mse=0.0048278 val_psnr_db=23.2304 lr=9.92e-05 seconds=1.47 best_epoch=8
2026-09-19 17:56:10,095 INFO model=iradonmap epoch=009/120 train_mse=0.0038512 val_mse=0.0047704 val_psnr_db=23.2829 lr=9.89e-05 seconds=1.46 best_epoch=9
2026-09-19 17:56:13,006 INFO model=iradonmap epoch=010/120 train_mse=0.0037167 val_mse=0.0046911 val_psnr_db=23.3561 lr=9.86e-05 seconds=1.47 best_epoch=10
2026-09-19 17:56:16,128 INFO model=iradonmap epoch=011/120 train_mse=0.0035608 val_mse=0.0045667 val_psnr_db=23.4735 lr=9.83e-05 seconds=1.47 best_epoch=11
2026-09-19 17:56:19,423 INFO model=iradonmap epoch=012/120 train_mse=0.0033730 val_mse=0.0043830 val_psnr_db=23.6519 lr=9.8e-05 seconds=1.56 best_epoch=12
2026-09-19 17:56:22,538 INFO model=iradonmap epoch=013/120 train_mse=0.0031460 val_mse=0.0041219 val_psnr_db=23.9179 lr=9.76e-05 seconds=1.50 best_epoch=13
2026-09-19 17:56:25,614 INFO model=iradonmap epoch=014/120 train_mse=0.0028650 val_mse=0.0037705 val_psnr_db=24.3035 lr=9.72e-05 seconds=1.46 best_epoch=14
2026-09-19 17:56:28,812 INFO model=iradonmap epoch=015/120 train_mse=0.0025433 val_mse=0.0033593 val_psnr_db=24.8032 lr=9.67e-05 seconds=1.50 best_epoch=15
2026-09-19 17:56:32,016 INFO model=iradonmap epoch=016/120 train_mse=0.0022139 val_mse=0.0029366 val_psnr_db=25.3861 lr=9.62e-05 seconds=1.49 best_epoch=16
2026-09-19 17:56:35,076 INFO model=iradonmap epoch=017/120 train_mse=0.0019112 val_mse=0.0025633 val_psnr_db=25.9771 lr=9.57e-05 seconds=1.46 best_epoch=17
2026-09-19 17:56:38,163 INFO model=iradonmap epoch=018/120 train_mse=0.0016600 val_mse=0.0022546 val_psnr_db=26.5389 lr=9.52e-05 seconds=1.46 best_epoch=18
2026-09-19 17:56:41,304 INFO model=iradonmap epoch=019/120 train_mse=0.0014492 val_mse=0.0020009 val_psnr_db=27.0652 lr=9.46e-05 seconds=1.52 best_epoch=19
2026-09-19 17:56:44,515 INFO model=iradonmap epoch=020/120 train_mse=0.0012757 val_mse=0.0017748 val_psnr_db=27.5942 lr=9.4e-05 seconds=1.50 best_epoch=20
2026-09-19 17:56:47,675 INFO model=iradonmap epoch=021/120 train_mse=0.0011173 val_mse=0.0015908 val_psnr_db=28.0795 lr=9.34e-05 seconds=1.48 best_epoch=21
2026-09-19 17:56:50,792 INFO model=iradonmap epoch=022/120 train_mse=0.0009868 val_mse=0.0014165 val_psnr_db=28.5942 lr=9.27e-05 seconds=1.51 best_epoch=22
2026-09-19 17:56:53,890 INFO model=iradonmap epoch=023/120 train_mse=0.0008736 val_mse=0.0012646 val_psnr_db=29.1034 lr=9.2e-05 seconds=1.46 best_epoch=23
2026-09-19 17:56:57,041 INFO model=iradonmap epoch=024/120 train_mse=0.0007747 val_mse=0.0011451 val_psnr_db=29.5501 lr=9.13e-05 seconds=1.46 best_epoch=24
2026-09-19 17:57:00,156 INFO model=iradonmap epoch=025/120 train_mse=0.0006940 val_mse=0.0010422 val_psnr_db=29.9746 lr=9.05e-05 seconds=1.46 best_epoch=25
2026-09-19 17:57:03,402 INFO model=iradonmap epoch=026/120 train_mse=0.0006279 val_mse=0.0009587 val_psnr_db=30.3535 lr=8.98e-05 seconds=1.50 best_epoch=26
2026-09-19 17:57:06,511 INFO model=iradonmap epoch=027/120 train_mse=0.0005753 val_mse=0.0008949 val_psnr_db=30.6697 lr=8.9e-05 seconds=1.46 best_epoch=27
2026-09-19 17:57:09,661 INFO model=iradonmap epoch=028/120 train_mse=0.0005332 val_mse=0.0008430 val_psnr_db=30.9435 lr=8.81e-05 seconds=1.46 best_epoch=28
2026-09-19 17:57:12,829 INFO model=iradonmap epoch=029/120 train_mse=0.0004990 val_mse=0.0008010 val_psnr_db=31.1778 lr=8.73e-05 seconds=1.46 best_epoch=29
2026-09-19 17:57:15,895 INFO model=iradonmap epoch=030/120 train_mse=0.0004717 val_mse=0.0007739 val_psnr_db=31.3438 lr=8.64e-05 seconds=1.46 best_epoch=30
2026-09-19 17:57:19,042 INFO model=iradonmap epoch=031/120 train_mse=0.0004484 val_mse=0.0007421 val_psnr_db=31.5353 lr=8.55e-05 seconds=1.46 best_epoch=31
2026-09-19 17:57:22,125 INFO model=iradonmap epoch=032/120 train_mse=0.0004263 val_mse=0.0007188 val_psnr_db=31.6845 lr=8.46e-05 seconds=1.46 best_epoch=32
2026-09-19 17:57:25,202 INFO model=iradonmap epoch=033/120 train_mse=0.0004083 val_mse=0.0006992 val_psnr_db=31.8155 lr=8.36e-05 seconds=1.47 best_epoch=33
2026-09-19 17:57:28,434 INFO model=iradonmap epoch=034/120 train_mse=0.0003927 val_mse=0.0006805 val_psnr_db=31.9430 lr=8.26e-05 seconds=1.50 best_epoch=34
2026-09-19 17:57:31,611 INFO model=iradonmap epoch=035/120 train_mse=0.0003794 val_mse=0.0006686 val_psnr_db=32.0263 lr=8.17e-05 seconds=1.49 best_epoch=35
2026-09-19 17:57:34,707 INFO model=iradonmap epoch=036/120 train_mse=0.0003674 val_mse=0.0006533 val_psnr_db=32.1353 lr=8.06e-05 seconds=1.46 best_epoch=36
2026-09-19 17:57:37,852 INFO model=iradonmap epoch=037/120 train_mse=0.0003566 val_mse=0.0006408 val_psnr_db=32.2267 lr=7.96e-05 seconds=1.46 best_epoch=37
2026-09-19 17:57:40,957 INFO model=iradonmap epoch=038/120 train_mse=0.0003466 val_mse=0.0006301 val_psnr_db=32.3058 lr=7.85e-05 seconds=1.46 best_epoch=38
2026-09-19 17:57:44,119 INFO model=iradonmap epoch=039/120 train_mse=0.0003373 val_mse=0.0006213 val_psnr_db=32.3728 lr=7.75e-05 seconds=1.46 best_epoch=39
2026-09-19 17:57:47,282 INFO model=iradonmap epoch=040/120 train_mse=0.0003290 val_mse=0.0006154 val_psnr_db=32.4221 lr=7.64e-05 seconds=1.46 best_epoch=40
2026-09-19 17:57:50,366 INFO model=iradonmap epoch=041/120 train_mse=0.0003221 val_mse=0.0006074 val_psnr_db=32.4855 lr=7.53e-05 seconds=1.46 best_epoch=41
2026-09-19 17:57:53,527 INFO model=iradonmap epoch=042/120 train_mse=0.0003148 val_mse=0.0005999 val_psnr_db=32.5425 lr=7.41e-05 seconds=1.46 best_epoch=42
2026-09-19 17:57:56,700 INFO model=iradonmap epoch=043/120 train_mse=0.0003082 val_mse=0.0005940 val_psnr_db=32.5922 lr=7.3e-05 seconds=1.46 best_epoch=43
2026-09-19 17:57:59,820 INFO model=iradonmap epoch=044/120 train_mse=0.0003016 val_mse=0.0005883 val_psnr_db=32.6383 lr=7.18e-05 seconds=1.50 best_epoch=44
2026-09-19 17:58:02,957 INFO model=iradonmap epoch=045/120 train_mse=0.0002955 val_mse=0.0005833 val_psnr_db=32.6800 lr=7.06e-05 seconds=1.46 best_epoch=45
2026-09-19 17:58:06,060 INFO model=iradonmap epoch=046/120 train_mse=0.0002903 val_mse=0.0005777 val_psnr_db=32.7247 lr=6.94e-05 seconds=1.46 best_epoch=46
2026-09-19 17:58:09,169 INFO model=iradonmap epoch=047/120 train_mse=0.0002851 val_mse=0.0005742 val_psnr_db=32.7533 lr=6.82e-05 seconds=1.46 best_epoch=47
2026-09-19 17:58:12,317 INFO model=iradonmap epoch=048/120 train_mse=0.0002803 val_mse=0.0005696 val_psnr_db=32.7936 lr=6.7e-05 seconds=1.46 best_epoch=48
2026-09-19 17:58:15,455 INFO model=iradonmap epoch=049/120 train_mse=0.0002756 val_mse=0.0005650 val_psnr_db=32.8320 lr=6.58e-05 seconds=1.47 best_epoch=49
2026-09-19 17:58:18,535 INFO model=iradonmap epoch=050/120 train_mse=0.0002712 val_mse=0.0005623 val_psnr_db=32.8556 lr=6.46e-05 seconds=1.47 best_epoch=50
2026-09-19 17:58:21,701 INFO model=iradonmap epoch=051/120 train_mse=0.0002673 val_mse=0.0005579 val_psnr_db=32.8926 lr=6.33e-05 seconds=1.47 best_epoch=51
2026-09-19 17:58:24,847 INFO model=iradonmap epoch=052/120 train_mse=0.0002635 val_mse=0.0005548 val_psnr_db=32.9201 lr=6.21e-05 seconds=1.47 best_epoch=52
2026-09-19 17:58:27,945 INFO model=iradonmap epoch=053/120 train_mse=0.0002600 val_mse=0.0005529 val_psnr_db=32.9380 lr=6.08e-05 seconds=1.46 best_epoch=53
2026-09-19 17:58:31,124 INFO model=iradonmap epoch=054/120 train_mse=0.0002563 val_mse=0.0005490 val_psnr_db=32.9695 lr=5.95e-05 seconds=1.46 best_epoch=54
2026-09-19 17:58:34,263 INFO model=iradonmap epoch=055/120 train_mse=0.0002533 val_mse=0.0005471 val_psnr_db=32.9894 lr=5.82e-05 seconds=1.46 best_epoch=55
2026-09-19 17:58:37,330 INFO model=iradonmap epoch=056/120 train_mse=0.0002500 val_mse=0.0005447 val_psnr_db=33.0104 lr=5.7e-05 seconds=1.46 best_epoch=56
2026-09-19 17:58:40,513 INFO model=iradonmap epoch=057/120 train_mse=0.0002469 val_mse=0.0005429 val_psnr_db=33.0250 lr=5.57e-05 seconds=1.48 best_epoch=57
2026-09-19 17:58:43,692 INFO model=iradonmap epoch=058/120 train_mse=0.0002441 val_mse=0.0005402 val_psnr_db=33.0503 lr=5.44e-05 seconds=1.46 best_epoch=58
2026-09-19 17:58:46,779 INFO model=iradonmap epoch=059/120 train_mse=0.0002415 val_mse=0.0005392 val_psnr_db=33.0623 lr=5.31e-05 seconds=1.46 best_epoch=59
2026-09-19 17:58:49,927 INFO model=iradonmap epoch=060/120 train_mse=0.0002387 val_mse=0.0005364 val_psnr_db=33.0848 lr=5.18e-05 seconds=1.46 best_epoch=60
2026-09-19 17:58:53,092 INFO model=iradonmap epoch=061/120 train_mse=0.0002365 val_mse=0.0005356 val_psnr_db=33.0949 lr=5.05e-05 seconds=1.46 best_epoch=61
2026-09-19 17:58:56,173 INFO model=iradonmap epoch=062/120 train_mse=0.0002339 val_mse=0.0005347 val_psnr_db=33.1041 lr=4.92e-05 seconds=1.46 best_epoch=62
2026-09-19 17:58:59,262 INFO model=iradonmap epoch=063/120 train_mse=0.0002314 val_mse=0.0005326 val_psnr_db=33.1225 lr=4.79e-05 seconds=1.46 best_epoch=63
2026-09-19 17:59:02,454 INFO model=iradonmap epoch=064/120 train_mse=0.0002291 val_mse=0.0005308 val_psnr_db=33.1369 lr=4.66e-05 seconds=1.46 best_epoch=64
2026-09-19 17:59:05,154 INFO model=iradonmap epoch=065/120 train_mse=0.0002278 val_mse=0.0005310 val_psnr_db=33.1371 lr=4.53e-05 seconds=1.46 best_epoch=64
2026-09-19 17:59:08,299 INFO model=iradonmap epoch=066/120 train_mse=0.0002258 val_mse=0.0005302 val_psnr_db=33.1430 lr=4.4e-05 seconds=1.46 best_epoch=66
2026-09-19 17:59:11,435 INFO model=iradonmap epoch=067/120 train_mse=0.0002235 val_mse=0.0005284 val_psnr_db=33.1659 lr=4.28e-05 seconds=1.46 best_epoch=67
2026-09-19 17:59:14,499 INFO model=iradonmap epoch=068/120 train_mse=0.0002216 val_mse=0.0005273 val_psnr_db=33.1766 lr=4.15e-05 seconds=1.46 best_epoch=68
2026-09-19 17:59:17,645 INFO model=iradonmap epoch=069/120 train_mse=0.0002191 val_mse=0.0005244 val_psnr_db=33.2000 lr=4.02e-05 seconds=1.46 best_epoch=69
2026-09-19 17:59:20,827 INFO model=iradonmap epoch=070/120 train_mse=0.0002171 val_mse=0.0005239 val_psnr_db=33.2067 lr=3.89e-05 seconds=1.51 best_epoch=70
2026-09-19 17:59:23,905 INFO model=iradonmap epoch=071/120 train_mse=0.0002157 val_mse=0.0005235 val_psnr_db=33.2095 lr=3.77e-05 seconds=1.47 best_epoch=71
2026-09-19 17:59:27,065 INFO model=iradonmap epoch=072/120 train_mse=0.0002138 val_mse=0.0005211 val_psnr_db=33.2309 lr=3.64e-05 seconds=1.46 best_epoch=72
2026-09-19 17:59:30,237 INFO model=iradonmap epoch=073/120 train_mse=0.0002122 val_mse=0.0005197 val_psnr_db=33.2436 lr=3.52e-05 seconds=1.48 best_epoch=73
2026-09-19 17:59:32,932 INFO model=iradonmap epoch=074/120 train_mse=0.0002106 val_mse=0.0005198 val_psnr_db=33.2448 lr=3.4e-05 seconds=1.46 best_epoch=73
2026-09-19 17:59:36,098 INFO model=iradonmap epoch=075/120 train_mse=0.0002091 val_mse=0.0005183 val_psnr_db=33.2583 lr=3.28e-05 seconds=1.47 best_epoch=75
2026-09-19 17:59:39,294 INFO model=iradonmap epoch=076/120 train_mse=0.0002078 val_mse=0.0005168 val_psnr_db=33.2720 lr=3.16e-05 seconds=1.47 best_epoch=76
2026-09-19 17:59:42,380 INFO model=iradonmap epoch=077/120 train_mse=0.0002066 val_mse=0.0005165 val_psnr_db=33.2754 lr=3.04e-05 seconds=1.46 best_epoch=77
2026-09-19 17:59:45,535 INFO model=iradonmap epoch=078/120 train_mse=0.0002053 val_mse=0.0005152 val_psnr_db=33.2874 lr=2.92e-05 seconds=1.47 best_epoch=78
2026-09-19 17:59:48,268 INFO model=iradonmap epoch=079/120 train_mse=0.0002039 val_mse=0.0005160 val_psnr_db=33.2796 lr=2.8e-05 seconds=1.46 best_epoch=78
2026-09-19 17:59:51,363 INFO model=iradonmap epoch=080/120 train_mse=0.0002029 val_mse=0.0005132 val_psnr_db=33.3057 lr=2.69e-05 seconds=1.46 best_epoch=80
2026-09-19 17:59:54,139 INFO model=iradonmap epoch=081/120 train_mse=0.0002016 val_mse=0.0005139 val_psnr_db=33.3018 lr=2.58e-05 seconds=1.46 best_epoch=80
2026-09-19 17:59:57,203 INFO model=iradonmap epoch=082/120 train_mse=0.0002005 val_mse=0.0005130 val_psnr_db=33.3092 lr=2.46e-05 seconds=1.46 best_epoch=82
2026-09-19 18:00:00,351 INFO model=iradonmap epoch=083/120 train_mse=0.0001996 val_mse=0.0005126 val_psnr_db=33.3119 lr=2.35e-05 seconds=1.46 best_epoch=83
2026-09-19 18:00:03,124 INFO model=iradonmap epoch=084/120 train_mse=0.0001986 val_mse=0.0005127 val_psnr_db=33.3120 lr=2.25e-05 seconds=1.46 best_epoch=83
2026-09-19 18:00:06,234 INFO model=iradonmap epoch=085/120 train_mse=0.0001976 val_mse=0.0005101 val_psnr_db=33.3349 lr=2.14e-05 seconds=1.46 best_epoch=85
2026-09-19 18:00:08,975 INFO model=iradonmap epoch=086/120 train_mse=0.0001966 val_mse=0.0005104 val_psnr_db=33.3344 lr=2.04e-05 seconds=1.46 best_epoch=85
2026-09-19 18:00:12,045 INFO model=iradonmap epoch=087/120 train_mse=0.0001959 val_mse=0.0005096 val_psnr_db=33.3414 lr=1.93e-05 seconds=1.46 best_epoch=87
2026-09-19 18:00:15,221 INFO model=iradonmap epoch=088/120 train_mse=0.0001951 val_mse=0.0005090 val_psnr_db=33.3482 lr=1.84e-05 seconds=1.46 best_epoch=88
2026-09-19 18:00:18,415 INFO model=iradonmap epoch=089/120 train_mse=0.0001942 val_mse=0.0005084 val_psnr_db=33.3529 lr=1.74e-05 seconds=1.49 best_epoch=89
2026-09-19 18:00:21,491 INFO model=iradonmap epoch=090/120 train_mse=0.0001935 val_mse=0.0005080 val_psnr_db=33.3568 lr=1.64e-05 seconds=1.46 best_epoch=90
2026-09-19 18:00:24,670 INFO model=iradonmap epoch=091/120 train_mse=0.0001927 val_mse=0.0005073 val_psnr_db=33.3639 lr=1.55e-05 seconds=1.50 best_epoch=91
2026-09-19 18:00:27,804 INFO model=iradonmap epoch=092/120 train_mse=0.0001921 val_mse=0.0005068 val_psnr_db=33.3685 lr=1.46e-05 seconds=1.46 best_epoch=92
2026-09-19 18:00:30,875 INFO model=iradonmap epoch=093/120 train_mse=0.0001915 val_mse=0.0005066 val_psnr_db=33.3708 lr=1.37e-05 seconds=1.46 best_epoch=93
2026-09-19 18:00:33,992 INFO model=iradonmap epoch=094/120 train_mse=0.0001910 val_mse=0.0005058 val_psnr_db=33.3781 lr=1.29e-05 seconds=1.46 best_epoch=94
2026-09-19 18:00:37,146 INFO model=iradonmap epoch=095/120 train_mse=0.0001904 val_mse=0.0005056 val_psnr_db=33.3793 lr=1.2e-05 seconds=1.46 best_epoch=95
2026-09-19 18:00:40,285 INFO model=iradonmap epoch=096/120 train_mse=0.0001899 val_mse=0.0005053 val_psnr_db=33.3827 lr=1.12e-05 seconds=1.46 best_epoch=96
2026-09-19 18:00:43,393 INFO model=iradonmap epoch=097/120 train_mse=0.0001894 val_mse=0.0005050 val_psnr_db=33.3864 lr=1.05e-05 seconds=1.49 best_epoch=97
2026-09-19 18:00:46,548 INFO model=iradonmap epoch=098/120 train_mse=0.0001890 val_mse=0.0005049 val_psnr_db=33.3869 lr=9.71e-06 seconds=1.46 best_epoch=98
2026-09-19 18:00:49,703 INFO model=iradonmap epoch=099/120 train_mse=0.0001886 val_mse=0.0005043 val_psnr_db=33.3927 lr=8.99e-06 seconds=1.47 best_epoch=99
2026-09-19 18:00:52,778 INFO model=iradonmap epoch=100/120 train_mse=0.0001882 val_mse=0.0005040 val_psnr_db=33.3952 lr=8.29e-06 seconds=1.46 best_epoch=100
2026-09-19 18:00:55,955 INFO model=iradonmap epoch=101/120 train_mse=0.0001878 val_mse=0.0005037 val_psnr_db=33.3978 lr=7.63e-06 seconds=1.46 best_epoch=101
2026-09-19 18:00:58,649 INFO model=iradonmap epoch=102/120 train_mse=0.0001876 val_mse=0.0005038 val_psnr_db=33.3974 lr=7e-06 seconds=1.46 best_epoch=101
2026-09-19 18:01:01,431 INFO model=iradonmap epoch=103/120 train_mse=0.0001872 val_mse=0.0005037 val_psnr_db=33.3980 lr=6.4e-06 seconds=1.46 best_epoch=101
2026-09-19 18:01:04,595 INFO model=iradonmap epoch=104/120 train_mse=0.0001870 val_mse=0.0005036 val_psnr_db=33.3994 lr=5.82e-06 seconds=1.46 best_epoch=104
2026-09-19 18:01:07,703 INFO model=iradonmap epoch=105/120 train_mse=0.0001867 val_mse=0.0005033 val_psnr_db=33.4028 lr=5.28e-06 seconds=1.46 best_epoch=105
2026-09-19 18:01:10,852 INFO model=iradonmap epoch=106/120 train_mse=0.0001865 val_mse=0.0005029 val_psnr_db=33.4061 lr=4.77e-06 seconds=1.46 best_epoch=106
2026-09-19 18:01:13,551 INFO model=iradonmap epoch=107/120 train_mse=0.0001863 val_mse=0.0005031 val_psnr_db=33.4044 lr=4.29e-06 seconds=1.46 best_epoch=106
2026-09-19 18:01:16,731 INFO model=iradonmap epoch=108/120 train_mse=0.0001861 val_mse=0.0005028 val_psnr_db=33.4066 lr=3.84e-06 seconds=1.46 best_epoch=108
2026-09-19 18:01:19,907 INFO model=iradonmap epoch=109/120 train_mse=0.0001859 val_mse=0.0005028 val_psnr_db=33.4073 lr=3.42e-06 seconds=1.46 best_epoch=109
2026-09-19 18:01:23,046 INFO model=iradonmap epoch=110/120 train_mse=0.0001858 val_mse=0.0005026 val_psnr_db=33.4092 lr=3.04e-06 seconds=1.46 best_epoch=110
2026-09-19 18:01:25,724 INFO model=iradonmap epoch=111/120 train_mse=0.0001857 val_mse=0.0005026 val_psnr_db=33.4092 lr=2.69e-06 seconds=1.46 best_epoch=110
2026-09-19 18:01:28,879 INFO model=iradonmap epoch=112/120 train_mse=0.0001855 val_mse=0.0005023 val_psnr_db=33.4121 lr=2.37e-06 seconds=1.46 best_epoch=112
2026-09-19 18:01:31,552 INFO model=iradonmap epoch=113/120 train_mse=0.0001854 val_mse=0.0005024 val_psnr_db=33.4108 lr=2.08e-06 seconds=1.46 best_epoch=112
2026-09-19 18:01:34,691 INFO model=iradonmap epoch=114/120 train_mse=0.0001853 val_mse=0.0005021 val_psnr_db=33.4139 lr=1.83e-06 seconds=1.46 best_epoch=114
2026-09-19 18:01:37,813 INFO model=iradonmap epoch=115/120 train_mse=0.0001853 val_mse=0.0005021 val_psnr_db=33.4139 lr=1.61e-06 seconds=1.46 best_epoch=115
2026-09-19 18:01:40,908 INFO model=iradonmap epoch=116/120 train_mse=0.0001852 val_mse=0.0005020 val_psnr_db=33.4143 lr=1.42e-06 seconds=1.46 best_epoch=116
2026-09-19 18:01:44,048 INFO model=iradonmap epoch=117/120 train_mse=0.0001851 val_mse=0.0005020 val_psnr_db=33.4143 lr=1.27e-06 seconds=1.46 best_epoch=117
2026-09-19 18:01:47,187 INFO model=iradonmap epoch=118/120 train_mse=0.0001851 val_mse=0.0005019 val_psnr_db=33.4152 lr=1.15e-06 seconds=1.46 best_epoch=118
2026-09-19 18:01:49,886 INFO model=iradonmap epoch=119/120 train_mse=0.0001850 val_mse=0.0005020 val_psnr_db=33.4149 lr=1.07e-06 seconds=1.46 best_epoch=118
2026-09-19 18:01:52,636 INFO model=iradonmap epoch=120/120 train_mse=0.0001850 val_mse=0.0005019 val_psnr_db=33.4153 lr=1.02e-06 seconds=1.46 best_epoch=118
2026-09-19 18:01:53,939 INFO model=iradonmap training_complete seconds=368.18 best_epoch=118 peak_memory_bytes=4514862592
2026-09-19 18:01:53,940 INFO model=noise2inverse parameters=118305 epochs=120 lr=0.001 device=cuda supervised=False selected_on=held-out subset MSE
2026-09-19 18:01:54,006 INFO model=noise2inverse initial_gradient_norm=0.00028014151
2026-09-19 18:01:55,077 INFO model=noise2inverse epoch=001/120 train_mse=0.0280507 val_mse=0.0293493 val_psnr_db=22.9799 lr=0.001 seconds=1.13 best_epoch=1
2026-09-19 18:01:56,220 INFO model=noise2inverse epoch=002/120 train_mse=0.0271491 val_mse=0.0275650 val_psnr_db=23.0670 lr=0.001 seconds=1.13 best_epoch=2
2026-09-19 18:01:57,361 INFO model=noise2inverse epoch=003/120 train_mse=0.0253778 val_mse=0.0253493 val_psnr_db=23.8334 lr=0.000999 seconds=1.13 best_epoch=3
2026-09-19 18:01:58,502 INFO model=noise2inverse epoch=004/120 train_mse=0.0236092 val_mse=0.0239363 val_psnr_db=24.1466 lr=0.000998 seconds=1.13 best_epoch=4
2026-09-19 18:01:59,644 INFO model=noise2inverse epoch=005/120 train_mse=0.0222323 val_mse=0.0228940 val_psnr_db=25.1598 lr=0.000997 seconds=1.13 best_epoch=5
2026-09-19 18:02:00,787 INFO model=noise2inverse epoch=006/120 train_mse=0.0210320 val_mse=0.0216780 val_psnr_db=26.1499 lr=0.000996 seconds=1.13 best_epoch=6
2026-09-19 18:02:01,930 INFO model=noise2inverse epoch=007/120 train_mse=0.0201101 val_mse=0.0207401 val_psnr_db=27.8359 lr=0.000994 seconds=1.13 best_epoch=7
2026-09-19 18:02:03,073 INFO model=noise2inverse epoch=008/120 train_mse=0.0193764 val_mse=0.0199748 val_psnr_db=28.6424 lr=0.000992 seconds=1.13 best_epoch=8
2026-09-19 18:02:04,217 INFO model=noise2inverse epoch=009/120 train_mse=0.0187655 val_mse=0.0194417 val_psnr_db=28.8898 lr=0.000989 seconds=1.13 best_epoch=9
2026-09-19 18:02:05,360 INFO model=noise2inverse epoch=010/120 train_mse=0.0186301 val_mse=0.0192557 val_psnr_db=29.9618 lr=0.000986 seconds=1.13 best_epoch=10
2026-09-19 18:02:06,506 INFO model=noise2inverse epoch=011/120 train_mse=0.0183466 val_mse=0.0191873 val_psnr_db=29.4228 lr=0.000983 seconds=1.13 best_epoch=11
2026-09-19 18:02:07,651 INFO model=noise2inverse epoch=012/120 train_mse=0.0181523 val_mse=0.0189384 val_psnr_db=29.6411 lr=0.00098 seconds=1.13 best_epoch=12
2026-09-19 18:02:08,798 INFO model=noise2inverse epoch=013/120 train_mse=0.0179536 val_mse=0.0188326 val_psnr_db=30.3321 lr=0.000976 seconds=1.13 best_epoch=13
2026-09-19 18:02:09,942 INFO model=noise2inverse epoch=014/120 train_mse=0.0178587 val_mse=0.0186869 val_psnr_db=29.9401 lr=0.000972 seconds=1.13 best_epoch=14
2026-09-19 18:02:11,082 INFO model=noise2inverse epoch=015/120 train_mse=0.0178285 val_mse=0.0187588 val_psnr_db=29.8208 lr=0.000967 seconds=1.13 best_epoch=14
2026-09-19 18:02:12,229 INFO model=noise2inverse epoch=016/120 train_mse=0.0177171 val_mse=0.0185895 val_psnr_db=30.2801 lr=0.000962 seconds=1.13 best_epoch=16
2026-09-19 18:02:13,370 INFO model=noise2inverse epoch=017/120 train_mse=0.0176636 val_mse=0.0186556 val_psnr_db=29.2828 lr=0.000957 seconds=1.13 best_epoch=16
2026-09-19 18:02:14,513 INFO model=noise2inverse epoch=018/120 train_mse=0.0176896 val_mse=0.0187138 val_psnr_db=29.6176 lr=0.000952 seconds=1.13 best_epoch=16
2026-09-19 18:02:15,660 INFO model=noise2inverse epoch=019/120 train_mse=0.0175511 val_mse=0.0183660 val_psnr_db=30.2831 lr=0.000946 seconds=1.13 best_epoch=19
2026-09-19 18:02:16,805 INFO model=noise2inverse epoch=020/120 train_mse=0.0174424 val_mse=0.0182802 val_psnr_db=31.0649 lr=0.00094 seconds=1.13 best_epoch=20
2026-09-19 18:02:17,951 INFO model=noise2inverse epoch=021/120 train_mse=0.0173216 val_mse=0.0182010 val_psnr_db=30.7268 lr=0.000934 seconds=1.13 best_epoch=21
2026-09-19 18:02:19,094 INFO model=noise2inverse epoch=022/120 train_mse=0.0172485 val_mse=0.0183277 val_psnr_db=29.7928 lr=0.000927 seconds=1.13 best_epoch=21
2026-09-19 18:02:20,237 INFO model=noise2inverse epoch=023/120 train_mse=0.0174087 val_mse=0.0187666 val_psnr_db=30.4014 lr=0.00092 seconds=1.13 best_epoch=21
2026-09-19 18:02:21,378 INFO model=noise2inverse epoch=024/120 train_mse=0.0173922 val_mse=0.0184673 val_psnr_db=29.9192 lr=0.000913 seconds=1.13 best_epoch=21
2026-09-19 18:02:22,527 INFO model=noise2inverse epoch=025/120 train_mse=0.0173478 val_mse=0.0181519 val_psnr_db=31.3195 lr=0.000905 seconds=1.13 best_epoch=25
2026-09-19 18:02:23,672 INFO model=noise2inverse epoch=026/120 train_mse=0.0171614 val_mse=0.0181001 val_psnr_db=30.6993 lr=0.000898 seconds=1.13 best_epoch=26
2026-09-19 18:02:24,820 INFO model=noise2inverse epoch=027/120 train_mse=0.0171464 val_mse=0.0180156 val_psnr_db=31.2208 lr=0.00089 seconds=1.13 best_epoch=27
2026-09-19 18:02:25,967 INFO model=noise2inverse epoch=028/120 train_mse=0.0170601 val_mse=0.0179878 val_psnr_db=30.1907 lr=0.000881 seconds=1.13 best_epoch=28
2026-09-19 18:02:27,107 INFO model=noise2inverse epoch=029/120 train_mse=0.0171279 val_mse=0.0180489 val_psnr_db=30.2214 lr=0.000873 seconds=1.13 best_epoch=28
2026-09-19 18:02:28,254 INFO model=noise2inverse epoch=030/120 train_mse=0.0171140 val_mse=0.0179221 val_psnr_db=30.7770 lr=0.000864 seconds=1.13 best_epoch=30
2026-09-19 18:02:29,395 INFO model=noise2inverse epoch=031/120 train_mse=0.0170778 val_mse=0.0179661 val_psnr_db=30.4457 lr=0.000855 seconds=1.13 best_epoch=30
2026-09-19 18:02:30,540 INFO model=noise2inverse epoch=032/120 train_mse=0.0170164 val_mse=0.0179819 val_psnr_db=31.9823 lr=0.000846 seconds=1.13 best_epoch=30
2026-09-19 18:02:31,686 INFO model=noise2inverse epoch=033/120 train_mse=0.0169748 val_mse=0.0179043 val_psnr_db=31.6338 lr=0.000836 seconds=1.13 best_epoch=33
2026-09-19 18:02:32,834 INFO model=noise2inverse epoch=034/120 train_mse=0.0170034 val_mse=0.0178242 val_psnr_db=31.5080 lr=0.000826 seconds=1.13 best_epoch=34
2026-09-19 18:02:33,980 INFO model=noise2inverse epoch=035/120 train_mse=0.0169207 val_mse=0.0177904 val_psnr_db=31.6779 lr=0.000817 seconds=1.13 best_epoch=35
2026-09-19 18:02:35,123 INFO model=noise2inverse epoch=036/120 train_mse=0.0169327 val_mse=0.0178381 val_psnr_db=31.7398 lr=0.000806 seconds=1.13 best_epoch=35
2026-09-19 18:02:36,266 INFO model=noise2inverse epoch=037/120 train_mse=0.0169420 val_mse=0.0177990 val_psnr_db=31.8134 lr=0.000796 seconds=1.13 best_epoch=35
2026-09-19 18:02:37,415 INFO model=noise2inverse epoch=038/120 train_mse=0.0168451 val_mse=0.0177524 val_psnr_db=31.2642 lr=0.000785 seconds=1.13 best_epoch=38
2026-09-19 18:02:38,563 INFO model=noise2inverse epoch=039/120 train_mse=0.0168912 val_mse=0.0177308 val_psnr_db=31.5065 lr=0.000775 seconds=1.13 best_epoch=39
2026-09-19 18:02:39,707 INFO model=noise2inverse epoch=040/120 train_mse=0.0168873 val_mse=0.0178043 val_psnr_db=32.2079 lr=0.000764 seconds=1.13 best_epoch=39
2026-09-19 18:02:40,852 INFO model=noise2inverse epoch=041/120 train_mse=0.0168838 val_mse=0.0178404 val_psnr_db=32.7553 lr=0.000752 seconds=1.13 best_epoch=39
2026-09-19 18:02:42,000 INFO model=noise2inverse epoch=042/120 train_mse=0.0168250 val_mse=0.0177133 val_psnr_db=31.8049 lr=0.000741 seconds=1.13 best_epoch=42
2026-09-19 18:02:43,149 INFO model=noise2inverse epoch=043/120 train_mse=0.0168081 val_mse=0.0177054 val_psnr_db=32.1460 lr=0.00073 seconds=1.13 best_epoch=43
2026-09-19 18:02:44,297 INFO model=noise2inverse epoch=044/120 train_mse=0.0168316 val_mse=0.0176909 val_psnr_db=31.9921 lr=0.000718 seconds=1.13 best_epoch=44
2026-09-19 18:02:45,443 INFO model=noise2inverse epoch=045/120 train_mse=0.0167724 val_mse=0.0175992 val_psnr_db=31.8092 lr=0.000706 seconds=1.13 best_epoch=45
2026-09-19 18:02:46,586 INFO model=noise2inverse epoch=046/120 train_mse=0.0167817 val_mse=0.0176818 val_psnr_db=31.4442 lr=0.000694 seconds=1.13 best_epoch=45
2026-09-19 18:02:47,735 INFO model=noise2inverse epoch=047/120 train_mse=0.0167353 val_mse=0.0175900 val_psnr_db=31.1052 lr=0.000682 seconds=1.13 best_epoch=47
2026-09-19 18:02:48,884 INFO model=noise2inverse epoch=048/120 train_mse=0.0166960 val_mse=0.0175896 val_psnr_db=31.9246 lr=0.00067 seconds=1.13 best_epoch=48
2026-09-19 18:02:50,031 INFO model=noise2inverse epoch=049/120 train_mse=0.0167671 val_mse=0.0175709 val_psnr_db=31.4704 lr=0.000658 seconds=1.13 best_epoch=49
2026-09-19 18:02:51,180 INFO model=noise2inverse epoch=050/120 train_mse=0.0166865 val_mse=0.0175605 val_psnr_db=32.0255 lr=0.000646 seconds=1.14 best_epoch=50
2026-09-19 18:02:52,322 INFO model=noise2inverse epoch=051/120 train_mse=0.0167156 val_mse=0.0175612 val_psnr_db=31.7766 lr=0.000633 seconds=1.13 best_epoch=50
2026-09-19 18:02:53,471 INFO model=noise2inverse epoch=052/120 train_mse=0.0166694 val_mse=0.0175432 val_psnr_db=31.9261 lr=0.000621 seconds=1.13 best_epoch=52
2026-09-19 18:02:54,616 INFO model=noise2inverse epoch=053/120 train_mse=0.0166456 val_mse=0.0175562 val_psnr_db=31.1412 lr=0.000608 seconds=1.14 best_epoch=52
2026-09-19 18:02:55,765 INFO model=noise2inverse epoch=054/120 train_mse=0.0166950 val_mse=0.0175078 val_psnr_db=32.1096 lr=0.000595 seconds=1.13 best_epoch=54
2026-09-19 18:02:56,913 INFO model=noise2inverse epoch=055/120 train_mse=0.0166187 val_mse=0.0174949 val_psnr_db=32.3252 lr=0.000582 seconds=1.13 best_epoch=55
2026-09-19 18:02:58,059 INFO model=noise2inverse epoch=056/120 train_mse=0.0166535 val_mse=0.0175296 val_psnr_db=31.8246 lr=0.00057 seconds=1.14 best_epoch=55
2026-09-19 18:02:59,204 INFO model=noise2inverse epoch=057/120 train_mse=0.0166900 val_mse=0.0175410 val_psnr_db=31.7637 lr=0.000557 seconds=1.14 best_epoch=55
2026-09-19 18:03:00,354 INFO model=noise2inverse epoch=058/120 train_mse=0.0166549 val_mse=0.0174608 val_psnr_db=32.1663 lr=0.000544 seconds=1.14 best_epoch=58
2026-09-19 18:03:01,499 INFO model=noise2inverse epoch=059/120 train_mse=0.0165785 val_mse=0.0175456 val_psnr_db=31.9878 lr=0.000531 seconds=1.14 best_epoch=58
2026-09-19 18:03:02,642 INFO model=noise2inverse epoch=060/120 train_mse=0.0166633 val_mse=0.0175282 val_psnr_db=32.5499 lr=0.000518 seconds=1.13 best_epoch=58
2026-09-19 18:03:03,791 INFO model=noise2inverse epoch=061/120 train_mse=0.0166533 val_mse=0.0174555 val_psnr_db=32.3368 lr=0.000505 seconds=1.13 best_epoch=61
2026-09-19 18:03:04,938 INFO model=noise2inverse epoch=062/120 train_mse=0.0165801 val_mse=0.0174480 val_psnr_db=32.2167 lr=0.000492 seconds=1.13 best_epoch=62
2026-09-19 18:03:06,088 INFO model=noise2inverse epoch=063/120 train_mse=0.0165776 val_mse=0.0174257 val_psnr_db=31.9766 lr=0.000479 seconds=1.14 best_epoch=63
2026-09-19 18:03:07,234 INFO model=noise2inverse epoch=064/120 train_mse=0.0166061 val_mse=0.0174349 val_psnr_db=31.7615 lr=0.000466 seconds=1.14 best_epoch=63
2026-09-19 18:03:08,384 INFO model=noise2inverse epoch=065/120 train_mse=0.0166322 val_mse=0.0174127 val_psnr_db=31.7677 lr=0.000453 seconds=1.13 best_epoch=65
2026-09-19 18:03:09,529 INFO model=noise2inverse epoch=066/120 train_mse=0.0166012 val_mse=0.0174183 val_psnr_db=32.3800 lr=0.00044 seconds=1.14 best_epoch=65
2026-09-19 18:03:10,676 INFO model=noise2inverse epoch=067/120 train_mse=0.0165737 val_mse=0.0174441 val_psnr_db=31.5234 lr=0.000428 seconds=1.14 best_epoch=65
2026-09-19 18:03:11,820 INFO model=noise2inverse epoch=068/120 train_mse=0.0165673 val_mse=0.0174527 val_psnr_db=32.4807 lr=0.000415 seconds=1.13 best_epoch=65
2026-09-19 18:03:12,966 INFO model=noise2inverse epoch=069/120 train_mse=0.0166040 val_mse=0.0174195 val_psnr_db=31.5247 lr=0.000402 seconds=1.14 best_epoch=65
2026-09-19 18:03:14,115 INFO model=noise2inverse epoch=070/120 train_mse=0.0166306 val_mse=0.0173915 val_psnr_db=32.3265 lr=0.000389 seconds=1.13 best_epoch=70
2026-09-19 18:03:15,265 INFO model=noise2inverse epoch=071/120 train_mse=0.0165138 val_mse=0.0173584 val_psnr_db=32.0045 lr=0.000377 seconds=1.14 best_epoch=71
2026-09-19 18:03:16,409 INFO model=noise2inverse epoch=072/120 train_mse=0.0165308 val_mse=0.0173922 val_psnr_db=32.5387 lr=0.000364 seconds=1.13 best_epoch=71
2026-09-19 18:03:17,555 INFO model=noise2inverse epoch=073/120 train_mse=0.0165467 val_mse=0.0173636 val_psnr_db=32.3573 lr=0.000352 seconds=1.14 best_epoch=71
2026-09-19 18:03:18,701 INFO model=noise2inverse epoch=074/120 train_mse=0.0165396 val_mse=0.0173698 val_psnr_db=32.3364 lr=0.00034 seconds=1.14 best_epoch=71
2026-09-19 18:03:19,846 INFO model=noise2inverse epoch=075/120 train_mse=0.0165303 val_mse=0.0173500 val_psnr_db=32.0893 lr=0.000328 seconds=1.13 best_epoch=75
2026-09-19 18:03:20,989 INFO model=noise2inverse epoch=076/120 train_mse=0.0165305 val_mse=0.0173606 val_psnr_db=32.0037 lr=0.000316 seconds=1.13 best_epoch=75
2026-09-19 18:03:22,135 INFO model=noise2inverse epoch=077/120 train_mse=0.0165058 val_mse=0.0173641 val_psnr_db=32.6399 lr=0.000304 seconds=1.14 best_epoch=75
2026-09-19 18:03:23,285 INFO model=noise2inverse epoch=078/120 train_mse=0.0164911 val_mse=0.0173462 val_psnr_db=32.5672 lr=0.000292 seconds=1.13 best_epoch=78
2026-09-19 18:03:24,428 INFO model=noise2inverse epoch=079/120 train_mse=0.0165429 val_mse=0.0173562 val_psnr_db=32.3448 lr=0.00028 seconds=1.13 best_epoch=78
2026-09-19 18:03:25,575 INFO model=noise2inverse epoch=080/120 train_mse=0.0165129 val_mse=0.0173700 val_psnr_db=32.6376 lr=0.000269 seconds=1.14 best_epoch=78
2026-09-19 18:03:26,725 INFO model=noise2inverse epoch=081/120 train_mse=0.0165255 val_mse=0.0173418 val_psnr_db=32.3989 lr=0.000257 seconds=1.14 best_epoch=81
2026-09-19 18:03:27,874 INFO model=noise2inverse epoch=082/120 train_mse=0.0164813 val_mse=0.0173410 val_psnr_db=32.3192 lr=0.000246 seconds=1.13 best_epoch=82
2026-09-19 18:03:29,022 INFO model=noise2inverse epoch=083/120 train_mse=0.0165021 val_mse=0.0173334 val_psnr_db=32.4103 lr=0.000235 seconds=1.13 best_epoch=83
2026-09-19 18:03:30,170 INFO model=noise2inverse epoch=084/120 train_mse=0.0164540 val_mse=0.0173266 val_psnr_db=32.1827 lr=0.000225 seconds=1.13 best_epoch=84
2026-09-19 18:03:31,315 INFO model=noise2inverse epoch=085/120 train_mse=0.0164685 val_mse=0.0173321 val_psnr_db=32.5002 lr=0.000214 seconds=1.13 best_epoch=84
2026-09-19 18:03:32,460 INFO model=noise2inverse epoch=086/120 train_mse=0.0164803 val_mse=0.0173449 val_psnr_db=32.8400 lr=0.000204 seconds=1.13 best_epoch=84
2026-09-19 18:03:33,611 INFO model=noise2inverse epoch=087/120 train_mse=0.0164717 val_mse=0.0173190 val_psnr_db=32.5181 lr=0.000193 seconds=1.14 best_epoch=87
2026-09-19 18:03:34,757 INFO model=noise2inverse epoch=088/120 train_mse=0.0164569 val_mse=0.0173288 val_psnr_db=32.5622 lr=0.000184 seconds=1.14 best_epoch=87
2026-09-19 18:03:35,905 INFO model=noise2inverse epoch=089/120 train_mse=0.0165197 val_mse=0.0173189 val_psnr_db=32.4985 lr=0.000174 seconds=1.13 best_epoch=89
2026-09-19 18:03:37,050 INFO model=noise2inverse epoch=090/120 train_mse=0.0164753 val_mse=0.0173230 val_psnr_db=32.6469 lr=0.000164 seconds=1.14 best_epoch=89
2026-09-19 18:03:38,201 INFO model=noise2inverse epoch=091/120 train_mse=0.0164625 val_mse=0.0173117 val_psnr_db=32.6538 lr=0.000155 seconds=1.14 best_epoch=91
2026-09-19 18:03:39,347 INFO model=noise2inverse epoch=092/120 train_mse=0.0164425 val_mse=0.0173179 val_psnr_db=32.6105 lr=0.000146 seconds=1.14 best_epoch=91
2026-09-19 18:03:40,492 INFO model=noise2inverse epoch=093/120 train_mse=0.0164701 val_mse=0.0173226 val_psnr_db=32.6017 lr=0.000137 seconds=1.14 best_epoch=91
2026-09-19 18:03:41,643 INFO model=noise2inverse epoch=094/120 train_mse=0.0164817 val_mse=0.0173003 val_psnr_db=32.1922 lr=0.000129 seconds=1.14 best_epoch=94
2026-09-19 18:03:42,789 INFO model=noise2inverse epoch=095/120 train_mse=0.0164415 val_mse=0.0173197 val_psnr_db=32.6666 lr=0.00012 seconds=1.14 best_epoch=94
2026-09-19 18:03:43,936 INFO model=noise2inverse epoch=096/120 train_mse=0.0164623 val_mse=0.0173026 val_psnr_db=32.5664 lr=0.000112 seconds=1.14 best_epoch=94
2026-09-19 18:03:45,082 INFO model=noise2inverse epoch=097/120 train_mse=0.0164638 val_mse=0.0173055 val_psnr_db=32.6622 lr=0.000105 seconds=1.14 best_epoch=94
2026-09-19 18:03:46,229 INFO model=noise2inverse epoch=098/120 train_mse=0.0164111 val_mse=0.0173066 val_psnr_db=32.7278 lr=9.71e-05 seconds=1.14 best_epoch=94
2026-09-19 18:03:47,378 INFO model=noise2inverse epoch=099/120 train_mse=0.0164825 val_mse=0.0172947 val_psnr_db=32.5064 lr=8.99e-05 seconds=1.13 best_epoch=99
2026-09-19 18:03:48,521 INFO model=noise2inverse epoch=100/120 train_mse=0.0164660 val_mse=0.0173013 val_psnr_db=32.5993 lr=8.29e-05 seconds=1.13 best_epoch=99
2026-09-19 18:03:49,668 INFO model=noise2inverse epoch=101/120 train_mse=0.0165097 val_mse=0.0172981 val_psnr_db=32.7039 lr=7.63e-05 seconds=1.14 best_epoch=99
2026-09-19 18:03:50,815 INFO model=noise2inverse epoch=102/120 train_mse=0.0164336 val_mse=0.0172975 val_psnr_db=32.5968 lr=7e-05 seconds=1.14 best_epoch=99
2026-09-19 18:03:51,966 INFO model=noise2inverse epoch=103/120 train_mse=0.0164618 val_mse=0.0172939 val_psnr_db=32.6163 lr=6.4e-05 seconds=1.14 best_epoch=103
2026-09-19 18:03:53,111 INFO model=noise2inverse epoch=104/120 train_mse=0.0164509 val_mse=0.0172999 val_psnr_db=32.6732 lr=5.82e-05 seconds=1.14 best_epoch=103
2026-09-19 18:03:54,256 INFO model=noise2inverse epoch=105/120 train_mse=0.0164924 val_mse=0.0172942 val_psnr_db=32.6352 lr=5.28e-05 seconds=1.13 best_epoch=103
2026-09-19 18:03:55,407 INFO model=noise2inverse epoch=106/120 train_mse=0.0164092 val_mse=0.0172897 val_psnr_db=32.6374 lr=4.77e-05 seconds=1.14 best_epoch=106
2026-09-19 18:03:56,552 INFO model=noise2inverse epoch=107/120 train_mse=0.0164650 val_mse=0.0172952 val_psnr_db=32.6849 lr=4.29e-05 seconds=1.13 best_epoch=106
2026-09-19 18:03:57,702 INFO model=noise2inverse epoch=108/120 train_mse=0.0164463 val_mse=0.0172882 val_psnr_db=32.5366 lr=3.84e-05 seconds=1.13 best_epoch=108
2026-09-19 18:03:58,847 INFO model=noise2inverse epoch=109/120 train_mse=0.0164636 val_mse=0.0172961 val_psnr_db=32.5957 lr=3.42e-05 seconds=1.14 best_epoch=108
2026-09-19 18:03:59,994 INFO model=noise2inverse epoch=110/120 train_mse=0.0164644 val_mse=0.0172921 val_psnr_db=32.5834 lr=3.04e-05 seconds=1.14 best_epoch=108
2026-09-19 18:04:01,140 INFO model=noise2inverse epoch=111/120 train_mse=0.0164614 val_mse=0.0172891 val_psnr_db=32.6153 lr=2.69e-05 seconds=1.14 best_epoch=108
2026-09-19 18:04:02,287 INFO model=noise2inverse epoch=112/120 train_mse=0.0164338 val_mse=0.0172898 val_psnr_db=32.5956 lr=2.37e-05 seconds=1.14 best_epoch=108
2026-09-19 18:04:03,430 INFO model=noise2inverse epoch=113/120 train_mse=0.0164264 val_mse=0.0172907 val_psnr_db=32.6546 lr=2.08e-05 seconds=1.13 best_epoch=108
2026-09-19 18:04:04,580 INFO model=noise2inverse epoch=114/120 train_mse=0.0164294 val_mse=0.0172866 val_psnr_db=32.5878 lr=1.83e-05 seconds=1.13 best_epoch=114
2026-09-19 18:04:05,724 INFO model=noise2inverse epoch=115/120 train_mse=0.0164566 val_mse=0.0172897 val_psnr_db=32.6792 lr=1.61e-05 seconds=1.13 best_epoch=114
2026-09-19 18:04:06,871 INFO model=noise2inverse epoch=116/120 train_mse=0.0164349 val_mse=0.0172891 val_psnr_db=32.6865 lr=1.42e-05 seconds=1.14 best_epoch=114
2026-09-19 18:04:08,021 INFO model=noise2inverse epoch=117/120 train_mse=0.0164455 val_mse=0.0172857 val_psnr_db=32.5918 lr=1.27e-05 seconds=1.13 best_epoch=117
2026-09-19 18:04:09,167 INFO model=noise2inverse epoch=118/120 train_mse=0.0164712 val_mse=0.0172867 val_psnr_db=32.6653 lr=1.15e-05 seconds=1.14 best_epoch=117
2026-09-19 18:04:10,314 INFO model=noise2inverse epoch=119/120 train_mse=0.0164523 val_mse=0.0172889 val_psnr_db=32.6509 lr=1.07e-05 seconds=1.14 best_epoch=117
2026-09-19 18:04:11,461 INFO model=noise2inverse epoch=120/120 train_mse=0.0163823 val_mse=0.0172889 val_psnr_db=32.6693 lr=1.02e-05 seconds=1.14 best_epoch=117
2026-09-19 18:04:11,476 INFO model=noise2inverse training_complete seconds=137.54 best_epoch=117 peak_memory_bytes=2993925632
2026-09-19 18:04:11,477 INFO model=proj2proj parameters=118305 epochs=120 lr=0.001 device=cuda supervised=False selected_on=masked projection MSE
2026-09-19 18:04:11,544 INFO model=proj2proj initial_gradient_norm=0.014273869
2026-09-19 18:04:12,593 INFO model=proj2proj epoch=001/120 train_mse=0.0001106 val_mse=0.0001233 val_psnr_db=22.9230 lr=0.001 seconds=1.11 best_epoch=1
2026-09-19 18:04:13,717 INFO model=proj2proj epoch=002/120 train_mse=0.0001056 val_mse=0.0001223 val_psnr_db=22.9234 lr=0.001 seconds=1.11 best_epoch=2
2026-09-19 18:04:14,841 INFO model=proj2proj epoch=003/120 train_mse=0.0001054 val_mse=0.0001219 val_psnr_db=22.9230 lr=0.000999 seconds=1.11 best_epoch=3
2026-09-19 18:04:15,969 INFO model=proj2proj epoch=004/120 train_mse=0.0001036 val_mse=0.0001194 val_psnr_db=22.9175 lr=0.000998 seconds=1.11 best_epoch=4
2026-09-19 18:04:17,096 INFO model=proj2proj epoch=005/120 train_mse=0.0001018 val_mse=0.0001176 val_psnr_db=22.9082 lr=0.000997 seconds=1.11 best_epoch=5
2026-09-19 18:04:18,217 INFO model=proj2proj epoch=006/120 train_mse=0.0001022 val_mse=0.0001187 val_psnr_db=22.9135 lr=0.000996 seconds=1.11 best_epoch=5
2026-09-19 18:04:19,343 INFO model=proj2proj epoch=007/120 train_mse=0.0001011 val_mse=0.0001172 val_psnr_db=22.9104 lr=0.000994 seconds=1.11 best_epoch=7
2026-09-19 18:04:20,468 INFO model=proj2proj epoch=008/120 train_mse=0.0001007 val_mse=0.0001172 val_psnr_db=22.9107 lr=0.000992 seconds=1.11 best_epoch=8
2026-09-19 18:04:21,595 INFO model=proj2proj epoch=009/120 train_mse=0.0001009 val_mse=0.0001170 val_psnr_db=22.9123 lr=0.000989 seconds=1.11 best_epoch=9
2026-09-19 18:04:22,718 INFO model=proj2proj epoch=010/120 train_mse=0.0001006 val_mse=0.0001172 val_psnr_db=22.9141 lr=0.000986 seconds=1.11 best_epoch=9
2026-09-19 18:04:23,841 INFO model=proj2proj epoch=011/120 train_mse=0.0001006 val_mse=0.0001172 val_psnr_db=22.9152 lr=0.000983 seconds=1.11 best_epoch=9
2026-09-19 18:04:24,967 INFO model=proj2proj epoch=012/120 train_mse=0.0000998 val_mse=0.0001170 val_psnr_db=22.9151 lr=0.00098 seconds=1.11 best_epoch=12
2026-09-19 18:04:26,094 INFO model=proj2proj epoch=013/120 train_mse=0.0001002 val_mse=0.0001169 val_psnr_db=22.9171 lr=0.000976 seconds=1.11 best_epoch=13
2026-09-19 18:04:27,219 INFO model=proj2proj epoch=014/120 train_mse=0.0001016 val_mse=0.0001169 val_psnr_db=22.9236 lr=0.000972 seconds=1.11 best_epoch=14
2026-09-19 18:04:28,348 INFO model=proj2proj epoch=015/120 train_mse=0.0001009 val_mse=0.0001162 val_psnr_db=22.9380 lr=0.000967 seconds=1.11 best_epoch=15
2026-09-19 18:04:29,476 INFO model=proj2proj epoch=016/120 train_mse=0.0000988 val_mse=0.0001142 val_psnr_db=23.0383 lr=0.000962 seconds=1.11 best_epoch=16
2026-09-19 18:04:30,604 INFO model=proj2proj epoch=017/120 train_mse=0.0000976 val_mse=0.0001102 val_psnr_db=23.2040 lr=0.000957 seconds=1.11 best_epoch=17
2026-09-19 18:04:31,731 INFO model=proj2proj epoch=018/120 train_mse=0.0000898 val_mse=0.0000983 val_psnr_db=23.8112 lr=0.000952 seconds=1.11 best_epoch=18
2026-09-19 18:04:32,856 INFO model=proj2proj epoch=019/120 train_mse=0.0000745 val_mse=0.0000782 val_psnr_db=24.4905 lr=0.000946 seconds=1.11 best_epoch=19
2026-09-19 18:04:33,984 INFO model=proj2proj epoch=020/120 train_mse=0.0000629 val_mse=0.0000617 val_psnr_db=25.0526 lr=0.00094 seconds=1.11 best_epoch=20
2026-09-19 18:04:35,110 INFO model=proj2proj epoch=021/120 train_mse=0.0000525 val_mse=0.0000567 val_psnr_db=25.4137 lr=0.000934 seconds=1.11 best_epoch=21
2026-09-19 18:04:36,235 INFO model=proj2proj epoch=022/120 train_mse=0.0000444 val_mse=0.0000446 val_psnr_db=25.7656 lr=0.000927 seconds=1.11 best_epoch=22
2026-09-19 18:04:37,362 INFO model=proj2proj epoch=023/120 train_mse=0.0000420 val_mse=0.0000429 val_psnr_db=25.8559 lr=0.00092 seconds=1.11 best_epoch=23
2026-09-19 18:04:38,489 INFO model=proj2proj epoch=024/120 train_mse=0.0000388 val_mse=0.0000404 val_psnr_db=25.9626 lr=0.000913 seconds=1.11 best_epoch=24
2026-09-19 18:04:39,615 INFO model=proj2proj epoch=025/120 train_mse=0.0000380 val_mse=0.0000392 val_psnr_db=26.0467 lr=0.000905 seconds=1.11 best_epoch=25
2026-09-19 18:04:40,740 INFO model=proj2proj epoch=026/120 train_mse=0.0000362 val_mse=0.0000386 val_psnr_db=26.1387 lr=0.000898 seconds=1.11 best_epoch=26
2026-09-19 18:04:41,867 INFO model=proj2proj epoch=027/120 train_mse=0.0000360 val_mse=0.0000379 val_psnr_db=26.2186 lr=0.00089 seconds=1.11 best_epoch=27
2026-09-19 18:04:42,995 INFO model=proj2proj epoch=028/120 train_mse=0.0000353 val_mse=0.0000376 val_psnr_db=26.3089 lr=0.000881 seconds=1.11 best_epoch=28
2026-09-19 18:04:44,121 INFO model=proj2proj epoch=029/120 train_mse=0.0000353 val_mse=0.0000370 val_psnr_db=26.3886 lr=0.000873 seconds=1.11 best_epoch=29
2026-09-19 18:04:45,250 INFO model=proj2proj epoch=030/120 train_mse=0.0000346 val_mse=0.0000365 val_psnr_db=26.4785 lr=0.000864 seconds=1.11 best_epoch=30
2026-09-19 18:04:46,378 INFO model=proj2proj epoch=031/120 train_mse=0.0000348 val_mse=0.0000362 val_psnr_db=26.5533 lr=0.000855 seconds=1.11 best_epoch=31
2026-09-19 18:04:47,506 INFO model=proj2proj epoch=032/120 train_mse=0.0000336 val_mse=0.0000359 val_psnr_db=26.6723 lr=0.000846 seconds=1.11 best_epoch=32
2026-09-19 18:04:48,633 INFO model=proj2proj epoch=033/120 train_mse=0.0000330 val_mse=0.0000350 val_psnr_db=26.7964 lr=0.000836 seconds=1.11 best_epoch=33
2026-09-19 18:04:49,760 INFO model=proj2proj epoch=034/120 train_mse=0.0000332 val_mse=0.0000345 val_psnr_db=26.9324 lr=0.000826 seconds=1.11 best_epoch=34
2026-09-19 18:04:50,887 INFO model=proj2proj epoch=035/120 train_mse=0.0000321 val_mse=0.0000338 val_psnr_db=27.1511 lr=0.000817 seconds=1.11 best_epoch=35
2026-09-19 18:04:52,014 INFO model=proj2proj epoch=036/120 train_mse=0.0000308 val_mse=0.0000320 val_psnr_db=27.5597 lr=0.000806 seconds=1.11 best_epoch=36
2026-09-19 18:04:53,141 INFO model=proj2proj epoch=037/120 train_mse=0.0000292 val_mse=0.0000317 val_psnr_db=27.9801 lr=0.000796 seconds=1.11 best_epoch=37
2026-09-19 18:04:54,264 INFO model=proj2proj epoch=038/120 train_mse=0.0000283 val_mse=0.0000285 val_psnr_db=28.2525 lr=0.000785 seconds=1.11 best_epoch=38
2026-09-19 18:04:55,388 INFO model=proj2proj epoch=039/120 train_mse=0.0000271 val_mse=0.0000303 val_psnr_db=28.5216 lr=0.000775 seconds=1.11 best_epoch=38
2026-09-19 18:04:56,517 INFO model=proj2proj epoch=040/120 train_mse=0.0000272 val_mse=0.0000270 val_psnr_db=28.6840 lr=0.000764 seconds=1.11 best_epoch=40
2026-09-19 18:04:57,642 INFO model=proj2proj epoch=041/120 train_mse=0.0000268 val_mse=0.0000274 val_psnr_db=28.7598 lr=0.000752 seconds=1.12 best_epoch=40
2026-09-19 18:04:58,770 INFO model=proj2proj epoch=042/120 train_mse=0.0000254 val_mse=0.0000262 val_psnr_db=29.1655 lr=0.000741 seconds=1.11 best_epoch=42
2026-09-19 18:04:59,894 INFO model=proj2proj epoch=043/120 train_mse=0.0000249 val_mse=0.0000286 val_psnr_db=29.3460 lr=0.00073 seconds=1.11 best_epoch=42
2026-09-19 18:05:01,023 INFO model=proj2proj epoch=044/120 train_mse=0.0000248 val_mse=0.0000245 val_psnr_db=29.6335 lr=0.000718 seconds=1.11 best_epoch=44
2026-09-19 18:05:02,152 INFO model=proj2proj epoch=045/120 train_mse=0.0000235 val_mse=0.0000238 val_psnr_db=29.9246 lr=0.000706 seconds=1.12 best_epoch=45
2026-09-19 18:05:03,281 INFO model=proj2proj epoch=046/120 train_mse=0.0000233 val_mse=0.0000232 val_psnr_db=30.2622 lr=0.000694 seconds=1.11 best_epoch=46
2026-09-19 18:05:04,409 INFO model=proj2proj epoch=047/120 train_mse=0.0000230 val_mse=0.0000228 val_psnr_db=30.4741 lr=0.000682 seconds=1.11 best_epoch=47
2026-09-19 18:05:05,537 INFO model=proj2proj epoch=048/120 train_mse=0.0000220 val_mse=0.0000222 val_psnr_db=30.8228 lr=0.00067 seconds=1.11 best_epoch=48
2026-09-19 18:05:06,660 INFO model=proj2proj epoch=049/120 train_mse=0.0000218 val_mse=0.0000228 val_psnr_db=31.0624 lr=0.000658 seconds=1.11 best_epoch=48
2026-09-19 18:05:07,783 INFO model=proj2proj epoch=050/120 train_mse=0.0000215 val_mse=0.0000223 val_psnr_db=31.2429 lr=0.000646 seconds=1.11 best_epoch=48
2026-09-19 18:05:08,913 INFO model=proj2proj epoch=051/120 train_mse=0.0000212 val_mse=0.0000218 val_psnr_db=31.5909 lr=0.000633 seconds=1.11 best_epoch=51
2026-09-19 18:05:10,042 INFO model=proj2proj epoch=052/120 train_mse=0.0000209 val_mse=0.0000214 val_psnr_db=31.8366 lr=0.000621 seconds=1.12 best_epoch=52
2026-09-19 18:05:11,170 INFO model=proj2proj epoch=053/120 train_mse=0.0000201 val_mse=0.0000205 val_psnr_db=32.1495 lr=0.000608 seconds=1.11 best_epoch=53
2026-09-19 18:05:12,293 INFO model=proj2proj epoch=054/120 train_mse=0.0000201 val_mse=0.0000207 val_psnr_db=32.3615 lr=0.000595 seconds=1.11 best_epoch=53
2026-09-19 18:05:13,416 INFO model=proj2proj epoch=055/120 train_mse=0.0000198 val_mse=0.0000211 val_psnr_db=32.5733 lr=0.000582 seconds=1.11 best_epoch=53
2026-09-19 18:05:14,545 INFO model=proj2proj epoch=056/120 train_mse=0.0000197 val_mse=0.0000202 val_psnr_db=32.8110 lr=0.00057 seconds=1.11 best_epoch=56
2026-09-19 18:05:15,673 INFO model=proj2proj epoch=057/120 train_mse=0.0000193 val_mse=0.0000198 val_psnr_db=32.9983 lr=0.000557 seconds=1.11 best_epoch=57
2026-09-19 18:05:16,803 INFO model=proj2proj epoch=058/120 train_mse=0.0000191 val_mse=0.0000191 val_psnr_db=33.2019 lr=0.000544 seconds=1.12 best_epoch=58
2026-09-19 18:05:17,926 INFO model=proj2proj epoch=059/120 train_mse=0.0000189 val_mse=0.0000189 val_psnr_db=33.4407 lr=0.000531 seconds=1.11 best_epoch=59
2026-09-19 18:05:19,052 INFO model=proj2proj epoch=060/120 train_mse=0.0000194 val_mse=0.0000198 val_psnr_db=33.3927 lr=0.000518 seconds=1.12 best_epoch=59
2026-09-19 18:05:20,176 INFO model=proj2proj epoch=061/120 train_mse=0.0000192 val_mse=0.0000193 val_psnr_db=33.3271 lr=0.000505 seconds=1.11 best_epoch=59
2026-09-19 18:05:21,302 INFO model=proj2proj epoch=062/120 train_mse=0.0000186 val_mse=0.0000197 val_psnr_db=33.4550 lr=0.000492 seconds=1.12 best_epoch=59
2026-09-19 18:05:22,425 INFO model=proj2proj epoch=063/120 train_mse=0.0000189 val_mse=0.0000196 val_psnr_db=33.5500 lr=0.000479 seconds=1.11 best_epoch=59
2026-09-19 18:05:23,554 INFO model=proj2proj epoch=064/120 train_mse=0.0000191 val_mse=0.0000188 val_psnr_db=33.7673 lr=0.000466 seconds=1.11 best_epoch=64
2026-09-19 18:05:24,683 INFO model=proj2proj epoch=065/120 train_mse=0.0000187 val_mse=0.0000188 val_psnr_db=33.7943 lr=0.000453 seconds=1.11 best_epoch=65
2026-09-19 18:05:25,807 INFO model=proj2proj epoch=066/120 train_mse=0.0000186 val_mse=0.0000191 val_psnr_db=33.9688 lr=0.00044 seconds=1.11 best_epoch=65
2026-09-19 18:05:26,930 INFO model=proj2proj epoch=067/120 train_mse=0.0000181 val_mse=0.0000189 val_psnr_db=34.1057 lr=0.000428 seconds=1.11 best_epoch=65
2026-09-19 18:05:28,058 INFO model=proj2proj epoch=068/120 train_mse=0.0000178 val_mse=0.0000184 val_psnr_db=34.1801 lr=0.000415 seconds=1.11 best_epoch=68
2026-09-19 18:05:29,187 INFO model=proj2proj epoch=069/120 train_mse=0.0000178 val_mse=0.0000183 val_psnr_db=34.3111 lr=0.000402 seconds=1.11 best_epoch=69
2026-09-19 18:05:30,315 INFO model=proj2proj epoch=070/120 train_mse=0.0000176 val_mse=0.0000181 val_psnr_db=34.3788 lr=0.000389 seconds=1.11 best_epoch=70
2026-09-19 18:05:31,438 INFO model=proj2proj epoch=071/120 train_mse=0.0000176 val_mse=0.0000184 val_psnr_db=34.4365 lr=0.000377 seconds=1.11 best_epoch=70
2026-09-19 18:05:32,566 INFO model=proj2proj epoch=072/120 train_mse=0.0000176 val_mse=0.0000180 val_psnr_db=34.5457 lr=0.000364 seconds=1.11 best_epoch=72
2026-09-19 18:05:33,688 INFO model=proj2proj epoch=073/120 train_mse=0.0000175 val_mse=0.0000187 val_psnr_db=34.5436 lr=0.000352 seconds=1.11 best_epoch=72
2026-09-19 18:05:34,818 INFO model=proj2proj epoch=074/120 train_mse=0.0000176 val_mse=0.0000180 val_psnr_db=34.6137 lr=0.00034 seconds=1.11 best_epoch=74
2026-09-19 18:05:35,947 INFO model=proj2proj epoch=075/120 train_mse=0.0000176 val_mse=0.0000179 val_psnr_db=34.6842 lr=0.000328 seconds=1.11 best_epoch=75
2026-09-19 18:05:37,075 INFO model=proj2proj epoch=076/120 train_mse=0.0000175 val_mse=0.0000179 val_psnr_db=34.7118 lr=0.000316 seconds=1.11 best_epoch=76
2026-09-19 18:05:38,199 INFO model=proj2proj epoch=077/120 train_mse=0.0000172 val_mse=0.0000183 val_psnr_db=34.7513 lr=0.000304 seconds=1.11 best_epoch=76
2026-09-19 18:05:39,323 INFO model=proj2proj epoch=078/120 train_mse=0.0000175 val_mse=0.0000180 val_psnr_db=34.7603 lr=0.000292 seconds=1.11 best_epoch=76
2026-09-19 18:05:40,447 INFO model=proj2proj epoch=079/120 train_mse=0.0000175 val_mse=0.0000181 val_psnr_db=34.8645 lr=0.00028 seconds=1.11 best_epoch=76
2026-09-19 18:05:41,576 INFO model=proj2proj epoch=080/120 train_mse=0.0000173 val_mse=0.0000178 val_psnr_db=34.8885 lr=0.000269 seconds=1.11 best_epoch=80
2026-09-19 18:05:42,703 INFO model=proj2proj epoch=081/120 train_mse=0.0000173 val_mse=0.0000178 val_psnr_db=34.8906 lr=0.000257 seconds=1.11 best_epoch=81
2026-09-19 18:05:43,828 INFO model=proj2proj epoch=082/120 train_mse=0.0000173 val_mse=0.0000180 val_psnr_db=34.9586 lr=0.000246 seconds=1.11 best_epoch=81
2026-09-19 18:05:44,950 INFO model=proj2proj epoch=083/120 train_mse=0.0000174 val_mse=0.0000178 val_psnr_db=34.9716 lr=0.000235 seconds=1.11 best_epoch=81
2026-09-19 18:05:46,080 INFO model=proj2proj epoch=084/120 train_mse=0.0000172 val_mse=0.0000177 val_psnr_db=35.0114 lr=0.000225 seconds=1.11 best_epoch=84
2026-09-19 18:05:47,204 INFO model=proj2proj epoch=085/120 train_mse=0.0000172 val_mse=0.0000181 val_psnr_db=35.0380 lr=0.000214 seconds=1.11 best_epoch=84
2026-09-19 18:05:48,330 INFO model=proj2proj epoch=086/120 train_mse=0.0000171 val_mse=0.0000178 val_psnr_db=35.0282 lr=0.000204 seconds=1.11 best_epoch=84
2026-09-19 18:05:49,458 INFO model=proj2proj epoch=087/120 train_mse=0.0000173 val_mse=0.0000176 val_psnr_db=35.0574 lr=0.000193 seconds=1.11 best_epoch=87
2026-09-19 18:05:50,582 INFO model=proj2proj epoch=088/120 train_mse=0.0000170 val_mse=0.0000177 val_psnr_db=35.0620 lr=0.000184 seconds=1.11 best_epoch=87
2026-09-19 18:05:51,707 INFO model=proj2proj epoch=089/120 train_mse=0.0000171 val_mse=0.0000178 val_psnr_db=35.1275 lr=0.000174 seconds=1.11 best_epoch=87
2026-09-19 18:05:52,830 INFO model=proj2proj epoch=090/120 train_mse=0.0000170 val_mse=0.0000176 val_psnr_db=35.1251 lr=0.000164 seconds=1.11 best_epoch=87
2026-09-19 18:05:53,959 INFO model=proj2proj epoch=091/120 train_mse=0.0000170 val_mse=0.0000176 val_psnr_db=35.1512 lr=0.000155 seconds=1.11 best_epoch=91
2026-09-19 18:05:55,086 INFO model=proj2proj epoch=092/120 train_mse=0.0000170 val_mse=0.0000176 val_psnr_db=35.1899 lr=0.000146 seconds=1.11 best_epoch=92
2026-09-19 18:05:56,211 INFO model=proj2proj epoch=093/120 train_mse=0.0000172 val_mse=0.0000178 val_psnr_db=35.1705 lr=0.000137 seconds=1.11 best_epoch=92
2026-09-19 18:05:57,336 INFO model=proj2proj epoch=094/120 train_mse=0.0000172 val_mse=0.0000176 val_psnr_db=35.1959 lr=0.000129 seconds=1.11 best_epoch=92
2026-09-19 18:05:58,461 INFO model=proj2proj epoch=095/120 train_mse=0.0000170 val_mse=0.0000176 val_psnr_db=35.2075 lr=0.00012 seconds=1.11 best_epoch=92
2026-09-19 18:05:59,591 INFO model=proj2proj epoch=096/120 train_mse=0.0000169 val_mse=0.0000176 val_psnr_db=35.2265 lr=0.000112 seconds=1.11 best_epoch=96
2026-09-19 18:06:00,715 INFO model=proj2proj epoch=097/120 train_mse=0.0000170 val_mse=0.0000176 val_psnr_db=35.2434 lr=0.000105 seconds=1.11 best_epoch=96
2026-09-19 18:06:01,840 INFO model=proj2proj epoch=098/120 train_mse=0.0000169 val_mse=0.0000176 val_psnr_db=35.2588 lr=9.71e-05 seconds=1.11 best_epoch=96
2026-09-19 18:06:02,965 INFO model=proj2proj epoch=099/120 train_mse=0.0000170 val_mse=0.0000176 val_psnr_db=35.2783 lr=8.99e-05 seconds=1.11 best_epoch=96
2026-09-19 18:06:04,093 INFO model=proj2proj epoch=100/120 train_mse=0.0000169 val_mse=0.0000175 val_psnr_db=35.2608 lr=8.29e-05 seconds=1.11 best_epoch=100
2026-09-19 18:06:05,219 INFO model=proj2proj epoch=101/120 train_mse=0.0000169 val_mse=0.0000175 val_psnr_db=35.2847 lr=7.63e-05 seconds=1.12 best_epoch=100
2026-09-19 18:06:06,344 INFO model=proj2proj epoch=102/120 train_mse=0.0000168 val_mse=0.0000175 val_psnr_db=35.3045 lr=7e-05 seconds=1.12 best_epoch=100
2026-09-19 18:06:07,468 INFO model=proj2proj epoch=103/120 train_mse=0.0000169 val_mse=0.0000176 val_psnr_db=35.2965 lr=6.4e-05 seconds=1.11 best_epoch=100
2026-09-19 18:06:08,593 INFO model=proj2proj epoch=104/120 train_mse=0.0000169 val_mse=0.0000176 val_psnr_db=35.3110 lr=5.82e-05 seconds=1.11 best_epoch=100
2026-09-19 18:06:09,722 INFO model=proj2proj epoch=105/120 train_mse=0.0000168 val_mse=0.0000175 val_psnr_db=35.3349 lr=5.28e-05 seconds=1.11 best_epoch=105
2026-09-19 18:06:10,846 INFO model=proj2proj epoch=106/120 train_mse=0.0000169 val_mse=0.0000176 val_psnr_db=35.3150 lr=4.77e-05 seconds=1.11 best_epoch=105
2026-09-19 18:06:11,969 INFO model=proj2proj epoch=107/120 train_mse=0.0000169 val_mse=0.0000175 val_psnr_db=35.3338 lr=4.29e-05 seconds=1.11 best_epoch=105
2026-09-19 18:06:13,099 INFO model=proj2proj epoch=108/120 train_mse=0.0000168 val_mse=0.0000175 val_psnr_db=35.3363 lr=3.84e-05 seconds=1.11 best_epoch=108
2026-09-19 18:06:14,222 INFO model=proj2proj epoch=109/120 train_mse=0.0000169 val_mse=0.0000175 val_psnr_db=35.3442 lr=3.42e-05 seconds=1.11 best_epoch=108
2026-09-19 18:06:15,352 INFO model=proj2proj epoch=110/120 train_mse=0.0000169 val_mse=0.0000175 val_psnr_db=35.3489 lr=3.04e-05 seconds=1.11 best_epoch=110
2026-09-19 18:06:16,476 INFO model=proj2proj epoch=111/120 train_mse=0.0000169 val_mse=0.0000175 val_psnr_db=35.3442 lr=2.69e-05 seconds=1.11 best_epoch=110
2026-09-19 18:06:17,600 INFO model=proj2proj epoch=112/120 train_mse=0.0000169 val_mse=0.0000175 val_psnr_db=35.3519 lr=2.37e-05 seconds=1.11 best_epoch=110
2026-09-19 18:06:18,727 INFO model=proj2proj epoch=113/120 train_mse=0.0000168 val_mse=0.0000175 val_psnr_db=35.3638 lr=2.08e-05 seconds=1.12 best_epoch=110
2026-09-19 18:06:19,855 INFO model=proj2proj epoch=114/120 train_mse=0.0000168 val_mse=0.0000175 val_psnr_db=35.3629 lr=1.83e-05 seconds=1.11 best_epoch=114
2026-09-19 18:06:20,984 INFO model=proj2proj epoch=115/120 train_mse=0.0000169 val_mse=0.0000175 val_psnr_db=35.3621 lr=1.61e-05 seconds=1.11 best_epoch=115
2026-09-19 18:06:22,106 INFO model=proj2proj epoch=116/120 train_mse=0.0000168 val_mse=0.0000175 val_psnr_db=35.3706 lr=1.42e-05 seconds=1.11 best_epoch=115
2026-09-19 18:06:23,229 INFO model=proj2proj epoch=117/120 train_mse=0.0000168 val_mse=0.0000175 val_psnr_db=35.3641 lr=1.27e-05 seconds=1.11 best_epoch=115
2026-09-19 18:06:24,355 INFO model=proj2proj epoch=118/120 train_mse=0.0000168 val_mse=0.0000175 val_psnr_db=35.3620 lr=1.15e-05 seconds=1.11 best_epoch=115
2026-09-19 18:06:25,480 INFO model=proj2proj epoch=119/120 train_mse=0.0000168 val_mse=0.0000175 val_psnr_db=35.3669 lr=1.07e-05 seconds=1.11 best_epoch=115
2026-09-19 18:06:26,606 INFO model=proj2proj epoch=120/120 train_mse=0.0000169 val_mse=0.0000175 val_psnr_db=35.3736 lr=1.02e-05 seconds=1.11 best_epoch=115
2026-09-19 18:06:26,620 INFO model=proj2proj training_complete seconds=135.14 best_epoch=115 peak_memory_bytes=2992142336
2026-09-19 18:06:27,704 INFO classical sart_subsets=90 sirt_iterations=300 sart_sweeps=20 red_iterations=100
2026-09-19 18:06:30,499 INFO classical method=sirt setting=default best_val_iterations=131 val_psnr_db=32.4351
2026-09-19 18:06:31,602 INFO classical method=sirt selected iterations=131 setting=default val_psnr_db=32.4351 seconds=3.90
2026-09-19 18:06:35,561 INFO classical method=bm3d setting=0.01 best_val_stages=1 val_psnr_db=23.4662
2026-09-19 18:06:39,474 INFO classical method=bm3d setting=0.02 best_val_stages=1 val_psnr_db=23.8624
2026-09-19 18:06:43,380 INFO classical method=bm3d setting=0.05 best_val_stages=1 val_psnr_db=28.6056
2026-09-19 18:06:47,286 INFO classical method=bm3d setting=0.1 best_val_stages=1 val_psnr_db=34.7873
2026-09-19 18:06:51,188 INFO classical method=bm3d setting=0.2 best_val_stages=1 val_psnr_db=35.8750
2026-09-19 18:06:55,089 INFO classical method=bm3d selected stages=1 setting=0.2 val_psnr_db=35.8750 seconds=23.49
2026-09-19 18:06:59,944 INFO classical method=sart setting=1 best_val_subset updates=116 val_psnr_db=32.3372
2026-09-19 18:07:04,804 INFO classical method=sart setting=0.3 best_val_subset updates=403 val_psnr_db=32.6224
2026-09-19 18:07:09,640 INFO classical method=sart setting=0.1 best_val_subset updates=1258 val_psnr_db=32.5694
2026-09-19 18:07:14,588 INFO classical method=sart setting=0.03 best_val_subset updates=1800 val_psnr_db=30.9631
2026-09-19 18:07:15,378 INFO classical method=sart selected subset updates=403 setting=0.3 val_psnr_db=32.6224 seconds=20.29
2026-09-19 18:07:22,113 INFO classical method=red setting=0.1 best_val_iterations=30 val_psnr_db=38.6135
2026-09-19 18:07:28,844 INFO classical method=red setting=0.3 best_val_iterations=11 val_psnr_db=38.3294
2026-09-19 18:07:35,571 INFO classical method=red setting=1 best_val_iterations=4 val_psnr_db=38.6748
2026-09-19 18:07:42,293 INFO classical method=red setting=3 best_val_iterations=2 val_psnr_db=39.1102
2026-09-19 18:07:49,017 INFO classical method=red setting=10 best_val_iterations=2 val_psnr_db=39.5542
2026-09-19 18:07:49,160 INFO classical method=red selected iterations=2 setting=10 val_psnr_db=39.5542 seconds=33.78
2026-09-19 18:07:49,429 INFO TEST method=fbp mean_psnr_db=23.0970 roi_psnr_db=22.0294 window_psnr_db=n/a std_psnr_db=0.4256 mse=0.0049252 seconds=0.01
2026-09-19 18:07:49,429 INFO TEST method=sirt mean_psnr_db=33.9409 roi_psnr_db=32.8733 window_psnr_db=n/a std_psnr_db=1.1105 mse=0.0004170 seconds=3.90
2026-09-19 18:07:49,429 INFO TEST method=sart mean_psnr_db=34.1224 roi_psnr_db=33.0548 window_psnr_db=n/a std_psnr_db=1.1147 mse=0.0004001 seconds=20.29
2026-09-19 18:07:49,429 INFO TEST method=bm3d mean_psnr_db=37.6551 roi_psnr_db=36.5874 window_psnr_db=n/a std_psnr_db=1.6189 mse=0.0001837 seconds=23.49
2026-09-19 18:07:49,429 INFO TEST method=fbp-unet mean_psnr_db=41.5941 roi_psnr_db=40.5265 window_psnr_db=n/a std_psnr_db=1.4292 mse=0.0000732 seconds=108.86
2026-09-19 18:07:49,430 INFO TEST method=red mean_psnr_db=40.8875 roi_psnr_db=39.8199 window_psnr_db=n/a std_psnr_db=1.2277 mse=0.0000850 seconds=33.78
2026-09-19 18:07:49,430 INFO TEST method=iradonmap mean_psnr_db=33.9587 roi_psnr_db=32.8911 window_psnr_db=n/a std_psnr_db=1.3626 mse=0.0004232 seconds=368.18
2026-09-19 18:07:49,430 INFO TEST method=noise2inverse mean_psnr_db=32.9256 roi_psnr_db=31.8579 window_psnr_db=n/a std_psnr_db=0.8754 mse=0.0005207 seconds=137.54
2026-09-19 18:07:49,430 INFO TEST method=proj2proj mean_psnr_db=35.8285 roi_psnr_db=34.7609 window_psnr_db=n/a std_psnr_db=1.0895 mse=0.0002700 seconds=135.14
2026-09-19 18:07:49,430 INFO TEST method=lpd mean_psnr_db=35.0609 roi_psnr_db=33.9933 window_psnr_db=n/a std_psnr_db=1.6410 mse=0.0003352 seconds=789.78
2026-09-19 18:07:49,465 INFO TEST reference=noiseless-fbp mean_psnr_db=30.6961 roi_psnr_db=29.6284 window_psnr_db=n/a
2026-09-19 18:07:56,455 INFO complete outputs=/home/ozan/torchtomo/examples/ellipses/results-512-fan-cuda
