2026-09-19 18:50:31,270 INFO run device=cuda torch=2.4.0+cu121 geometry=parallel image_size=512 angles=90 seed=2026
2026-09-19 18:50:57,803 INFO clean train FBP psnr_db=32.6614 roi_psnr_db=31.5938 window_psnr_db=n/a
2026-09-19 18:50:57,803 INFO photons fixed at 66265.742; calibration skipped
2026-09-19 18:51:01,391 INFO dataset generated ellipses size=100 split=60/20/20 photons=66265.742 zero_count_fraction=0.00000000
2026-09-19 18:51:01,447 INFO baseline split=train fbp_psnr_db=23.0458 fbp_window_psnr_db=n/a
2026-09-19 18:51:01,457 INFO baseline split=val fbp_psnr_db=22.9550 fbp_window_psnr_db=n/a
2026-09-19 18:51:16,580 INFO operator_norm=0.77849591
2026-09-19 18:51:17,157 INFO model=fbp-unet parameters=118305 epochs=120 lr=0.001 device=cuda supervised=True selected_on=image MSE against the clean image
2026-09-19 18:51:17,363 INFO model=fbp-unet initial_gradient_norm=0.023570664
2026-09-19 18:51:18,266 INFO model=fbp-unet epoch=001/120 train_mse=0.0048703 val_mse=0.0049163 val_psnr_db=23.1115 lr=0.001 seconds=1.10 best_epoch=1
2026-09-19 18:51:19,185 INFO model=fbp-unet epoch=002/120 train_mse=0.0047956 val_mse=0.0048539 val_psnr_db=23.1658 lr=0.001 seconds=0.91 best_epoch=2
2026-09-19 18:51:20,109 INFO model=fbp-unet epoch=003/120 train_mse=0.0045228 val_mse=0.0039730 val_psnr_db=24.0421 lr=0.000999 seconds=0.91 best_epoch=3
2026-09-19 18:51:21,032 INFO model=fbp-unet epoch=004/120 train_mse=0.0028027 val_mse=0.0017299 val_psnr_db=27.6945 lr=0.000998 seconds=0.90 best_epoch=4
2026-09-19 18:51:21,955 INFO model=fbp-unet epoch=005/120 train_mse=0.0011878 val_mse=0.0008360 val_psnr_db=30.9206 lr=0.000997 seconds=0.91 best_epoch=5
2026-09-19 18:51:22,879 INFO model=fbp-unet epoch=006/120 train_mse=0.0007189 val_mse=0.0007034 val_psnr_db=31.7522 lr=0.000996 seconds=0.91 best_epoch=6
2026-09-19 18:51:23,805 INFO model=fbp-unet epoch=007/120 train_mse=0.0005564 val_mse=0.0005191 val_psnr_db=33.1086 lr=0.000994 seconds=0.91 best_epoch=7
2026-09-19 18:51:24,729 INFO model=fbp-unet epoch=008/120 train_mse=0.0004490 val_mse=0.0004294 val_psnr_db=33.9345 lr=0.000992 seconds=0.91 best_epoch=8
2026-09-19 18:51:25,652 INFO model=fbp-unet epoch=009/120 train_mse=0.0003799 val_mse=0.0003848 val_psnr_db=34.4487 lr=0.000989 seconds=0.91 best_epoch=9
2026-09-19 18:51:26,574 INFO model=fbp-unet epoch=010/120 train_mse=0.0003389 val_mse=0.0003255 val_psnr_db=35.0879 lr=0.000986 seconds=0.90 best_epoch=10
2026-09-19 18:51:27,498 INFO model=fbp-unet epoch=011/120 train_mse=0.0003005 val_mse=0.0002952 val_psnr_db=35.5506 lr=0.000983 seconds=0.91 best_epoch=11
2026-09-19 18:51:28,418 INFO model=fbp-unet epoch=012/120 train_mse=0.0003071 val_mse=0.0003651 val_psnr_db=34.4967 lr=0.00098 seconds=0.91 best_epoch=11
2026-09-19 18:51:29,340 INFO model=fbp-unet epoch=013/120 train_mse=0.0003071 val_mse=0.0002797 val_psnr_db=35.7385 lr=0.000976 seconds=0.91 best_epoch=13
2026-09-19 18:51:30,267 INFO model=fbp-unet epoch=014/120 train_mse=0.0002526 val_mse=0.0002499 val_psnr_db=36.3070 lr=0.000972 seconds=0.91 best_epoch=14
2026-09-19 18:51:31,191 INFO model=fbp-unet epoch=015/120 train_mse=0.0002244 val_mse=0.0002220 val_psnr_db=36.8419 lr=0.000967 seconds=0.91 best_epoch=15
2026-09-19 18:51:32,115 INFO model=fbp-unet epoch=016/120 train_mse=0.0001997 val_mse=0.0002011 val_psnr_db=37.2587 lr=0.000962 seconds=0.91 best_epoch=16
2026-09-19 18:51:33,040 INFO model=fbp-unet epoch=017/120 train_mse=0.0001887 val_mse=0.0001880 val_psnr_db=37.4614 lr=0.000957 seconds=0.91 best_epoch=17
2026-09-19 18:51:33,966 INFO model=fbp-unet epoch=018/120 train_mse=0.0001756 val_mse=0.0001719 val_psnr_db=37.9419 lr=0.000952 seconds=0.91 best_epoch=18
2026-09-19 18:51:34,894 INFO model=fbp-unet epoch=019/120 train_mse=0.0001546 val_mse=0.0001623 val_psnr_db=38.1797 lr=0.000946 seconds=0.91 best_epoch=19
2026-09-19 18:51:35,815 INFO model=fbp-unet epoch=020/120 train_mse=0.0001581 val_mse=0.0001766 val_psnr_db=37.9155 lr=0.00094 seconds=0.91 best_epoch=19
2026-09-19 18:51:36,748 INFO model=fbp-unet epoch=021/120 train_mse=0.0001495 val_mse=0.0001536 val_psnr_db=38.4909 lr=0.000934 seconds=0.92 best_epoch=21
2026-09-19 18:51:37,677 INFO model=fbp-unet epoch=022/120 train_mse=0.0001447 val_mse=0.0001399 val_psnr_db=38.8193 lr=0.000927 seconds=0.91 best_epoch=22
2026-09-19 18:51:38,606 INFO model=fbp-unet epoch=023/120 train_mse=0.0001431 val_mse=0.0001394 val_psnr_db=38.7178 lr=0.00092 seconds=0.91 best_epoch=23
2026-09-19 18:51:39,533 INFO model=fbp-unet epoch=024/120 train_mse=0.0001354 val_mse=0.0001308 val_psnr_db=39.0429 lr=0.000913 seconds=0.91 best_epoch=24
2026-09-19 18:51:40,459 INFO model=fbp-unet epoch=025/120 train_mse=0.0001225 val_mse=0.0001240 val_psnr_db=39.2490 lr=0.000905 seconds=0.91 best_epoch=25
2026-09-19 18:51:41,387 INFO model=fbp-unet epoch=026/120 train_mse=0.0001224 val_mse=0.0001193 val_psnr_db=39.5161 lr=0.000898 seconds=0.91 best_epoch=26
2026-09-19 18:51:42,310 INFO model=fbp-unet epoch=027/120 train_mse=0.0001253 val_mse=0.0001305 val_psnr_db=38.9568 lr=0.00089 seconds=0.91 best_epoch=26
2026-09-19 18:51:43,231 INFO model=fbp-unet epoch=028/120 train_mse=0.0001297 val_mse=0.0001466 val_psnr_db=38.4097 lr=0.000881 seconds=0.91 best_epoch=26
2026-09-19 18:51:44,156 INFO model=fbp-unet epoch=029/120 train_mse=0.0001220 val_mse=0.0001269 val_psnr_db=39.1253 lr=0.000873 seconds=0.92 best_epoch=26
2026-09-19 18:51:45,083 INFO model=fbp-unet epoch=030/120 train_mse=0.0001106 val_mse=0.0001094 val_psnr_db=39.7881 lr=0.000864 seconds=0.91 best_epoch=30
2026-09-19 18:51:46,006 INFO model=fbp-unet epoch=031/120 train_mse=0.0001223 val_mse=0.0001146 val_psnr_db=39.7384 lr=0.000855 seconds=0.91 best_epoch=30
2026-09-19 18:51:46,932 INFO model=fbp-unet epoch=032/120 train_mse=0.0001131 val_mse=0.0001221 val_psnr_db=39.5482 lr=0.000846 seconds=0.92 best_epoch=30
2026-09-19 18:51:47,860 INFO model=fbp-unet epoch=033/120 train_mse=0.0001046 val_mse=0.0001050 val_psnr_db=39.9371 lr=0.000836 seconds=0.91 best_epoch=33
2026-09-19 18:51:48,788 INFO model=fbp-unet epoch=034/120 train_mse=0.0000996 val_mse=0.0000991 val_psnr_db=40.1959 lr=0.000826 seconds=0.91 best_epoch=34
2026-09-19 18:51:49,715 INFO model=fbp-unet epoch=035/120 train_mse=0.0000941 val_mse=0.0000953 val_psnr_db=40.3761 lr=0.000817 seconds=0.91 best_epoch=35
2026-09-19 18:51:50,636 INFO model=fbp-unet epoch=036/120 train_mse=0.0000911 val_mse=0.0001048 val_psnr_db=39.9001 lr=0.000806 seconds=0.91 best_epoch=35
2026-09-19 18:51:51,567 INFO model=fbp-unet epoch=037/120 train_mse=0.0000900 val_mse=0.0000941 val_psnr_db=40.4082 lr=0.000796 seconds=0.92 best_epoch=37
2026-09-19 18:51:52,499 INFO model=fbp-unet epoch=038/120 train_mse=0.0000862 val_mse=0.0000913 val_psnr_db=40.6875 lr=0.000785 seconds=0.91 best_epoch=38
2026-09-19 18:51:53,421 INFO model=fbp-unet epoch=039/120 train_mse=0.0000845 val_mse=0.0001011 val_psnr_db=40.2579 lr=0.000775 seconds=0.91 best_epoch=38
2026-09-19 18:51:54,348 INFO model=fbp-unet epoch=040/120 train_mse=0.0000882 val_mse=0.0000881 val_psnr_db=40.7795 lr=0.000764 seconds=0.91 best_epoch=40
2026-09-19 18:51:55,275 INFO model=fbp-unet epoch=041/120 train_mse=0.0000981 val_mse=0.0000964 val_psnr_db=40.3221 lr=0.000752 seconds=0.91 best_epoch=40
2026-09-19 18:51:56,200 INFO model=fbp-unet epoch=042/120 train_mse=0.0000928 val_mse=0.0000897 val_psnr_db=40.6706 lr=0.000741 seconds=0.91 best_epoch=40
2026-09-19 18:51:57,128 INFO model=fbp-unet epoch=043/120 train_mse=0.0000848 val_mse=0.0001055 val_psnr_db=40.1721 lr=0.00073 seconds=0.92 best_epoch=40
2026-09-19 18:51:58,059 INFO model=fbp-unet epoch=044/120 train_mse=0.0000852 val_mse=0.0000838 val_psnr_db=41.0002 lr=0.000718 seconds=0.92 best_epoch=44
2026-09-19 18:51:58,985 INFO model=fbp-unet epoch=045/120 train_mse=0.0000816 val_mse=0.0000830 val_psnr_db=40.9723 lr=0.000706 seconds=0.91 best_epoch=45
2026-09-19 18:51:59,910 INFO model=fbp-unet epoch=046/120 train_mse=0.0000838 val_mse=0.0000861 val_psnr_db=40.7683 lr=0.000694 seconds=0.91 best_epoch=45
2026-09-19 18:52:00,837 INFO model=fbp-unet epoch=047/120 train_mse=0.0000789 val_mse=0.0000946 val_psnr_db=40.3264 lr=0.000682 seconds=0.92 best_epoch=45
2026-09-19 18:52:01,770 INFO model=fbp-unet epoch=048/120 train_mse=0.0000802 val_mse=0.0000809 val_psnr_db=41.1612 lr=0.00067 seconds=0.92 best_epoch=48
2026-09-19 18:52:02,698 INFO model=fbp-unet epoch=049/120 train_mse=0.0000841 val_mse=0.0000948 val_psnr_db=40.6644 lr=0.000658 seconds=0.91 best_epoch=48
2026-09-19 18:52:03,631 INFO model=fbp-unet epoch=050/120 train_mse=0.0000807 val_mse=0.0000800 val_psnr_db=41.2554 lr=0.000646 seconds=0.92 best_epoch=50
2026-09-19 18:52:04,559 INFO model=fbp-unet epoch=051/120 train_mse=0.0000754 val_mse=0.0000793 val_psnr_db=41.3102 lr=0.000633 seconds=0.91 best_epoch=51
2026-09-19 18:52:05,486 INFO model=fbp-unet epoch=052/120 train_mse=0.0000777 val_mse=0.0000844 val_psnr_db=41.1087 lr=0.000621 seconds=0.91 best_epoch=51
2026-09-19 18:52:06,419 INFO model=fbp-unet epoch=053/120 train_mse=0.0000753 val_mse=0.0000768 val_psnr_db=41.3063 lr=0.000608 seconds=0.92 best_epoch=53
2026-09-19 18:52:07,347 INFO model=fbp-unet epoch=054/120 train_mse=0.0000770 val_mse=0.0000844 val_psnr_db=41.1300 lr=0.000595 seconds=0.91 best_epoch=53
2026-09-19 18:52:08,275 INFO model=fbp-unet epoch=055/120 train_mse=0.0000769 val_mse=0.0000884 val_psnr_db=40.9517 lr=0.000582 seconds=0.92 best_epoch=53
2026-09-19 18:52:09,208 INFO model=fbp-unet epoch=056/120 train_mse=0.0000768 val_mse=0.0000749 val_psnr_db=41.5093 lr=0.00057 seconds=0.92 best_epoch=56
2026-09-19 18:52:10,137 INFO model=fbp-unet epoch=057/120 train_mse=0.0000720 val_mse=0.0000777 val_psnr_db=41.2163 lr=0.000557 seconds=0.92 best_epoch=56
2026-09-19 18:52:11,069 INFO model=fbp-unet epoch=058/120 train_mse=0.0000749 val_mse=0.0000744 val_psnr_db=41.5297 lr=0.000544 seconds=0.92 best_epoch=58
2026-09-19 18:52:11,996 INFO model=fbp-unet epoch=059/120 train_mse=0.0000753 val_mse=0.0000757 val_psnr_db=41.4596 lr=0.000531 seconds=0.91 best_epoch=58
2026-09-19 18:52:12,924 INFO model=fbp-unet epoch=060/120 train_mse=0.0000856 val_mse=0.0001006 val_psnr_db=40.4813 lr=0.000518 seconds=0.92 best_epoch=58
2026-09-19 18:52:13,849 INFO model=fbp-unet epoch=061/120 train_mse=0.0000864 val_mse=0.0000800 val_psnr_db=41.1075 lr=0.000505 seconds=0.91 best_epoch=58
2026-09-19 18:52:14,777 INFO model=fbp-unet epoch=062/120 train_mse=0.0000756 val_mse=0.0000828 val_psnr_db=41.1658 lr=0.000492 seconds=0.92 best_epoch=58
2026-09-19 18:52:15,704 INFO model=fbp-unet epoch=063/120 train_mse=0.0000783 val_mse=0.0000828 val_psnr_db=40.9261 lr=0.000479 seconds=0.92 best_epoch=58
2026-09-19 18:52:16,630 INFO model=fbp-unet epoch=064/120 train_mse=0.0000837 val_mse=0.0000850 val_psnr_db=40.8557 lr=0.000466 seconds=0.92 best_epoch=58
2026-09-19 18:52:17,560 INFO model=fbp-unet epoch=065/120 train_mse=0.0000842 val_mse=0.0000949 val_psnr_db=40.5913 lr=0.000453 seconds=0.92 best_epoch=58
2026-09-19 18:52:18,489 INFO model=fbp-unet epoch=066/120 train_mse=0.0000808 val_mse=0.0000780 val_psnr_db=41.3795 lr=0.00044 seconds=0.92 best_epoch=58
2026-09-19 18:52:19,419 INFO model=fbp-unet epoch=067/120 train_mse=0.0000736 val_mse=0.0000810 val_psnr_db=41.2999 lr=0.000428 seconds=0.92 best_epoch=58
2026-09-19 18:52:20,353 INFO model=fbp-unet epoch=068/120 train_mse=0.0000693 val_mse=0.0000716 val_psnr_db=41.6578 lr=0.000415 seconds=0.92 best_epoch=68
2026-09-19 18:52:21,287 INFO model=fbp-unet epoch=069/120 train_mse=0.0000666 val_mse=0.0000710 val_psnr_db=41.7642 lr=0.000402 seconds=0.92 best_epoch=69
2026-09-19 18:52:22,218 INFO model=fbp-unet epoch=070/120 train_mse=0.0000642 val_mse=0.0000694 val_psnr_db=41.8392 lr=0.000389 seconds=0.91 best_epoch=70
2026-09-19 18:52:23,150 INFO model=fbp-unet epoch=071/120 train_mse=0.0000634 val_mse=0.0000689 val_psnr_db=41.7702 lr=0.000377 seconds=0.91 best_epoch=71
2026-09-19 18:52:24,080 INFO model=fbp-unet epoch=072/120 train_mse=0.0000652 val_mse=0.0000793 val_psnr_db=41.3048 lr=0.000364 seconds=0.92 best_epoch=71
2026-09-19 18:52:25,010 INFO model=fbp-unet epoch=073/120 train_mse=0.0000703 val_mse=0.0000815 val_psnr_db=41.3182 lr=0.000352 seconds=0.92 best_epoch=71
2026-09-19 18:52:25,939 INFO model=fbp-unet epoch=074/120 train_mse=0.0000699 val_mse=0.0000724 val_psnr_db=41.5238 lr=0.00034 seconds=0.92 best_epoch=71
2026-09-19 18:52:26,871 INFO model=fbp-unet epoch=075/120 train_mse=0.0000677 val_mse=0.0000703 val_psnr_db=41.7730 lr=0.000328 seconds=0.92 best_epoch=71
2026-09-19 18:52:27,805 INFO model=fbp-unet epoch=076/120 train_mse=0.0000672 val_mse=0.0000680 val_psnr_db=41.9047 lr=0.000316 seconds=0.92 best_epoch=76
2026-09-19 18:52:28,731 INFO model=fbp-unet epoch=077/120 train_mse=0.0000637 val_mse=0.0000718 val_psnr_db=41.5663 lr=0.000304 seconds=0.91 best_epoch=76
2026-09-19 18:52:29,661 INFO model=fbp-unet epoch=078/120 train_mse=0.0000651 val_mse=0.0000695 val_psnr_db=41.7136 lr=0.000292 seconds=0.92 best_epoch=76
2026-09-19 18:52:30,592 INFO model=fbp-unet epoch=079/120 train_mse=0.0000688 val_mse=0.0000726 val_psnr_db=41.7244 lr=0.00028 seconds=0.92 best_epoch=76
2026-09-19 18:52:31,526 INFO model=fbp-unet epoch=080/120 train_mse=0.0000634 val_mse=0.0000665 val_psnr_db=41.9994 lr=0.000269 seconds=0.92 best_epoch=80
2026-09-19 18:52:32,459 INFO model=fbp-unet epoch=081/120 train_mse=0.0000619 val_mse=0.0000651 val_psnr_db=42.0736 lr=0.000257 seconds=0.91 best_epoch=81
2026-09-19 18:52:33,389 INFO model=fbp-unet epoch=082/120 train_mse=0.0000629 val_mse=0.0000689 val_psnr_db=41.8848 lr=0.000246 seconds=0.91 best_epoch=81
2026-09-19 18:52:34,321 INFO model=fbp-unet epoch=083/120 train_mse=0.0000621 val_mse=0.0000645 val_psnr_db=42.1104 lr=0.000235 seconds=0.92 best_epoch=83
2026-09-19 18:52:35,252 INFO model=fbp-unet epoch=084/120 train_mse=0.0000609 val_mse=0.0000647 val_psnr_db=42.0830 lr=0.000225 seconds=0.92 best_epoch=83
2026-09-19 18:52:36,180 INFO model=fbp-unet epoch=085/120 train_mse=0.0000603 val_mse=0.0000647 val_psnr_db=42.0853 lr=0.000214 seconds=0.92 best_epoch=83
2026-09-19 18:52:37,110 INFO model=fbp-unet epoch=086/120 train_mse=0.0000613 val_mse=0.0000668 val_psnr_db=41.9774 lr=0.000204 seconds=0.92 best_epoch=83
2026-09-19 18:52:38,040 INFO model=fbp-unet epoch=087/120 train_mse=0.0000605 val_mse=0.0000656 val_psnr_db=42.1095 lr=0.000193 seconds=0.92 best_epoch=83
2026-09-19 18:52:38,976 INFO model=fbp-unet epoch=088/120 train_mse=0.0000611 val_mse=0.0000644 val_psnr_db=42.1018 lr=0.000184 seconds=0.92 best_epoch=88
2026-09-19 18:52:39,910 INFO model=fbp-unet epoch=089/120 train_mse=0.0000593 val_mse=0.0000638 val_psnr_db=42.1686 lr=0.000174 seconds=0.92 best_epoch=89
2026-09-19 18:52:40,845 INFO model=fbp-unet epoch=090/120 train_mse=0.0000593 val_mse=0.0000635 val_psnr_db=42.1852 lr=0.000164 seconds=0.92 best_epoch=90
2026-09-19 18:52:41,775 INFO model=fbp-unet epoch=091/120 train_mse=0.0000594 val_mse=0.0000633 val_psnr_db=42.1765 lr=0.000155 seconds=0.92 best_epoch=91
2026-09-19 18:52:42,704 INFO model=fbp-unet epoch=092/120 train_mse=0.0000591 val_mse=0.0000642 val_psnr_db=42.1838 lr=0.000146 seconds=0.92 best_epoch=91
2026-09-19 18:52:43,632 INFO model=fbp-unet epoch=093/120 train_mse=0.0000601 val_mse=0.0000658 val_psnr_db=42.0573 lr=0.000137 seconds=0.92 best_epoch=91
2026-09-19 18:52:44,561 INFO model=fbp-unet epoch=094/120 train_mse=0.0000600 val_mse=0.0000641 val_psnr_db=42.1681 lr=0.000129 seconds=0.92 best_epoch=91
2026-09-19 18:52:45,493 INFO model=fbp-unet epoch=095/120 train_mse=0.0000609 val_mse=0.0000667 val_psnr_db=42.0279 lr=0.00012 seconds=0.92 best_epoch=91
2026-09-19 18:52:46,426 INFO model=fbp-unet epoch=096/120 train_mse=0.0000597 val_mse=0.0000636 val_psnr_db=42.1414 lr=0.000112 seconds=0.92 best_epoch=91
2026-09-19 18:52:47,362 INFO model=fbp-unet epoch=097/120 train_mse=0.0000586 val_mse=0.0000631 val_psnr_db=42.2337 lr=0.000105 seconds=0.92 best_epoch=97
2026-09-19 18:52:48,296 INFO model=fbp-unet epoch=098/120 train_mse=0.0000584 val_mse=0.0000625 val_psnr_db=42.2483 lr=9.71e-05 seconds=0.91 best_epoch=98
2026-09-19 18:52:49,230 INFO model=fbp-unet epoch=099/120 train_mse=0.0000580 val_mse=0.0000625 val_psnr_db=42.2606 lr=8.99e-05 seconds=0.92 best_epoch=99
2026-09-19 18:52:50,161 INFO model=fbp-unet epoch=100/120 train_mse=0.0000583 val_mse=0.0000632 val_psnr_db=42.2322 lr=8.29e-05 seconds=0.92 best_epoch=99
2026-09-19 18:52:51,089 INFO model=fbp-unet epoch=101/120 train_mse=0.0000586 val_mse=0.0000635 val_psnr_db=42.2008 lr=7.63e-05 seconds=0.92 best_epoch=99
2026-09-19 18:52:52,020 INFO model=fbp-unet epoch=102/120 train_mse=0.0000581 val_mse=0.0000628 val_psnr_db=42.2695 lr=7e-05 seconds=0.92 best_epoch=99
2026-09-19 18:52:52,955 INFO model=fbp-unet epoch=103/120 train_mse=0.0000578 val_mse=0.0000620 val_psnr_db=42.2672 lr=6.4e-05 seconds=0.92 best_epoch=103
2026-09-19 18:52:53,885 INFO model=fbp-unet epoch=104/120 train_mse=0.0000577 val_mse=0.0000623 val_psnr_db=42.2511 lr=5.82e-05 seconds=0.92 best_epoch=103
2026-09-19 18:52:54,815 INFO model=fbp-unet epoch=105/120 train_mse=0.0000576 val_mse=0.0000621 val_psnr_db=42.2823 lr=5.28e-05 seconds=0.92 best_epoch=103
2026-09-19 18:52:55,743 INFO model=fbp-unet epoch=106/120 train_mse=0.0000576 val_mse=0.0000625 val_psnr_db=42.2727 lr=4.77e-05 seconds=0.92 best_epoch=103
2026-09-19 18:52:56,672 INFO model=fbp-unet epoch=107/120 train_mse=0.0000576 val_mse=0.0000621 val_psnr_db=42.2849 lr=4.29e-05 seconds=0.92 best_epoch=103
2026-09-19 18:52:57,605 INFO model=fbp-unet epoch=108/120 train_mse=0.0000574 val_mse=0.0000619 val_psnr_db=42.2738 lr=3.84e-05 seconds=0.92 best_epoch=108
2026-09-19 18:52:58,534 INFO model=fbp-unet epoch=109/120 train_mse=0.0000578 val_mse=0.0000620 val_psnr_db=42.2822 lr=3.42e-05 seconds=0.91 best_epoch=108
2026-09-19 18:52:59,469 INFO model=fbp-unet epoch=110/120 train_mse=0.0000575 val_mse=0.0000619 val_psnr_db=42.2884 lr=3.04e-05 seconds=0.92 best_epoch=110
2026-09-19 18:53:00,402 INFO model=fbp-unet epoch=111/120 train_mse=0.0000573 val_mse=0.0000618 val_psnr_db=42.3007 lr=2.69e-05 seconds=0.91 best_epoch=111
2026-09-19 18:53:01,332 INFO model=fbp-unet epoch=112/120 train_mse=0.0000572 val_mse=0.0000618 val_psnr_db=42.3058 lr=2.37e-05 seconds=0.92 best_epoch=111
2026-09-19 18:53:02,262 INFO model=fbp-unet epoch=113/120 train_mse=0.0000572 val_mse=0.0000618 val_psnr_db=42.2970 lr=2.08e-05 seconds=0.92 best_epoch=111
2026-09-19 18:53:03,197 INFO model=fbp-unet epoch=114/120 train_mse=0.0000572 val_mse=0.0000617 val_psnr_db=42.2980 lr=1.83e-05 seconds=0.92 best_epoch=114
2026-09-19 18:53:04,130 INFO model=fbp-unet epoch=115/120 train_mse=0.0000572 val_mse=0.0000619 val_psnr_db=42.3115 lr=1.61e-05 seconds=0.92 best_epoch=114
2026-09-19 18:53:05,061 INFO model=fbp-unet epoch=116/120 train_mse=0.0000571 val_mse=0.0000618 val_psnr_db=42.3091 lr=1.42e-05 seconds=0.92 best_epoch=114
2026-09-19 18:53:05,996 INFO model=fbp-unet epoch=117/120 train_mse=0.0000571 val_mse=0.0000617 val_psnr_db=42.3041 lr=1.27e-05 seconds=0.92 best_epoch=117
2026-09-19 18:53:06,928 INFO model=fbp-unet epoch=118/120 train_mse=0.0000571 val_mse=0.0000617 val_psnr_db=42.3093 lr=1.15e-05 seconds=0.92 best_epoch=117
2026-09-19 18:53:07,858 INFO model=fbp-unet epoch=119/120 train_mse=0.0000571 val_mse=0.0000618 val_psnr_db=42.3132 lr=1.07e-05 seconds=0.92 best_epoch=117
2026-09-19 18:53:08,789 INFO model=fbp-unet epoch=120/120 train_mse=0.0000571 val_mse=0.0000617 val_psnr_db=42.3099 lr=1.02e-05 seconds=0.92 best_epoch=117
2026-09-19 18:53:08,808 INFO model=fbp-unet training_complete seconds=111.65 best_epoch=117 peak_memory_bytes=2220387328
2026-09-19 18:53:08,812 INFO model=lpd parameters=253220 epochs=120 lr=0.001 device=cuda supervised=True selected_on=image MSE against the clean image
2026-09-19 18:53:09,252 INFO model=lpd initial_gradient_norm=0.69458038
2026-09-19 18:53:09,253 INFO model=lpd first_dual_updates_gradient_norm=0.0008493807
2026-09-19 18:53:09,253 INFO model=lpd first_primal_updates_gradient_norm=0.21544048
2026-09-19 18:53:14,832 INFO model=lpd epoch=001/120 train_mse=0.0254517 val_mse=0.0204672 val_psnr_db=17.2492 lr=0.001 seconds=6.01 best_epoch=1
2026-09-19 18:53:20,866 INFO model=lpd epoch=002/120 train_mse=0.0136669 val_mse=0.0118762 val_psnr_db=19.7932 lr=0.001 seconds=6.00 best_epoch=2
2026-09-19 18:53:26,894 INFO model=lpd epoch=003/120 train_mse=0.0107773 val_mse=0.0120626 val_psnr_db=19.4809 lr=0.000999 seconds=6.00 best_epoch=2
2026-09-19 18:53:32,937 INFO model=lpd epoch=004/120 train_mse=0.0082518 val_mse=0.0070216 val_psnr_db=21.8270 lr=0.000998 seconds=6.00 best_epoch=4
2026-09-19 18:53:38,982 INFO model=lpd epoch=005/120 train_mse=0.0058330 val_mse=0.0051079 val_psnr_db=23.3913 lr=0.000997 seconds=6.00 best_epoch=5
2026-09-19 18:53:45,024 INFO model=lpd epoch=006/120 train_mse=0.0037404 val_mse=0.0034667 val_psnr_db=25.3933 lr=0.000996 seconds=6.00 best_epoch=6
2026-09-19 18:53:51,065 INFO model=lpd epoch=007/120 train_mse=0.0027192 val_mse=0.0024467 val_psnr_db=26.6605 lr=0.000994 seconds=6.00 best_epoch=7
2026-09-19 18:53:57,108 INFO model=lpd epoch=008/120 train_mse=0.0019948 val_mse=0.0020569 val_psnr_db=27.4525 lr=0.000992 seconds=6.00 best_epoch=8
2026-09-19 18:54:03,149 INFO model=lpd epoch=009/120 train_mse=0.0016630 val_mse=0.0018048 val_psnr_db=28.0599 lr=0.000989 seconds=6.00 best_epoch=9
2026-09-19 18:54:09,180 INFO model=lpd epoch=010/120 train_mse=0.0022033 val_mse=0.0019730 val_psnr_db=27.6530 lr=0.000986 seconds=6.00 best_epoch=9
2026-09-19 18:54:15,213 INFO model=lpd epoch=011/120 train_mse=0.0019656 val_mse=0.0019943 val_psnr_db=27.5774 lr=0.000983 seconds=6.00 best_epoch=9
2026-09-19 18:54:21,254 INFO model=lpd epoch=012/120 train_mse=0.0016374 val_mse=0.0016430 val_psnr_db=28.3537 lr=0.00098 seconds=6.00 best_epoch=12
2026-09-19 18:54:27,292 INFO model=lpd epoch=013/120 train_mse=0.0013615 val_mse=0.0015103 val_psnr_db=28.9228 lr=0.000976 seconds=6.00 best_epoch=13
2026-09-19 18:54:33,327 INFO model=lpd epoch=014/120 train_mse=0.0014307 val_mse=0.0015983 val_psnr_db=28.3767 lr=0.000972 seconds=6.00 best_epoch=13
2026-09-19 18:54:39,361 INFO model=lpd epoch=015/120 train_mse=0.0012753 val_mse=0.0015675 val_psnr_db=28.6059 lr=0.000967 seconds=6.00 best_epoch=13
2026-09-19 18:54:45,403 INFO model=lpd epoch=016/120 train_mse=0.0012522 val_mse=0.0012279 val_psnr_db=29.6697 lr=0.000962 seconds=6.00 best_epoch=16
2026-09-19 18:54:51,437 INFO model=lpd epoch=017/120 train_mse=0.0010491 val_mse=0.0012689 val_psnr_db=29.3621 lr=0.000957 seconds=6.00 best_epoch=16
2026-09-19 18:54:57,472 INFO model=lpd epoch=018/120 train_mse=0.0013159 val_mse=0.0016111 val_psnr_db=28.4668 lr=0.000952 seconds=6.00 best_epoch=16
2026-09-19 18:55:03,517 INFO model=lpd epoch=019/120 train_mse=0.0011032 val_mse=0.0011445 val_psnr_db=29.9777 lr=0.000946 seconds=6.00 best_epoch=19
2026-09-19 18:55:09,551 INFO model=lpd epoch=020/120 train_mse=0.0010991 val_mse=0.0011643 val_psnr_db=29.9523 lr=0.00094 seconds=6.00 best_epoch=19
2026-09-19 18:55:15,595 INFO model=lpd epoch=021/120 train_mse=0.0009899 val_mse=0.0009895 val_psnr_db=30.6102 lr=0.000934 seconds=6.00 best_epoch=21
2026-09-19 18:55:21,636 INFO model=lpd epoch=022/120 train_mse=0.0008934 val_mse=0.0009284 val_psnr_db=30.8810 lr=0.000927 seconds=6.00 best_epoch=22
2026-09-19 18:55:27,676 INFO model=lpd epoch=023/120 train_mse=0.0007944 val_mse=0.0008540 val_psnr_db=31.2519 lr=0.00092 seconds=6.00 best_epoch=23
2026-09-19 18:55:33,717 INFO model=lpd epoch=024/120 train_mse=0.0007100 val_mse=0.0007697 val_psnr_db=31.7101 lr=0.000913 seconds=6.00 best_epoch=24
2026-09-19 18:55:39,759 INFO model=lpd epoch=025/120 train_mse=0.0006504 val_mse=0.0007164 val_psnr_db=32.0492 lr=0.000905 seconds=6.00 best_epoch=25
2026-09-19 18:55:45,791 INFO model=lpd epoch=026/120 train_mse=0.0006142 val_mse=0.0008931 val_psnr_db=30.8870 lr=0.000898 seconds=6.00 best_epoch=25
2026-09-19 18:55:51,824 INFO model=lpd epoch=027/120 train_mse=0.0008985 val_mse=0.0008194 val_psnr_db=31.3189 lr=0.00089 seconds=6.00 best_epoch=25
2026-09-19 18:55:57,915 INFO model=lpd epoch=028/120 train_mse=0.0006749 val_mse=0.0007043 val_psnr_db=32.0800 lr=0.000881 seconds=6.05 best_epoch=28
2026-09-19 18:56:03,959 INFO model=lpd epoch=029/120 train_mse=0.0005790 val_mse=0.0005996 val_psnr_db=32.7775 lr=0.000873 seconds=6.00 best_epoch=29
2026-09-19 18:56:10,003 INFO model=lpd epoch=030/120 train_mse=0.0004998 val_mse=0.0005627 val_psnr_db=33.0241 lr=0.000864 seconds=6.00 best_epoch=30
2026-09-19 18:56:16,045 INFO model=lpd epoch=031/120 train_mse=0.0004600 val_mse=0.0005156 val_psnr_db=33.4050 lr=0.000855 seconds=6.00 best_epoch=31
2026-09-19 18:56:22,090 INFO model=lpd epoch=032/120 train_mse=0.0004326 val_mse=0.0004788 val_psnr_db=33.7310 lr=0.000846 seconds=6.00 best_epoch=32
2026-09-19 18:56:28,137 INFO model=lpd epoch=033/120 train_mse=0.0004007 val_mse=0.0004456 val_psnr_db=34.0670 lr=0.000836 seconds=6.01 best_epoch=33
2026-09-19 18:56:34,182 INFO model=lpd epoch=034/120 train_mse=0.0003876 val_mse=0.0004294 val_psnr_db=34.2305 lr=0.000826 seconds=6.00 best_epoch=34
2026-09-19 18:56:40,229 INFO model=lpd epoch=035/120 train_mse=0.0003838 val_mse=0.0004231 val_psnr_db=34.2756 lr=0.000817 seconds=6.01 best_epoch=35
2026-09-19 18:56:46,275 INFO model=lpd epoch=036/120 train_mse=0.0003674 val_mse=0.0004107 val_psnr_db=34.4071 lr=0.000806 seconds=6.01 best_epoch=36
2026-09-19 18:56:52,320 INFO model=lpd epoch=037/120 train_mse=0.0003586 val_mse=0.0004020 val_psnr_db=34.4891 lr=0.000796 seconds=6.01 best_epoch=37
2026-09-19 18:56:58,365 INFO model=lpd epoch=038/120 train_mse=0.0003511 val_mse=0.0003914 val_psnr_db=34.6078 lr=0.000785 seconds=6.00 best_epoch=38
2026-09-19 18:57:04,410 INFO model=lpd epoch=039/120 train_mse=0.0003425 val_mse=0.0003836 val_psnr_db=34.6892 lr=0.000775 seconds=6.00 best_epoch=39
2026-09-19 18:57:10,455 INFO model=lpd epoch=040/120 train_mse=0.0003381 val_mse=0.0003765 val_psnr_db=34.7692 lr=0.000764 seconds=6.01 best_epoch=40
2026-09-19 18:57:16,502 INFO model=lpd epoch=041/120 train_mse=0.0003307 val_mse=0.0003689 val_psnr_db=34.8504 lr=0.000752 seconds=6.01 best_epoch=41
2026-09-19 18:57:22,548 INFO model=lpd epoch=042/120 train_mse=0.0003251 val_mse=0.0003636 val_psnr_db=34.9075 lr=0.000741 seconds=6.01 best_epoch=42
2026-09-19 18:57:28,591 INFO model=lpd epoch=043/120 train_mse=0.0003198 val_mse=0.0003585 val_psnr_db=34.9650 lr=0.00073 seconds=6.00 best_epoch=43
2026-09-19 18:57:34,636 INFO model=lpd epoch=044/120 train_mse=0.0003151 val_mse=0.0003522 val_psnr_db=35.0337 lr=0.000718 seconds=6.00 best_epoch=44
2026-09-19 18:57:40,680 INFO model=lpd epoch=045/120 train_mse=0.0003100 val_mse=0.0003496 val_psnr_db=35.0564 lr=0.000706 seconds=6.00 best_epoch=45
2026-09-19 18:57:46,725 INFO model=lpd epoch=046/120 train_mse=0.0003084 val_mse=0.0003438 val_psnr_db=35.1233 lr=0.000694 seconds=6.00 best_epoch=46
2026-09-19 18:57:52,769 INFO model=lpd epoch=047/120 train_mse=0.0003032 val_mse=0.0003399 val_psnr_db=35.1750 lr=0.000682 seconds=6.00 best_epoch=47
2026-09-19 18:57:58,813 INFO model=lpd epoch=048/120 train_mse=0.0002995 val_mse=0.0003348 val_psnr_db=35.2343 lr=0.00067 seconds=6.00 best_epoch=48
2026-09-19 18:58:04,858 INFO model=lpd epoch=049/120 train_mse=0.0002965 val_mse=0.0003347 val_psnr_db=35.2320 lr=0.000658 seconds=6.00 best_epoch=49
2026-09-19 18:58:10,891 INFO model=lpd epoch=050/120 train_mse=0.0002981 val_mse=0.0003407 val_psnr_db=35.1463 lr=0.000646 seconds=6.00 best_epoch=49
2026-09-19 18:58:16,929 INFO model=lpd epoch=051/120 train_mse=0.0002952 val_mse=0.0003308 val_psnr_db=35.2702 lr=0.000633 seconds=6.00 best_epoch=51
2026-09-19 18:58:22,968 INFO model=lpd epoch=052/120 train_mse=0.0002940 val_mse=0.0003267 val_psnr_db=35.3270 lr=0.000621 seconds=6.00 best_epoch=52
2026-09-19 18:58:29,006 INFO model=lpd epoch=053/120 train_mse=0.0002892 val_mse=0.0003240 val_psnr_db=35.3548 lr=0.000608 seconds=6.00 best_epoch=53
2026-09-19 18:58:35,047 INFO model=lpd epoch=054/120 train_mse=0.0002874 val_mse=0.0003240 val_psnr_db=35.3515 lr=0.000595 seconds=6.00 best_epoch=54
2026-09-19 18:58:41,087 INFO model=lpd epoch=055/120 train_mse=0.0002866 val_mse=0.0003198 val_psnr_db=35.4073 lr=0.000582 seconds=6.00 best_epoch=55
2026-09-19 18:58:47,124 INFO model=lpd epoch=056/120 train_mse=0.0002852 val_mse=0.0003166 val_psnr_db=35.4525 lr=0.00057 seconds=6.00 best_epoch=56
2026-09-19 18:58:53,163 INFO model=lpd epoch=057/120 train_mse=0.0002812 val_mse=0.0003145 val_psnr_db=35.4830 lr=0.000557 seconds=6.00 best_epoch=57
2026-09-19 18:58:59,191 INFO model=lpd epoch=058/120 train_mse=0.0002788 val_mse=0.0003149 val_psnr_db=35.4756 lr=0.000544 seconds=6.00 best_epoch=57
2026-09-19 18:59:05,230 INFO model=lpd epoch=059/120 train_mse=0.0002782 val_mse=0.0003105 val_psnr_db=35.5341 lr=0.000531 seconds=6.00 best_epoch=59
2026-09-19 18:59:11,269 INFO model=lpd epoch=060/120 train_mse=0.0002765 val_mse=0.0003098 val_psnr_db=35.5448 lr=0.000518 seconds=6.00 best_epoch=60
2026-09-19 18:59:17,299 INFO model=lpd epoch=061/120 train_mse=0.0002766 val_mse=0.0003114 val_psnr_db=35.5215 lr=0.000505 seconds=6.00 best_epoch=60
2026-09-19 18:59:23,330 INFO model=lpd epoch=062/120 train_mse=0.0002767 val_mse=0.0003103 val_psnr_db=35.5302 lr=0.000492 seconds=6.00 best_epoch=60
2026-09-19 18:59:29,359 INFO model=lpd epoch=063/120 train_mse=0.0002764 val_mse=0.0003116 val_psnr_db=35.5060 lr=0.000479 seconds=6.00 best_epoch=60
2026-09-19 18:59:35,399 INFO model=lpd epoch=064/120 train_mse=0.0002730 val_mse=0.0003073 val_psnr_db=35.5798 lr=0.000466 seconds=6.00 best_epoch=64
2026-09-19 18:59:41,438 INFO model=lpd epoch=065/120 train_mse=0.0002718 val_mse=0.0003045 val_psnr_db=35.6102 lr=0.000453 seconds=6.00 best_epoch=65
2026-09-19 18:59:47,530 INFO model=lpd epoch=066/120 train_mse=0.0002691 val_mse=0.0003011 val_psnr_db=35.6562 lr=0.00044 seconds=6.00 best_epoch=66
2026-09-19 18:59:53,567 INFO model=lpd epoch=067/120 train_mse=0.0002692 val_mse=0.0002998 val_psnr_db=35.6791 lr=0.000428 seconds=6.00 best_epoch=67
2026-09-19 18:59:59,605 INFO model=lpd epoch=068/120 train_mse=0.0002663 val_mse=0.0002997 val_psnr_db=35.6855 lr=0.000415 seconds=6.00 best_epoch=68
2026-09-19 19:00:05,632 INFO model=lpd epoch=069/120 train_mse=0.0002654 val_mse=0.0003015 val_psnr_db=35.6630 lr=0.000402 seconds=5.99 best_epoch=68
2026-09-19 19:00:11,664 INFO model=lpd epoch=070/120 train_mse=0.0002740 val_mse=0.0003014 val_psnr_db=35.6484 lr=0.000389 seconds=6.00 best_epoch=68
2026-09-19 19:00:17,704 INFO model=lpd epoch=071/120 train_mse=0.0002672 val_mse=0.0002986 val_psnr_db=35.6904 lr=0.000377 seconds=6.00 best_epoch=71
2026-09-19 19:00:23,744 INFO model=lpd epoch=072/120 train_mse=0.0002640 val_mse=0.0002966 val_psnr_db=35.7267 lr=0.000364 seconds=6.00 best_epoch=72
2026-09-19 19:00:29,782 INFO model=lpd epoch=073/120 train_mse=0.0002631 val_mse=0.0002930 val_psnr_db=35.7696 lr=0.000352 seconds=6.00 best_epoch=73
2026-09-19 19:00:35,811 INFO model=lpd epoch=074/120 train_mse=0.0002623 val_mse=0.0002931 val_psnr_db=35.7698 lr=0.00034 seconds=6.00 best_epoch=73
2026-09-19 19:00:41,841 INFO model=lpd epoch=075/120 train_mse=0.0002602 val_mse=0.0002934 val_psnr_db=35.7749 lr=0.000328 seconds=6.00 best_epoch=73
2026-09-19 19:00:47,880 INFO model=lpd epoch=076/120 train_mse=0.0002588 val_mse=0.0002898 val_psnr_db=35.8208 lr=0.000316 seconds=6.00 best_epoch=76
2026-09-19 19:00:53,920 INFO model=lpd epoch=077/120 train_mse=0.0002576 val_mse=0.0002885 val_psnr_db=35.8384 lr=0.000304 seconds=6.00 best_epoch=77
2026-09-19 19:00:59,950 INFO model=lpd epoch=078/120 train_mse=0.0002575 val_mse=0.0002898 val_psnr_db=35.8204 lr=0.000292 seconds=6.00 best_epoch=77
2026-09-19 19:01:05,979 INFO model=lpd epoch=079/120 train_mse=0.0002571 val_mse=0.0002895 val_psnr_db=35.8221 lr=0.00028 seconds=6.00 best_epoch=77
2026-09-19 19:01:12,018 INFO model=lpd epoch=080/120 train_mse=0.0002568 val_mse=0.0002873 val_psnr_db=35.8589 lr=0.000269 seconds=6.00 best_epoch=80
2026-09-19 19:01:18,057 INFO model=lpd epoch=081/120 train_mse=0.0002548 val_mse=0.0002850 val_psnr_db=35.8856 lr=0.000257 seconds=6.00 best_epoch=81
2026-09-19 19:01:24,086 INFO model=lpd epoch=082/120 train_mse=0.0002543 val_mse=0.0002857 val_psnr_db=35.8809 lr=0.000246 seconds=6.00 best_epoch=81
2026-09-19 19:01:30,127 INFO model=lpd epoch=083/120 train_mse=0.0002533 val_mse=0.0002837 val_psnr_db=35.9089 lr=0.000235 seconds=6.00 best_epoch=83
2026-09-19 19:01:36,167 INFO model=lpd epoch=084/120 train_mse=0.0002523 val_mse=0.0002831 val_psnr_db=35.9176 lr=0.000225 seconds=6.00 best_epoch=84
2026-09-19 19:01:42,197 INFO model=lpd epoch=085/120 train_mse=0.0002517 val_mse=0.0002835 val_psnr_db=35.9124 lr=0.000214 seconds=6.00 best_epoch=84
2026-09-19 19:01:48,236 INFO model=lpd epoch=086/120 train_mse=0.0002513 val_mse=0.0002817 val_psnr_db=35.9407 lr=0.000204 seconds=6.00 best_epoch=86
2026-09-19 19:01:54,266 INFO model=lpd epoch=087/120 train_mse=0.0002511 val_mse=0.0002830 val_psnr_db=35.9156 lr=0.000193 seconds=6.00 best_epoch=86
2026-09-19 19:02:00,303 INFO model=lpd epoch=088/120 train_mse=0.0002502 val_mse=0.0002799 val_psnr_db=35.9609 lr=0.000184 seconds=6.00 best_epoch=88
2026-09-19 19:02:06,331 INFO model=lpd epoch=089/120 train_mse=0.0002491 val_mse=0.0002815 val_psnr_db=35.9500 lr=0.000174 seconds=6.00 best_epoch=88
2026-09-19 19:02:12,362 INFO model=lpd epoch=090/120 train_mse=0.0002490 val_mse=0.0002801 val_psnr_db=35.9590 lr=0.000164 seconds=6.00 best_epoch=88
2026-09-19 19:02:18,402 INFO model=lpd epoch=091/120 train_mse=0.0002496 val_mse=0.0002791 val_psnr_db=35.9797 lr=0.000155 seconds=6.00 best_epoch=91
2026-09-19 19:02:24,441 INFO model=lpd epoch=092/120 train_mse=0.0002480 val_mse=0.0002774 val_psnr_db=35.9995 lr=0.000146 seconds=6.00 best_epoch=92
2026-09-19 19:02:30,474 INFO model=lpd epoch=093/120 train_mse=0.0002471 val_mse=0.0002776 val_psnr_db=36.0014 lr=0.000137 seconds=6.00 best_epoch=92
2026-09-19 19:02:36,505 INFO model=lpd epoch=094/120 train_mse=0.0002474 val_mse=0.0002779 val_psnr_db=36.0001 lr=0.000129 seconds=6.00 best_epoch=92
2026-09-19 19:02:42,536 INFO model=lpd epoch=095/120 train_mse=0.0002467 val_mse=0.0002776 val_psnr_db=36.0035 lr=0.00012 seconds=6.00 best_epoch=92
2026-09-19 19:02:48,566 INFO model=lpd epoch=096/120 train_mse=0.0002466 val_mse=0.0002782 val_psnr_db=35.9978 lr=0.000112 seconds=6.00 best_epoch=92
2026-09-19 19:02:54,607 INFO model=lpd epoch=097/120 train_mse=0.0002468 val_mse=0.0002755 val_psnr_db=36.0307 lr=0.000105 seconds=6.00 best_epoch=97
2026-09-19 19:03:00,646 INFO model=lpd epoch=098/120 train_mse=0.0002465 val_mse=0.0002755 val_psnr_db=36.0342 lr=9.71e-05 seconds=6.00 best_epoch=98
2026-09-19 19:03:06,677 INFO model=lpd epoch=099/120 train_mse=0.0002449 val_mse=0.0002758 val_psnr_db=36.0320 lr=8.99e-05 seconds=6.00 best_epoch=98
2026-09-19 19:03:12,715 INFO model=lpd epoch=100/120 train_mse=0.0002446 val_mse=0.0002750 val_psnr_db=36.0394 lr=8.29e-05 seconds=6.00 best_epoch=100
2026-09-19 19:03:18,755 INFO model=lpd epoch=101/120 train_mse=0.0002444 val_mse=0.0002748 val_psnr_db=36.0401 lr=7.63e-05 seconds=6.00 best_epoch=101
2026-09-19 19:03:24,790 INFO model=lpd epoch=102/120 train_mse=0.0002444 val_mse=0.0002739 val_psnr_db=36.0518 lr=7e-05 seconds=5.99 best_epoch=102
2026-09-19 19:03:30,813 INFO model=lpd epoch=103/120 train_mse=0.0002439 val_mse=0.0002740 val_psnr_db=36.0525 lr=6.4e-05 seconds=5.99 best_epoch=102
2026-09-19 19:03:36,841 INFO model=lpd epoch=104/120 train_mse=0.0002442 val_mse=0.0002745 val_psnr_db=36.0451 lr=5.82e-05 seconds=6.00 best_epoch=102
2026-09-19 19:03:42,864 INFO model=lpd epoch=105/120 train_mse=0.0002441 val_mse=0.0002740 val_psnr_db=36.0565 lr=5.28e-05 seconds=5.99 best_epoch=102
2026-09-19 19:03:48,899 INFO model=lpd epoch=106/120 train_mse=0.0002436 val_mse=0.0002729 val_psnr_db=36.0705 lr=4.77e-05 seconds=5.99 best_epoch=106
2026-09-19 19:03:54,924 INFO model=lpd epoch=107/120 train_mse=0.0002430 val_mse=0.0002730 val_psnr_db=36.0684 lr=4.29e-05 seconds=6.00 best_epoch=106
2026-09-19 19:04:00,954 INFO model=lpd epoch=108/120 train_mse=0.0002430 val_mse=0.0002733 val_psnr_db=36.0691 lr=3.84e-05 seconds=6.00 best_epoch=106
2026-09-19 19:04:06,990 INFO model=lpd epoch=109/120 train_mse=0.0002426 val_mse=0.0002725 val_psnr_db=36.0788 lr=3.42e-05 seconds=6.00 best_epoch=109
2026-09-19 19:04:13,031 INFO model=lpd epoch=110/120 train_mse=0.0002424 val_mse=0.0002722 val_psnr_db=36.0819 lr=3.04e-05 seconds=6.00 best_epoch=110
2026-09-19 19:04:19,061 INFO model=lpd epoch=111/120 train_mse=0.0002422 val_mse=0.0002726 val_psnr_db=36.0794 lr=2.69e-05 seconds=6.00 best_epoch=110
2026-09-19 19:04:25,102 INFO model=lpd epoch=112/120 train_mse=0.0002423 val_mse=0.0002722 val_psnr_db=36.0840 lr=2.37e-05 seconds=6.00 best_epoch=112
2026-09-19 19:04:31,133 INFO model=lpd epoch=113/120 train_mse=0.0002422 val_mse=0.0002725 val_psnr_db=36.0814 lr=2.08e-05 seconds=6.00 best_epoch=112
2026-09-19 19:04:37,168 INFO model=lpd epoch=114/120 train_mse=0.0002422 val_mse=0.0002719 val_psnr_db=36.0865 lr=1.83e-05 seconds=5.99 best_epoch=114
2026-09-19 19:04:43,193 INFO model=lpd epoch=115/120 train_mse=0.0002419 val_mse=0.0002721 val_psnr_db=36.0859 lr=1.61e-05 seconds=6.00 best_epoch=114
2026-09-19 19:04:49,227 INFO model=lpd epoch=116/120 train_mse=0.0002419 val_mse=0.0002718 val_psnr_db=36.0900 lr=1.42e-05 seconds=5.99 best_epoch=116
2026-09-19 19:04:55,251 INFO model=lpd epoch=117/120 train_mse=0.0002417 val_mse=0.0002719 val_psnr_db=36.0896 lr=1.27e-05 seconds=5.99 best_epoch=116
2026-09-19 19:05:01,288 INFO model=lpd epoch=118/120 train_mse=0.0002417 val_mse=0.0002718 val_psnr_db=36.0908 lr=1.15e-05 seconds=6.00 best_epoch=118
2026-09-19 19:05:07,311 INFO model=lpd epoch=119/120 train_mse=0.0002417 val_mse=0.0002718 val_psnr_db=36.0909 lr=1.07e-05 seconds=5.99 best_epoch=118
2026-09-19 19:05:13,350 INFO model=lpd epoch=120/120 train_mse=0.0002416 val_mse=0.0002717 val_psnr_db=36.0924 lr=1.02e-05 seconds=6.00 best_epoch=120
2026-09-19 19:05:13,399 INFO model=lpd training_complete seconds=724.59 best_epoch=120 peak_memory_bytes=9078700032
2026-09-19 19:05:13,417 INFO model=iradonmap parameters=23973409 epochs=120 lr=0.0001 device=cuda supervised=True selected_on=image MSE against the clean image
2026-09-19 19:05:13,530 INFO model=iradonmap initial_gradient_norm=0.031723332
2026-09-19 19:05:15,069 INFO model=iradonmap epoch=001/120 train_mse=0.0048823 val_mse=0.0048894 val_psnr_db=23.1354 lr=0.0001 seconds=1.51 best_epoch=1
2026-09-19 19:05:17,401 INFO model=iradonmap epoch=002/120 train_mse=0.0046172 val_mse=0.0048277 val_psnr_db=23.1904 lr=0.0001 seconds=1.49 best_epoch=2
2026-09-19 19:05:20,612 INFO model=iradonmap epoch=003/120 train_mse=0.0044348 val_mse=0.0047786 val_psnr_db=23.2349 lr=9.99e-05 seconds=1.53 best_epoch=3
2026-09-19 19:05:23,715 INFO model=iradonmap epoch=004/120 train_mse=0.0042755 val_mse=0.0047250 val_psnr_db=23.2838 lr=9.98e-05 seconds=1.50 best_epoch=4
2026-09-19 19:05:26,894 INFO model=iradonmap epoch=005/120 train_mse=0.0041260 val_mse=0.0046795 val_psnr_db=23.3261 lr=9.97e-05 seconds=1.50 best_epoch=5
2026-09-19 19:05:30,087 INFO model=iradonmap epoch=006/120 train_mse=0.0039856 val_mse=0.0046362 val_psnr_db=23.3669 lr=9.96e-05 seconds=1.49 best_epoch=6
2026-09-19 19:05:33,223 INFO model=iradonmap epoch=007/120 train_mse=0.0038495 val_mse=0.0045903 val_psnr_db=23.4105 lr=9.94e-05 seconds=1.49 best_epoch=7
2026-09-19 19:05:36,352 INFO model=iradonmap epoch=008/120 train_mse=0.0037114 val_mse=0.0045370 val_psnr_db=23.4617 lr=9.92e-05 seconds=1.49 best_epoch=8
2026-09-19 19:05:39,525 INFO model=iradonmap epoch=009/120 train_mse=0.0035716 val_mse=0.0044667 val_psnr_db=23.5300 lr=9.89e-05 seconds=1.49 best_epoch=9
2026-09-19 19:05:42,667 INFO model=iradonmap epoch=010/120 train_mse=0.0034214 val_mse=0.0043612 val_psnr_db=23.6345 lr=9.86e-05 seconds=1.49 best_epoch=10
2026-09-19 19:05:45,837 INFO model=iradonmap epoch=011/120 train_mse=0.0032409 val_mse=0.0042048 val_psnr_db=23.7939 lr=9.83e-05 seconds=1.49 best_epoch=11
2026-09-19 19:05:48,930 INFO model=iradonmap epoch=012/120 train_mse=0.0030309 val_mse=0.0039845 val_psnr_db=24.0284 lr=9.8e-05 seconds=1.50 best_epoch=12
2026-09-19 19:05:52,151 INFO model=iradonmap epoch=013/120 train_mse=0.0027813 val_mse=0.0036959 val_psnr_db=24.3556 lr=9.76e-05 seconds=1.50 best_epoch=13
2026-09-19 19:05:55,316 INFO model=iradonmap epoch=014/120 train_mse=0.0024896 val_mse=0.0033326 val_psnr_db=24.8076 lr=9.72e-05 seconds=1.49 best_epoch=14
2026-09-19 19:05:58,408 INFO model=iradonmap epoch=015/120 train_mse=0.0021718 val_mse=0.0029224 val_psnr_db=25.3786 lr=9.67e-05 seconds=1.49 best_epoch=15
2026-09-19 19:06:01,590 INFO model=iradonmap epoch=016/120 train_mse=0.0018441 val_mse=0.0024743 val_psnr_db=26.1056 lr=9.62e-05 seconds=1.50 best_epoch=16
2026-09-19 19:06:04,747 INFO model=iradonmap epoch=017/120 train_mse=0.0014984 val_mse=0.0020040 val_psnr_db=27.0274 lr=9.57e-05 seconds=1.49 best_epoch=17
2026-09-19 19:06:07,877 INFO model=iradonmap epoch=018/120 train_mse=0.0012260 val_mse=0.0016899 val_psnr_db=27.7757 lr=9.52e-05 seconds=1.50 best_epoch=18
2026-09-19 19:06:11,125 INFO model=iradonmap epoch=019/120 train_mse=0.0010412 val_mse=0.0014642 val_psnr_db=28.4056 lr=9.46e-05 seconds=1.51 best_epoch=19
2026-09-19 19:06:14,419 INFO model=iradonmap epoch=020/120 train_mse=0.0008973 val_mse=0.0012732 val_psnr_db=29.0231 lr=9.4e-05 seconds=1.53 best_epoch=20
2026-09-19 19:06:17,566 INFO model=iradonmap epoch=021/120 train_mse=0.0007749 val_mse=0.0011153 val_psnr_db=29.6105 lr=9.34e-05 seconds=1.52 best_epoch=21
2026-09-19 19:06:20,768 INFO model=iradonmap epoch=022/120 train_mse=0.0006750 val_mse=0.0009870 val_psnr_db=30.1506 lr=9.27e-05 seconds=1.51 best_epoch=22
2026-09-19 19:06:23,923 INFO model=iradonmap epoch=023/120 train_mse=0.0005997 val_mse=0.0008945 val_psnr_db=30.5945 lr=9.2e-05 seconds=1.49 best_epoch=23
2026-09-19 19:06:27,115 INFO model=iradonmap epoch=024/120 train_mse=0.0005425 val_mse=0.0008351 val_psnr_db=30.9050 lr=9.13e-05 seconds=1.49 best_epoch=24
2026-09-19 19:06:30,292 INFO model=iradonmap epoch=025/120 train_mse=0.0005058 val_mse=0.0007830 val_psnr_db=31.1902 lr=9.05e-05 seconds=1.49 best_epoch=25
2026-09-19 19:06:33,571 INFO model=iradonmap epoch=026/120 train_mse=0.0004719 val_mse=0.0007444 val_psnr_db=31.4204 lr=8.98e-05 seconds=1.52 best_epoch=26
2026-09-19 19:06:36,832 INFO model=iradonmap epoch=027/120 train_mse=0.0004450 val_mse=0.0007142 val_psnr_db=31.6064 lr=8.9e-05 seconds=1.49 best_epoch=27
2026-09-19 19:06:39,981 INFO model=iradonmap epoch=028/120 train_mse=0.0004179 val_mse=0.0006861 val_psnr_db=31.7890 lr=8.81e-05 seconds=1.49 best_epoch=28
2026-09-19 19:06:43,070 INFO model=iradonmap epoch=029/120 train_mse=0.0003987 val_mse=0.0006597 val_psnr_db=31.9653 lr=8.73e-05 seconds=1.49 best_epoch=29
2026-09-19 19:06:46,312 INFO model=iradonmap epoch=030/120 train_mse=0.0003791 val_mse=0.0006396 val_psnr_db=32.1075 lr=8.64e-05 seconds=1.49 best_epoch=30
2026-09-19 19:06:49,418 INFO model=iradonmap epoch=031/120 train_mse=0.0003625 val_mse=0.0006206 val_psnr_db=32.2446 lr=8.55e-05 seconds=1.49 best_epoch=31
2026-09-19 19:06:52,524 INFO model=iradonmap epoch=032/120 train_mse=0.0003487 val_mse=0.0006031 val_psnr_db=32.3743 lr=8.46e-05 seconds=1.49 best_epoch=32
2026-09-19 19:06:55,725 INFO model=iradonmap epoch=033/120 train_mse=0.0003351 val_mse=0.0005856 val_psnr_db=32.5078 lr=8.36e-05 seconds=1.49 best_epoch=33
2026-09-19 19:06:58,901 INFO model=iradonmap epoch=034/120 train_mse=0.0003233 val_mse=0.0005717 val_psnr_db=32.6176 lr=8.26e-05 seconds=1.50 best_epoch=34
2026-09-19 19:07:02,021 INFO model=iradonmap epoch=035/120 train_mse=0.0003127 val_mse=0.0005600 val_psnr_db=32.7124 lr=8.17e-05 seconds=1.50 best_epoch=35
2026-09-19 19:07:05,235 INFO model=iradonmap epoch=036/120 train_mse=0.0003027 val_mse=0.0005481 val_psnr_db=32.8105 lr=8.06e-05 seconds=1.49 best_epoch=36
2026-09-19 19:07:08,387 INFO model=iradonmap epoch=037/120 train_mse=0.0002937 val_mse=0.0005379 val_psnr_db=32.8964 lr=7.96e-05 seconds=1.49 best_epoch=37
2026-09-19 19:07:11,480 INFO model=iradonmap epoch=038/120 train_mse=0.0002854 val_mse=0.0005280 val_psnr_db=32.9813 lr=7.85e-05 seconds=1.49 best_epoch=38
2026-09-19 19:07:14,680 INFO model=iradonmap epoch=039/120 train_mse=0.0002777 val_mse=0.0005200 val_psnr_db=33.0507 lr=7.75e-05 seconds=1.49 best_epoch=39
2026-09-19 19:07:17,869 INFO model=iradonmap epoch=040/120 train_mse=0.0002710 val_mse=0.0005113 val_psnr_db=33.1267 lr=7.64e-05 seconds=1.49 best_epoch=40
2026-09-19 19:07:20,981 INFO model=iradonmap epoch=041/120 train_mse=0.0002637 val_mse=0.0005047 val_psnr_db=33.1886 lr=7.53e-05 seconds=1.49 best_epoch=41
2026-09-19 19:07:24,186 INFO model=iradonmap epoch=042/120 train_mse=0.0002574 val_mse=0.0004966 val_psnr_db=33.2615 lr=7.41e-05 seconds=1.50 best_epoch=42
2026-09-19 19:07:27,360 INFO model=iradonmap epoch=043/120 train_mse=0.0002513 val_mse=0.0004907 val_psnr_db=33.3168 lr=7.3e-05 seconds=1.49 best_epoch=43
2026-09-19 19:07:30,518 INFO model=iradonmap epoch=044/120 train_mse=0.0002453 val_mse=0.0004846 val_psnr_db=33.3738 lr=7.18e-05 seconds=1.49 best_epoch=44
2026-09-19 19:07:33,686 INFO model=iradonmap epoch=045/120 train_mse=0.0002400 val_mse=0.0004787 val_psnr_db=33.4291 lr=7.06e-05 seconds=1.49 best_epoch=45
2026-09-19 19:07:36,859 INFO model=iradonmap epoch=046/120 train_mse=0.0002353 val_mse=0.0004737 val_psnr_db=33.4774 lr=6.94e-05 seconds=1.50 best_epoch=46
2026-09-19 19:07:39,954 INFO model=iradonmap epoch=047/120 train_mse=0.0002303 val_mse=0.0004690 val_psnr_db=33.5229 lr=6.82e-05 seconds=1.49 best_epoch=47
2026-09-19 19:07:43,172 INFO model=iradonmap epoch=048/120 train_mse=0.0002255 val_mse=0.0004640 val_psnr_db=33.5721 lr=6.7e-05 seconds=1.52 best_epoch=48
2026-09-19 19:07:46,368 INFO model=iradonmap epoch=049/120 train_mse=0.0002213 val_mse=0.0004591 val_psnr_db=33.6203 lr=6.58e-05 seconds=1.52 best_epoch=49
2026-09-19 19:07:49,444 INFO model=iradonmap epoch=050/120 train_mse=0.0002172 val_mse=0.0004553 val_psnr_db=33.6584 lr=6.46e-05 seconds=1.49 best_epoch=50
2026-09-19 19:07:52,620 INFO model=iradonmap epoch=051/120 train_mse=0.0002129 val_mse=0.0004524 val_psnr_db=33.6887 lr=6.33e-05 seconds=1.52 best_epoch=51
2026-09-19 19:07:55,713 INFO model=iradonmap epoch=052/120 train_mse=0.0002088 val_mse=0.0004466 val_psnr_db=33.7457 lr=6.21e-05 seconds=1.49 best_epoch=52
2026-09-19 19:07:58,909 INFO model=iradonmap epoch=053/120 train_mse=0.0002045 val_mse=0.0004418 val_psnr_db=33.7934 lr=6.08e-05 seconds=1.52 best_epoch=53
2026-09-19 19:08:02,063 INFO model=iradonmap epoch=054/120 train_mse=0.0002005 val_mse=0.0004367 val_psnr_db=33.8448 lr=5.95e-05 seconds=1.49 best_epoch=54
2026-09-19 19:08:05,201 INFO model=iradonmap epoch=055/120 train_mse=0.0001966 val_mse=0.0004324 val_psnr_db=33.8897 lr=5.82e-05 seconds=1.49 best_epoch=55
2026-09-19 19:08:08,376 INFO model=iradonmap epoch=056/120 train_mse=0.0001929 val_mse=0.0004279 val_psnr_db=33.9362 lr=5.7e-05 seconds=1.49 best_epoch=56
2026-09-19 19:08:11,527 INFO model=iradonmap epoch=057/120 train_mse=0.0001895 val_mse=0.0004238 val_psnr_db=33.9797 lr=5.57e-05 seconds=1.50 best_epoch=57
2026-09-19 19:08:14,688 INFO model=iradonmap epoch=058/120 train_mse=0.0001861 val_mse=0.0004193 val_psnr_db=34.0268 lr=5.44e-05 seconds=1.49 best_epoch=58
2026-09-19 19:08:17,789 INFO model=iradonmap epoch=059/120 train_mse=0.0001828 val_mse=0.0004154 val_psnr_db=34.0701 lr=5.31e-05 seconds=1.49 best_epoch=59
2026-09-19 19:08:20,991 INFO model=iradonmap epoch=060/120 train_mse=0.0001798 val_mse=0.0004113 val_psnr_db=34.1135 lr=5.18e-05 seconds=1.49 best_epoch=60
2026-09-19 19:08:24,128 INFO model=iradonmap epoch=061/120 train_mse=0.0001770 val_mse=0.0004085 val_psnr_db=34.1448 lr=5.05e-05 seconds=1.49 best_epoch=61
2026-09-19 19:08:27,291 INFO model=iradonmap epoch=062/120 train_mse=0.0001743 val_mse=0.0004046 val_psnr_db=34.1870 lr=4.92e-05 seconds=1.51 best_epoch=62
2026-09-19 19:08:30,482 INFO model=iradonmap epoch=063/120 train_mse=0.0001718 val_mse=0.0004021 val_psnr_db=34.2147 lr=4.79e-05 seconds=1.49 best_epoch=63
2026-09-19 19:08:33,591 INFO model=iradonmap epoch=064/120 train_mse=0.0001693 val_mse=0.0003980 val_psnr_db=34.2594 lr=4.66e-05 seconds=1.49 best_epoch=64
2026-09-19 19:08:36,679 INFO model=iradonmap epoch=065/120 train_mse=0.0001670 val_mse=0.0003952 val_psnr_db=34.2891 lr=4.53e-05 seconds=1.49 best_epoch=65
2026-09-19 19:08:39,820 INFO model=iradonmap epoch=066/120 train_mse=0.0001648 val_mse=0.0003924 val_psnr_db=34.3220 lr=4.4e-05 seconds=1.49 best_epoch=66
2026-09-19 19:08:42,987 INFO model=iradonmap epoch=067/120 train_mse=0.0001626 val_mse=0.0003892 val_psnr_db=34.3579 lr=4.28e-05 seconds=1.50 best_epoch=67
2026-09-19 19:08:46,100 INFO model=iradonmap epoch=068/120 train_mse=0.0001606 val_mse=0.0003872 val_psnr_db=34.3818 lr=4.15e-05 seconds=1.49 best_epoch=68
2026-09-19 19:08:49,340 INFO model=iradonmap epoch=069/120 train_mse=0.0001585 val_mse=0.0003840 val_psnr_db=34.4175 lr=4.02e-05 seconds=1.52 best_epoch=69
2026-09-19 19:08:52,534 INFO model=iradonmap epoch=070/120 train_mse=0.0001566 val_mse=0.0003824 val_psnr_db=34.4372 lr=3.89e-05 seconds=1.52 best_epoch=70
2026-09-19 19:08:55,596 INFO model=iradonmap epoch=071/120 train_mse=0.0001547 val_mse=0.0003802 val_psnr_db=34.4623 lr=3.77e-05 seconds=1.49 best_epoch=71
2026-09-19 19:08:58,774 INFO model=iradonmap epoch=072/120 train_mse=0.0001529 val_mse=0.0003772 val_psnr_db=34.4964 lr=3.64e-05 seconds=1.49 best_epoch=72
2026-09-19 19:09:01,989 INFO model=iradonmap epoch=073/120 train_mse=0.0001513 val_mse=0.0003754 val_psnr_db=34.5182 lr=3.52e-05 seconds=1.53 best_epoch=73
2026-09-19 19:09:05,177 INFO model=iradonmap epoch=074/120 train_mse=0.0001496 val_mse=0.0003735 val_psnr_db=34.5405 lr=3.4e-05 seconds=1.50 best_epoch=74
2026-09-19 19:09:08,310 INFO model=iradonmap epoch=075/120 train_mse=0.0001481 val_mse=0.0003715 val_psnr_db=34.5647 lr=3.28e-05 seconds=1.49 best_epoch=75
2026-09-19 19:09:11,510 INFO model=iradonmap epoch=076/120 train_mse=0.0001466 val_mse=0.0003697 val_psnr_db=34.5858 lr=3.16e-05 seconds=1.53 best_epoch=76
2026-09-19 19:09:14,751 INFO model=iradonmap epoch=077/120 train_mse=0.0001452 val_mse=0.0003677 val_psnr_db=34.6103 lr=3.04e-05 seconds=1.52 best_epoch=77
2026-09-19 19:09:17,879 INFO model=iradonmap epoch=078/120 train_mse=0.0001438 val_mse=0.0003664 val_psnr_db=34.6272 lr=2.92e-05 seconds=1.49 best_epoch=78
2026-09-19 19:09:21,016 INFO model=iradonmap epoch=079/120 train_mse=0.0001425 val_mse=0.0003645 val_psnr_db=34.6500 lr=2.8e-05 seconds=1.50 best_epoch=79
2026-09-19 19:09:24,189 INFO model=iradonmap epoch=080/120 train_mse=0.0001412 val_mse=0.0003629 val_psnr_db=34.6691 lr=2.69e-05 seconds=1.49 best_epoch=80
2026-09-19 19:09:27,344 INFO model=iradonmap epoch=081/120 train_mse=0.0001400 val_mse=0.0003618 val_psnr_db=34.6836 lr=2.58e-05 seconds=1.49 best_epoch=81
2026-09-19 19:09:30,490 INFO model=iradonmap epoch=082/120 train_mse=0.0001389 val_mse=0.0003599 val_psnr_db=34.7062 lr=2.46e-05 seconds=1.49 best_epoch=82
2026-09-19 19:09:33,679 INFO model=iradonmap epoch=083/120 train_mse=0.0001379 val_mse=0.0003588 val_psnr_db=34.7202 lr=2.35e-05 seconds=1.49 best_epoch=83
2026-09-19 19:09:36,837 INFO model=iradonmap epoch=084/120 train_mse=0.0001369 val_mse=0.0003577 val_psnr_db=34.7340 lr=2.25e-05 seconds=1.49 best_epoch=84
2026-09-19 19:09:39,985 INFO model=iradonmap epoch=085/120 train_mse=0.0001359 val_mse=0.0003559 val_psnr_db=34.7551 lr=2.14e-05 seconds=1.49 best_epoch=85
2026-09-19 19:09:43,076 INFO model=iradonmap epoch=086/120 train_mse=0.0001350 val_mse=0.0003551 val_psnr_db=34.7654 lr=2.04e-05 seconds=1.49 best_epoch=86
2026-09-19 19:09:46,177 INFO model=iradonmap epoch=087/120 train_mse=0.0001342 val_mse=0.0003538 val_psnr_db=34.7819 lr=1.93e-05 seconds=1.50 best_epoch=87
2026-09-19 19:09:49,356 INFO model=iradonmap epoch=088/120 train_mse=0.0001334 val_mse=0.0003530 val_psnr_db=34.7928 lr=1.84e-05 seconds=1.51 best_epoch=88
2026-09-19 19:09:52,464 INFO model=iradonmap epoch=089/120 train_mse=0.0001327 val_mse=0.0003516 val_psnr_db=34.8093 lr=1.74e-05 seconds=1.49 best_epoch=89
2026-09-19 19:09:55,583 INFO model=iradonmap epoch=090/120 train_mse=0.0001320 val_mse=0.0003506 val_psnr_db=34.8216 lr=1.64e-05 seconds=1.49 best_epoch=90
2026-09-19 19:09:58,701 INFO model=iradonmap epoch=091/120 train_mse=0.0001314 val_mse=0.0003499 val_psnr_db=34.8311 lr=1.55e-05 seconds=1.49 best_epoch=91
2026-09-19 19:10:01,900 INFO model=iradonmap epoch=092/120 train_mse=0.0001307 val_mse=0.0003492 val_psnr_db=34.8395 lr=1.46e-05 seconds=1.49 best_epoch=92
2026-09-19 19:10:05,020 INFO model=iradonmap epoch=093/120 train_mse=0.0001302 val_mse=0.0003487 val_psnr_db=34.8463 lr=1.37e-05 seconds=1.49 best_epoch=93
2026-09-19 19:10:08,204 INFO model=iradonmap epoch=094/120 train_mse=0.0001296 val_mse=0.0003476 val_psnr_db=34.8598 lr=1.29e-05 seconds=1.49 best_epoch=94
2026-09-19 19:10:11,325 INFO model=iradonmap epoch=095/120 train_mse=0.0001291 val_mse=0.0003469 val_psnr_db=34.8688 lr=1.2e-05 seconds=1.49 best_epoch=95
2026-09-19 19:10:14,455 INFO model=iradonmap epoch=096/120 train_mse=0.0001286 val_mse=0.0003461 val_psnr_db=34.8796 lr=1.12e-05 seconds=1.49 best_epoch=96
2026-09-19 19:10:17,581 INFO model=iradonmap epoch=097/120 train_mse=0.0001281 val_mse=0.0003456 val_psnr_db=34.8862 lr=1.05e-05 seconds=1.50 best_epoch=97
2026-09-19 19:10:20,805 INFO model=iradonmap epoch=098/120 train_mse=0.0001277 val_mse=0.0003451 val_psnr_db=34.8919 lr=9.71e-06 seconds=1.50 best_epoch=98
2026-09-19 19:10:23,868 INFO model=iradonmap epoch=099/120 train_mse=0.0001273 val_mse=0.0003443 val_psnr_db=34.9022 lr=8.99e-06 seconds=1.49 best_epoch=99
2026-09-19 19:10:27,107 INFO model=iradonmap epoch=100/120 train_mse=0.0001270 val_mse=0.0003440 val_psnr_db=34.9061 lr=8.29e-06 seconds=1.53 best_epoch=100
2026-09-19 19:10:30,291 INFO model=iradonmap epoch=101/120 train_mse=0.0001266 val_mse=0.0003434 val_psnr_db=34.9143 lr=7.63e-06 seconds=1.53 best_epoch=101
2026-09-19 19:10:33,074 INFO model=iradonmap epoch=102/120 train_mse=0.0001263 val_mse=0.0003435 val_psnr_db=34.9130 lr=7e-06 seconds=1.51 best_epoch=101
2026-09-19 19:10:36,129 INFO model=iradonmap epoch=103/120 train_mse=0.0001260 val_mse=0.0003427 val_psnr_db=34.9226 lr=6.4e-06 seconds=1.49 best_epoch=103
2026-09-19 19:10:39,283 INFO model=iradonmap epoch=104/120 train_mse=0.0001258 val_mse=0.0003424 val_psnr_db=34.9267 lr=5.82e-06 seconds=1.49 best_epoch=104
2026-09-19 19:10:42,417 INFO model=iradonmap epoch=105/120 train_mse=0.0001255 val_mse=0.0003421 val_psnr_db=34.9315 lr=5.28e-06 seconds=1.49 best_epoch=105
2026-09-19 19:10:45,595 INFO model=iradonmap epoch=106/120 train_mse=0.0001253 val_mse=0.0003418 val_psnr_db=34.9346 lr=4.77e-06 seconds=1.51 best_epoch=106
2026-09-19 19:10:48,714 INFO model=iradonmap epoch=107/120 train_mse=0.0001251 val_mse=0.0003418 val_psnr_db=34.9350 lr=4.29e-06 seconds=1.49 best_epoch=107
2026-09-19 19:10:51,924 INFO model=iradonmap epoch=108/120 train_mse=0.0001250 val_mse=0.0003415 val_psnr_db=34.9393 lr=3.84e-06 seconds=1.49 best_epoch=108
2026-09-19 19:10:55,118 INFO model=iradonmap epoch=109/120 train_mse=0.0001248 val_mse=0.0003412 val_psnr_db=34.9433 lr=3.42e-06 seconds=1.53 best_epoch=109
2026-09-19 19:10:58,316 INFO model=iradonmap epoch=110/120 train_mse=0.0001247 val_mse=0.0003410 val_psnr_db=34.9451 lr=3.04e-06 seconds=1.52 best_epoch=110
2026-09-19 19:11:01,560 INFO model=iradonmap epoch=111/120 train_mse=0.0001245 val_mse=0.0003409 val_psnr_db=34.9466 lr=2.69e-06 seconds=1.52 best_epoch=111
2026-09-19 19:11:04,781 INFO model=iradonmap epoch=112/120 train_mse=0.0001244 val_mse=0.0003407 val_psnr_db=34.9489 lr=2.37e-06 seconds=1.50 best_epoch=112
2026-09-19 19:11:08,115 INFO model=iradonmap epoch=113/120 train_mse=0.0001243 val_mse=0.0003407 val_psnr_db=34.9493 lr=2.08e-06 seconds=1.52 best_epoch=113
2026-09-19 19:11:11,453 INFO model=iradonmap epoch=114/120 train_mse=0.0001243 val_mse=0.0003405 val_psnr_db=34.9515 lr=1.83e-06 seconds=1.52 best_epoch=114
2026-09-19 19:11:14,771 INFO model=iradonmap epoch=115/120 train_mse=0.0001242 val_mse=0.0003404 val_psnr_db=34.9535 lr=1.61e-06 seconds=1.53 best_epoch=115
2026-09-19 19:11:17,682 INFO model=iradonmap epoch=116/120 train_mse=0.0001241 val_mse=0.0003404 val_psnr_db=34.9536 lr=1.42e-06 seconds=1.53 best_epoch=115
2026-09-19 19:11:21,048 INFO model=iradonmap epoch=117/120 train_mse=0.0001241 val_mse=0.0003403 val_psnr_db=34.9548 lr=1.27e-06 seconds=1.49 best_epoch=117
2026-09-19 19:11:24,428 INFO model=iradonmap epoch=118/120 train_mse=0.0001240 val_mse=0.0003402 val_psnr_db=34.9556 lr=1.15e-06 seconds=1.52 best_epoch=118
2026-09-19 19:11:27,829 INFO model=iradonmap epoch=119/120 train_mse=0.0001240 val_mse=0.0003402 val_psnr_db=34.9563 lr=1.07e-06 seconds=1.53 best_epoch=119
2026-09-19 19:11:31,208 INFO model=iradonmap epoch=120/120 train_mse=0.0001239 val_mse=0.0003401 val_psnr_db=34.9576 lr=1.02e-06 seconds=1.53 best_epoch=120
2026-09-19 19:11:32,683 INFO model=iradonmap training_complete seconds=379.27 best_epoch=120 peak_memory_bytes=4141336064
2026-09-19 19:11:32,684 INFO model=noise2inverse parameters=118305 epochs=120 lr=0.001 device=cuda supervised=False selected_on=held-out subset MSE
2026-09-19 19:11:32,762 INFO model=noise2inverse initial_gradient_norm=0.00028222657
2026-09-19 19:11:33,878 INFO model=noise2inverse epoch=001/120 train_mse=0.0256980 val_mse=0.0266179 val_psnr_db=23.0330 lr=0.001 seconds=1.19 best_epoch=1
2026-09-19 19:11:35,040 INFO model=noise2inverse epoch=002/120 train_mse=0.0250476 val_mse=0.0251644 val_psnr_db=23.5219 lr=0.001 seconds=1.15 best_epoch=2
2026-09-19 19:11:36,205 INFO model=noise2inverse epoch=003/120 train_mse=0.0225734 val_mse=0.0214290 val_psnr_db=25.6794 lr=0.000999 seconds=1.15 best_epoch=3
2026-09-19 19:11:37,372 INFO model=noise2inverse epoch=004/120 train_mse=0.0201412 val_mse=0.0202516 val_psnr_db=25.7396 lr=0.000998 seconds=1.15 best_epoch=4
2026-09-19 19:11:38,539 INFO model=noise2inverse epoch=005/120 train_mse=0.0190279 val_mse=0.0191799 val_psnr_db=27.5033 lr=0.000997 seconds=1.15 best_epoch=5
2026-09-19 19:11:39,706 INFO model=noise2inverse epoch=006/120 train_mse=0.0181073 val_mse=0.0183960 val_psnr_db=28.5340 lr=0.000996 seconds=1.15 best_epoch=6
2026-09-19 19:11:40,874 INFO model=noise2inverse epoch=007/120 train_mse=0.0174844 val_mse=0.0177751 val_psnr_db=29.7096 lr=0.000994 seconds=1.15 best_epoch=7
2026-09-19 19:11:42,039 INFO model=noise2inverse epoch=008/120 train_mse=0.0169643 val_mse=0.0174549 val_psnr_db=28.9523 lr=0.000992 seconds=1.15 best_epoch=8
2026-09-19 19:11:43,207 INFO model=noise2inverse epoch=009/120 train_mse=0.0166966 val_mse=0.0172151 val_psnr_db=30.3567 lr=0.000989 seconds=1.15 best_epoch=9
2026-09-19 19:11:44,375 INFO model=noise2inverse epoch=010/120 train_mse=0.0164953 val_mse=0.0170234 val_psnr_db=30.1099 lr=0.000986 seconds=1.16 best_epoch=10
2026-09-19 19:11:45,544 INFO model=noise2inverse epoch=011/120 train_mse=0.0164411 val_mse=0.0169718 val_psnr_db=29.3740 lr=0.000983 seconds=1.16 best_epoch=11
2026-09-19 19:11:46,713 INFO model=noise2inverse epoch=012/120 train_mse=0.0163298 val_mse=0.0168832 val_psnr_db=30.5597 lr=0.00098 seconds=1.16 best_epoch=12
2026-09-19 19:11:47,876 INFO model=noise2inverse epoch=013/120 train_mse=0.0161885 val_mse=0.0166656 val_psnr_db=30.2722 lr=0.000976 seconds=1.15 best_epoch=13
2026-09-19 19:11:49,041 INFO model=noise2inverse epoch=014/120 train_mse=0.0162019 val_mse=0.0168819 val_psnr_db=31.8647 lr=0.000972 seconds=1.16 best_epoch=13
2026-09-19 19:11:50,205 INFO model=noise2inverse epoch=015/120 train_mse=0.0161919 val_mse=0.0166668 val_psnr_db=30.8286 lr=0.000967 seconds=1.15 best_epoch=13
2026-09-19 19:11:51,373 INFO model=noise2inverse epoch=016/120 train_mse=0.0159715 val_mse=0.0164356 val_psnr_db=30.9818 lr=0.000962 seconds=1.15 best_epoch=16
2026-09-19 19:11:52,543 INFO model=noise2inverse epoch=017/120 train_mse=0.0158594 val_mse=0.0163673 val_psnr_db=30.4573 lr=0.000957 seconds=1.16 best_epoch=17
2026-09-19 19:11:53,709 INFO model=noise2inverse epoch=018/120 train_mse=0.0158384 val_mse=0.0163522 val_psnr_db=31.5389 lr=0.000952 seconds=1.15 best_epoch=18
2026-09-19 19:11:54,878 INFO model=noise2inverse epoch=019/120 train_mse=0.0157733 val_mse=0.0162505 val_psnr_db=31.2628 lr=0.000946 seconds=1.16 best_epoch=19
2026-09-19 19:11:56,046 INFO model=noise2inverse epoch=020/120 train_mse=0.0157481 val_mse=0.0162345 val_psnr_db=31.0273 lr=0.00094 seconds=1.15 best_epoch=20
2026-09-19 19:11:57,210 INFO model=noise2inverse epoch=021/120 train_mse=0.0157532 val_mse=0.0162577 val_psnr_db=32.0792 lr=0.000934 seconds=1.15 best_epoch=20
2026-09-19 19:11:58,378 INFO model=noise2inverse epoch=022/120 train_mse=0.0156742 val_mse=0.0161946 val_psnr_db=30.4582 lr=0.000927 seconds=1.15 best_epoch=22
2026-09-19 19:11:59,547 INFO model=noise2inverse epoch=023/120 train_mse=0.0156677 val_mse=0.0161678 val_psnr_db=31.9959 lr=0.00092 seconds=1.16 best_epoch=23
2026-09-19 19:12:00,713 INFO model=noise2inverse epoch=024/120 train_mse=0.0156935 val_mse=0.0161711 val_psnr_db=32.3418 lr=0.000913 seconds=1.16 best_epoch=23
2026-09-19 19:12:01,883 INFO model=noise2inverse epoch=025/120 train_mse=0.0156539 val_mse=0.0161307 val_psnr_db=31.5790 lr=0.000905 seconds=1.16 best_epoch=25
2026-09-19 19:12:03,053 INFO model=noise2inverse epoch=026/120 train_mse=0.0156199 val_mse=0.0160750 val_psnr_db=31.7137 lr=0.000898 seconds=1.16 best_epoch=26
2026-09-19 19:12:04,218 INFO model=noise2inverse epoch=027/120 train_mse=0.0156341 val_mse=0.0161182 val_psnr_db=32.5241 lr=0.00089 seconds=1.16 best_epoch=26
2026-09-19 19:12:05,386 INFO model=noise2inverse epoch=028/120 train_mse=0.0156175 val_mse=0.0160850 val_psnr_db=31.5259 lr=0.000881 seconds=1.16 best_epoch=26
2026-09-19 19:12:06,551 INFO model=noise2inverse epoch=029/120 train_mse=0.0155979 val_mse=0.0160916 val_psnr_db=30.4705 lr=0.000873 seconds=1.16 best_epoch=26
2026-09-19 19:12:07,720 INFO model=noise2inverse epoch=030/120 train_mse=0.0156079 val_mse=0.0160170 val_psnr_db=31.6869 lr=0.000864 seconds=1.15 best_epoch=30
2026-09-19 19:12:08,887 INFO model=noise2inverse epoch=031/120 train_mse=0.0155713 val_mse=0.0160197 val_psnr_db=31.7975 lr=0.000855 seconds=1.16 best_epoch=30
2026-09-19 19:12:10,053 INFO model=noise2inverse epoch=032/120 train_mse=0.0155553 val_mse=0.0160678 val_psnr_db=33.1772 lr=0.000846 seconds=1.16 best_epoch=30
2026-09-19 19:12:11,224 INFO model=noise2inverse epoch=033/120 train_mse=0.0155191 val_mse=0.0160077 val_psnr_db=32.8392 lr=0.000836 seconds=1.16 best_epoch=33
2026-09-19 19:12:12,395 INFO model=noise2inverse epoch=034/120 train_mse=0.0155482 val_mse=0.0160318 val_psnr_db=30.9921 lr=0.000826 seconds=1.16 best_epoch=33
2026-09-19 19:12:13,565 INFO model=noise2inverse epoch=035/120 train_mse=0.0155577 val_mse=0.0160048 val_psnr_db=30.9963 lr=0.000817 seconds=1.16 best_epoch=35
2026-09-19 19:12:14,732 INFO model=noise2inverse epoch=036/120 train_mse=0.0155334 val_mse=0.0160316 val_psnr_db=32.7342 lr=0.000806 seconds=1.16 best_epoch=35
2026-09-19 19:12:15,907 INFO model=noise2inverse epoch=037/120 train_mse=0.0155109 val_mse=0.0159932 val_psnr_db=31.6158 lr=0.000796 seconds=1.16 best_epoch=37
2026-09-19 19:12:17,081 INFO model=noise2inverse epoch=038/120 train_mse=0.0154857 val_mse=0.0159604 val_psnr_db=32.1972 lr=0.000785 seconds=1.16 best_epoch=38
2026-09-19 19:12:18,251 INFO model=noise2inverse epoch=039/120 train_mse=0.0154865 val_mse=0.0159825 val_psnr_db=33.2001 lr=0.000775 seconds=1.16 best_epoch=38
2026-09-19 19:12:19,422 INFO model=noise2inverse epoch=040/120 train_mse=0.0155177 val_mse=0.0159926 val_psnr_db=32.8836 lr=0.000764 seconds=1.16 best_epoch=38
2026-09-19 19:12:20,591 INFO model=noise2inverse epoch=041/120 train_mse=0.0154649 val_mse=0.0160194 val_psnr_db=32.1234 lr=0.000752 seconds=1.16 best_epoch=38
2026-09-19 19:12:21,763 INFO model=noise2inverse epoch=042/120 train_mse=0.0154491 val_mse=0.0159302 val_psnr_db=32.2773 lr=0.000741 seconds=1.16 best_epoch=42
2026-09-19 19:12:22,931 INFO model=noise2inverse epoch=043/120 train_mse=0.0154481 val_mse=0.0159376 val_psnr_db=33.1374 lr=0.00073 seconds=1.16 best_epoch=42
2026-09-19 19:12:24,104 INFO model=noise2inverse epoch=044/120 train_mse=0.0154722 val_mse=0.0159252 val_psnr_db=31.5860 lr=0.000718 seconds=1.16 best_epoch=44
2026-09-19 19:12:25,278 INFO model=noise2inverse epoch=045/120 train_mse=0.0154596 val_mse=0.0159051 val_psnr_db=31.9218 lr=0.000706 seconds=1.16 best_epoch=45
2026-09-19 19:12:26,445 INFO model=noise2inverse epoch=046/120 train_mse=0.0154419 val_mse=0.0159787 val_psnr_db=33.4118 lr=0.000694 seconds=1.16 best_epoch=45
2026-09-19 19:12:27,617 INFO model=noise2inverse epoch=047/120 train_mse=0.0154437 val_mse=0.0159023 val_psnr_db=31.7112 lr=0.000682 seconds=1.16 best_epoch=47
2026-09-19 19:12:28,786 INFO model=noise2inverse epoch=048/120 train_mse=0.0154639 val_mse=0.0159053 val_psnr_db=32.7329 lr=0.00067 seconds=1.16 best_epoch=47
2026-09-19 19:12:29,960 INFO model=noise2inverse epoch=049/120 train_mse=0.0154086 val_mse=0.0158998 val_psnr_db=32.1317 lr=0.000658 seconds=1.16 best_epoch=49
2026-09-19 19:12:31,138 INFO model=noise2inverse epoch=050/120 train_mse=0.0154468 val_mse=0.0158969 val_psnr_db=32.1408 lr=0.000646 seconds=1.16 best_epoch=50
2026-09-19 19:12:32,312 INFO model=noise2inverse epoch=051/120 train_mse=0.0154444 val_mse=0.0158907 val_psnr_db=33.0680 lr=0.000633 seconds=1.16 best_epoch=51
2026-09-19 19:12:33,486 INFO model=noise2inverse epoch=052/120 train_mse=0.0153979 val_mse=0.0158977 val_psnr_db=33.3662 lr=0.000621 seconds=1.16 best_epoch=51
2026-09-19 19:12:34,662 INFO model=noise2inverse epoch=053/120 train_mse=0.0154099 val_mse=0.0158711 val_psnr_db=31.6308 lr=0.000608 seconds=1.16 best_epoch=53
2026-09-19 19:12:35,833 INFO model=noise2inverse epoch=054/120 train_mse=0.0154052 val_mse=0.0158816 val_psnr_db=33.3694 lr=0.000595 seconds=1.16 best_epoch=53
2026-09-19 19:12:37,004 INFO model=noise2inverse epoch=055/120 train_mse=0.0154404 val_mse=0.0158734 val_psnr_db=32.9130 lr=0.000582 seconds=1.16 best_epoch=53
2026-09-19 19:12:38,180 INFO model=noise2inverse epoch=056/120 train_mse=0.0154096 val_mse=0.0158682 val_psnr_db=32.6293 lr=0.00057 seconds=1.16 best_epoch=56
2026-09-19 19:12:39,354 INFO model=noise2inverse epoch=057/120 train_mse=0.0154113 val_mse=0.0158616 val_psnr_db=32.4142 lr=0.000557 seconds=1.16 best_epoch=57
2026-09-19 19:12:40,524 INFO model=noise2inverse epoch=058/120 train_mse=0.0154031 val_mse=0.0158668 val_psnr_db=33.1937 lr=0.000544 seconds=1.16 best_epoch=57
2026-09-19 19:12:41,693 INFO model=noise2inverse epoch=059/120 train_mse=0.0154338 val_mse=0.0159033 val_psnr_db=31.5671 lr=0.000531 seconds=1.16 best_epoch=57
2026-09-19 19:12:42,861 INFO model=noise2inverse epoch=060/120 train_mse=0.0154122 val_mse=0.0158923 val_psnr_db=32.4897 lr=0.000518 seconds=1.16 best_epoch=57
2026-09-19 19:12:44,032 INFO model=noise2inverse epoch=061/120 train_mse=0.0154177 val_mse=0.0158649 val_psnr_db=32.6688 lr=0.000505 seconds=1.16 best_epoch=57
2026-09-19 19:12:45,208 INFO model=noise2inverse epoch=062/120 train_mse=0.0153657 val_mse=0.0158554 val_psnr_db=32.9920 lr=0.000492 seconds=1.16 best_epoch=62
2026-09-19 19:12:46,381 INFO model=noise2inverse epoch=063/120 train_mse=0.0154132 val_mse=0.0158553 val_psnr_db=33.2824 lr=0.000479 seconds=1.16 best_epoch=63
2026-09-19 19:12:47,554 INFO model=noise2inverse epoch=064/120 train_mse=0.0153992 val_mse=0.0158522 val_psnr_db=31.9363 lr=0.000466 seconds=1.16 best_epoch=64
2026-09-19 19:12:48,728 INFO model=noise2inverse epoch=065/120 train_mse=0.0154005 val_mse=0.0158466 val_psnr_db=32.8604 lr=0.000453 seconds=1.16 best_epoch=65
2026-09-19 19:12:49,899 INFO model=noise2inverse epoch=066/120 train_mse=0.0154017 val_mse=0.0158604 val_psnr_db=32.8720 lr=0.00044 seconds=1.16 best_epoch=65
2026-09-19 19:12:51,069 INFO model=noise2inverse epoch=067/120 train_mse=0.0153470 val_mse=0.0158611 val_psnr_db=31.9537 lr=0.000428 seconds=1.16 best_epoch=65
2026-09-19 19:12:52,241 INFO model=noise2inverse epoch=068/120 train_mse=0.0153774 val_mse=0.0158834 val_psnr_db=32.1180 lr=0.000415 seconds=1.16 best_epoch=65
2026-09-19 19:12:53,412 INFO model=noise2inverse epoch=069/120 train_mse=0.0153995 val_mse=0.0158547 val_psnr_db=31.6933 lr=0.000402 seconds=1.16 best_epoch=65
2026-09-19 19:12:54,588 INFO model=noise2inverse epoch=070/120 train_mse=0.0153572 val_mse=0.0158278 val_psnr_db=32.3708 lr=0.000389 seconds=1.16 best_epoch=70
2026-09-19 19:12:55,763 INFO model=noise2inverse epoch=071/120 train_mse=0.0153694 val_mse=0.0158223 val_psnr_db=32.6121 lr=0.000377 seconds=1.16 best_epoch=71
2026-09-19 19:12:56,933 INFO model=noise2inverse epoch=072/120 train_mse=0.0153651 val_mse=0.0158339 val_psnr_db=33.0551 lr=0.000364 seconds=1.16 best_epoch=71
2026-09-19 19:12:58,104 INFO model=noise2inverse epoch=073/120 train_mse=0.0153485 val_mse=0.0158373 val_psnr_db=33.0688 lr=0.000352 seconds=1.16 best_epoch=71
2026-09-19 19:12:59,275 INFO model=noise2inverse epoch=074/120 train_mse=0.0153623 val_mse=0.0158293 val_psnr_db=32.6358 lr=0.00034 seconds=1.16 best_epoch=71
2026-09-19 19:13:00,451 INFO model=noise2inverse epoch=075/120 train_mse=0.0153789 val_mse=0.0158212 val_psnr_db=32.4421 lr=0.000328 seconds=1.16 best_epoch=75
2026-09-19 19:13:01,627 INFO model=noise2inverse epoch=076/120 train_mse=0.0153648 val_mse=0.0158172 val_psnr_db=32.2667 lr=0.000316 seconds=1.16 best_epoch=76
2026-09-19 19:13:02,797 INFO model=noise2inverse epoch=077/120 train_mse=0.0153629 val_mse=0.0158435 val_psnr_db=32.6185 lr=0.000304 seconds=1.16 best_epoch=76
2026-09-19 19:13:03,969 INFO model=noise2inverse epoch=078/120 train_mse=0.0153814 val_mse=0.0158229 val_psnr_db=32.9227 lr=0.000292 seconds=1.16 best_epoch=76
2026-09-19 19:13:05,141 INFO model=noise2inverse epoch=079/120 train_mse=0.0153600 val_mse=0.0158279 val_psnr_db=32.3736 lr=0.00028 seconds=1.16 best_epoch=76
2026-09-19 19:13:06,312 INFO model=noise2inverse epoch=080/120 train_mse=0.0153826 val_mse=0.0158333 val_psnr_db=32.9560 lr=0.000269 seconds=1.16 best_epoch=76
2026-09-19 19:13:07,481 INFO model=noise2inverse epoch=081/120 train_mse=0.0153842 val_mse=0.0158179 val_psnr_db=32.4368 lr=0.000257 seconds=1.16 best_epoch=76
2026-09-19 19:13:08,653 INFO model=noise2inverse epoch=082/120 train_mse=0.0153872 val_mse=0.0158163 val_psnr_db=32.8949 lr=0.000246 seconds=1.16 best_epoch=82
2026-09-19 19:13:09,829 INFO model=noise2inverse epoch=083/120 train_mse=0.0153473 val_mse=0.0158143 val_psnr_db=32.7845 lr=0.000235 seconds=1.16 best_epoch=83
2026-09-19 19:13:11,006 INFO model=noise2inverse epoch=084/120 train_mse=0.0153318 val_mse=0.0158084 val_psnr_db=32.4646 lr=0.000225 seconds=1.16 best_epoch=84
2026-09-19 19:13:12,177 INFO model=noise2inverse epoch=085/120 train_mse=0.0154237 val_mse=0.0158207 val_psnr_db=32.8421 lr=0.000214 seconds=1.16 best_epoch=84
2026-09-19 19:13:13,346 INFO model=noise2inverse epoch=086/120 train_mse=0.0153534 val_mse=0.0158132 val_psnr_db=32.6386 lr=0.000204 seconds=1.16 best_epoch=84
2026-09-19 19:13:14,517 INFO model=noise2inverse epoch=087/120 train_mse=0.0153321 val_mse=0.0158101 val_psnr_db=33.1406 lr=0.000193 seconds=1.16 best_epoch=84
2026-09-19 19:13:15,689 INFO model=noise2inverse epoch=088/120 train_mse=0.0153538 val_mse=0.0158101 val_psnr_db=32.9491 lr=0.000184 seconds=1.16 best_epoch=84
2026-09-19 19:13:16,860 INFO model=noise2inverse epoch=089/120 train_mse=0.0153111 val_mse=0.0158097 val_psnr_db=32.6391 lr=0.000174 seconds=1.16 best_epoch=84
2026-09-19 19:13:18,031 INFO model=noise2inverse epoch=090/120 train_mse=0.0153281 val_mse=0.0158091 val_psnr_db=32.7216 lr=0.000164 seconds=1.16 best_epoch=84
2026-09-19 19:13:19,207 INFO model=noise2inverse epoch=091/120 train_mse=0.0153179 val_mse=0.0158072 val_psnr_db=32.7837 lr=0.000155 seconds=1.16 best_epoch=91
2026-09-19 19:13:20,377 INFO model=noise2inverse epoch=092/120 train_mse=0.0153646 val_mse=0.0158077 val_psnr_db=32.7502 lr=0.000146 seconds=1.16 best_epoch=91
2026-09-19 19:13:21,550 INFO model=noise2inverse epoch=093/120 train_mse=0.0153260 val_mse=0.0158134 val_psnr_db=32.6585 lr=0.000137 seconds=1.16 best_epoch=91
2026-09-19 19:13:22,725 INFO model=noise2inverse epoch=094/120 train_mse=0.0153589 val_mse=0.0158007 val_psnr_db=32.7277 lr=0.000129 seconds=1.16 best_epoch=94
2026-09-19 19:13:23,895 INFO model=noise2inverse epoch=095/120 train_mse=0.0153158 val_mse=0.0158116 val_psnr_db=33.0475 lr=0.00012 seconds=1.16 best_epoch=94
2026-09-19 19:13:25,068 INFO model=noise2inverse epoch=096/120 train_mse=0.0153125 val_mse=0.0158063 val_psnr_db=33.1303 lr=0.000112 seconds=1.16 best_epoch=94
2026-09-19 19:13:26,240 INFO model=noise2inverse epoch=097/120 train_mse=0.0153447 val_mse=0.0158028 val_psnr_db=33.0633 lr=0.000105 seconds=1.16 best_epoch=94
2026-09-19 19:13:27,413 INFO model=noise2inverse epoch=098/120 train_mse=0.0153603 val_mse=0.0158029 val_psnr_db=32.9496 lr=9.71e-05 seconds=1.16 best_epoch=94
2026-09-19 19:13:28,585 INFO model=noise2inverse epoch=099/120 train_mse=0.0153320 val_mse=0.0158027 val_psnr_db=32.5327 lr=8.99e-05 seconds=1.16 best_epoch=94
2026-09-19 19:13:29,762 INFO model=noise2inverse epoch=100/120 train_mse=0.0153282 val_mse=0.0157981 val_psnr_db=32.9905 lr=8.29e-05 seconds=1.16 best_epoch=100
2026-09-19 19:13:30,933 INFO model=noise2inverse epoch=101/120 train_mse=0.0153381 val_mse=0.0158022 val_psnr_db=33.0525 lr=7.63e-05 seconds=1.16 best_epoch=100
2026-09-19 19:13:32,105 INFO model=noise2inverse epoch=102/120 train_mse=0.0153543 val_mse=0.0158025 val_psnr_db=32.8312 lr=7e-05 seconds=1.16 best_epoch=100
2026-09-19 19:13:33,282 INFO model=noise2inverse epoch=103/120 train_mse=0.0153508 val_mse=0.0157979 val_psnr_db=32.7642 lr=6.4e-05 seconds=1.16 best_epoch=103
2026-09-19 19:13:34,455 INFO model=noise2inverse epoch=104/120 train_mse=0.0153450 val_mse=0.0158014 val_psnr_db=32.7774 lr=5.82e-05 seconds=1.16 best_epoch=103
2026-09-19 19:13:35,628 INFO model=noise2inverse epoch=105/120 train_mse=0.0153473 val_mse=0.0157995 val_psnr_db=32.8723 lr=5.28e-05 seconds=1.16 best_epoch=103
2026-09-19 19:13:36,801 INFO model=noise2inverse epoch=106/120 train_mse=0.0153159 val_mse=0.0157990 val_psnr_db=32.9983 lr=4.77e-05 seconds=1.16 best_epoch=103
2026-09-19 19:13:37,972 INFO model=noise2inverse epoch=107/120 train_mse=0.0153180 val_mse=0.0158021 val_psnr_db=32.6527 lr=4.29e-05 seconds=1.16 best_epoch=103
2026-09-19 19:13:39,145 INFO model=noise2inverse epoch=108/120 train_mse=0.0153713 val_mse=0.0157993 val_psnr_db=32.6773 lr=3.84e-05 seconds=1.16 best_epoch=103
2026-09-19 19:13:40,317 INFO model=noise2inverse epoch=109/120 train_mse=0.0153253 val_mse=0.0157993 val_psnr_db=32.6328 lr=3.42e-05 seconds=1.16 best_epoch=103
2026-09-19 19:13:41,487 INFO model=noise2inverse epoch=110/120 train_mse=0.0152991 val_mse=0.0157981 val_psnr_db=32.6641 lr=3.04e-05 seconds=1.16 best_epoch=103
2026-09-19 19:13:42,657 INFO model=noise2inverse epoch=111/120 train_mse=0.0153502 val_mse=0.0157980 val_psnr_db=32.6560 lr=2.69e-05 seconds=1.16 best_epoch=103
2026-09-19 19:13:43,833 INFO model=noise2inverse epoch=112/120 train_mse=0.0153514 val_mse=0.0157977 val_psnr_db=32.7837 lr=2.37e-05 seconds=1.16 best_epoch=112
2026-09-19 19:13:45,002 INFO model=noise2inverse epoch=113/120 train_mse=0.0153676 val_mse=0.0157982 val_psnr_db=32.7146 lr=2.08e-05 seconds=1.16 best_epoch=112
2026-09-19 19:13:46,179 INFO model=noise2inverse epoch=114/120 train_mse=0.0153223 val_mse=0.0157973 val_psnr_db=32.8623 lr=1.83e-05 seconds=1.16 best_epoch=114
2026-09-19 19:13:47,349 INFO model=noise2inverse epoch=115/120 train_mse=0.0153680 val_mse=0.0157986 val_psnr_db=32.9344 lr=1.61e-05 seconds=1.16 best_epoch=114
2026-09-19 19:13:48,523 INFO model=noise2inverse epoch=116/120 train_mse=0.0153406 val_mse=0.0157973 val_psnr_db=32.8722 lr=1.42e-05 seconds=1.16 best_epoch=116
2026-09-19 19:13:49,697 INFO model=noise2inverse epoch=117/120 train_mse=0.0153204 val_mse=0.0157962 val_psnr_db=32.8066 lr=1.27e-05 seconds=1.16 best_epoch=117
2026-09-19 19:13:50,868 INFO model=noise2inverse epoch=118/120 train_mse=0.0153391 val_mse=0.0157968 val_psnr_db=32.8888 lr=1.15e-05 seconds=1.16 best_epoch=117
2026-09-19 19:13:52,040 INFO model=noise2inverse epoch=119/120 train_mse=0.0153388 val_mse=0.0157976 val_psnr_db=32.7967 lr=1.07e-05 seconds=1.16 best_epoch=117
2026-09-19 19:13:53,212 INFO model=noise2inverse epoch=120/120 train_mse=0.0153112 val_mse=0.0157974 val_psnr_db=32.8216 lr=1.02e-05 seconds=1.16 best_epoch=117
2026-09-19 19:13:53,226 INFO model=noise2inverse training_complete seconds=140.54 best_epoch=117 peak_memory_bytes=2623178240
2026-09-19 19:13:53,228 INFO model=proj2proj parameters=118305 epochs=120 lr=0.001 device=cuda supervised=False selected_on=masked projection MSE
2026-09-19 19:13:53,292 INFO model=proj2proj initial_gradient_norm=0.079595186
2026-09-19 19:13:54,361 INFO model=proj2proj epoch=001/120 train_mse=0.0002736 val_mse=0.0001051 val_psnr_db=23.1013 lr=0.001 seconds=1.13 best_epoch=1
2026-09-19 19:13:55,502 INFO model=proj2proj epoch=002/120 train_mse=0.0001029 val_mse=0.0001046 val_psnr_db=23.1028 lr=0.001 seconds=1.13 best_epoch=2
2026-09-19 19:13:56,641 INFO model=proj2proj epoch=003/120 train_mse=0.0000993 val_mse=0.0001034 val_psnr_db=23.1024 lr=0.000999 seconds=1.13 best_epoch=3
2026-09-19 19:13:57,780 INFO model=proj2proj epoch=004/120 train_mse=0.0000972 val_mse=0.0000989 val_psnr_db=23.0986 lr=0.000998 seconds=1.13 best_epoch=4
2026-09-19 19:13:58,922 INFO model=proj2proj epoch=005/120 train_mse=0.0000963 val_mse=0.0000984 val_psnr_db=23.0946 lr=0.000997 seconds=1.13 best_epoch=5
2026-09-19 19:14:00,060 INFO model=proj2proj epoch=006/120 train_mse=0.0000977 val_mse=0.0000985 val_psnr_db=23.0935 lr=0.000996 seconds=1.13 best_epoch=5
2026-09-19 19:14:01,198 INFO model=proj2proj epoch=007/120 train_mse=0.0000953 val_mse=0.0001029 val_psnr_db=23.0977 lr=0.000994 seconds=1.13 best_epoch=5
2026-09-19 19:14:02,338 INFO model=proj2proj epoch=008/120 train_mse=0.0000920 val_mse=0.0000974 val_psnr_db=23.0907 lr=0.000992 seconds=1.13 best_epoch=8
2026-09-19 19:14:03,473 INFO model=proj2proj epoch=009/120 train_mse=0.0000947 val_mse=0.0000987 val_psnr_db=23.0931 lr=0.000989 seconds=1.13 best_epoch=8
2026-09-19 19:14:04,615 INFO model=proj2proj epoch=010/120 train_mse=0.0000925 val_mse=0.0000970 val_psnr_db=23.0873 lr=0.000986 seconds=1.13 best_epoch=10
2026-09-19 19:14:05,754 INFO model=proj2proj epoch=011/120 train_mse=0.0000931 val_mse=0.0000967 val_psnr_db=23.0920 lr=0.000983 seconds=1.13 best_epoch=11
2026-09-19 19:14:06,892 INFO model=proj2proj epoch=012/120 train_mse=0.0000931 val_mse=0.0001028 val_psnr_db=23.0963 lr=0.00098 seconds=1.13 best_epoch=11
2026-09-19 19:14:08,030 INFO model=proj2proj epoch=013/120 train_mse=0.0000941 val_mse=0.0000967 val_psnr_db=23.0906 lr=0.000976 seconds=1.13 best_epoch=11
2026-09-19 19:14:09,166 INFO model=proj2proj epoch=014/120 train_mse=0.0000962 val_mse=0.0000993 val_psnr_db=23.0840 lr=0.000972 seconds=1.13 best_epoch=11
2026-09-19 19:14:10,303 INFO model=proj2proj epoch=015/120 train_mse=0.0000943 val_mse=0.0001061 val_psnr_db=23.0977 lr=0.000967 seconds=1.13 best_epoch=11
2026-09-19 19:14:11,440 INFO model=proj2proj epoch=016/120 train_mse=0.0000947 val_mse=0.0000976 val_psnr_db=23.0949 lr=0.000962 seconds=1.13 best_epoch=11
2026-09-19 19:14:12,583 INFO model=proj2proj epoch=017/120 train_mse=0.0000929 val_mse=0.0000965 val_psnr_db=23.0899 lr=0.000957 seconds=1.13 best_epoch=17
2026-09-19 19:14:13,725 INFO model=proj2proj epoch=018/120 train_mse=0.0000921 val_mse=0.0000961 val_psnr_db=23.0918 lr=0.000952 seconds=1.13 best_epoch=18
2026-09-19 19:14:14,864 INFO model=proj2proj epoch=019/120 train_mse=0.0000932 val_mse=0.0000982 val_psnr_db=23.0884 lr=0.000946 seconds=1.13 best_epoch=18
2026-09-19 19:14:16,002 INFO model=proj2proj epoch=020/120 train_mse=0.0000924 val_mse=0.0000983 val_psnr_db=23.0963 lr=0.00094 seconds=1.13 best_epoch=18
2026-09-19 19:14:17,138 INFO model=proj2proj epoch=021/120 train_mse=0.0000924 val_mse=0.0000996 val_psnr_db=23.0994 lr=0.000934 seconds=1.13 best_epoch=18
2026-09-19 19:14:18,275 INFO model=proj2proj epoch=022/120 train_mse=0.0000948 val_mse=0.0001003 val_psnr_db=23.0908 lr=0.000927 seconds=1.13 best_epoch=18
2026-09-19 19:14:19,412 INFO model=proj2proj epoch=023/120 train_mse=0.0000912 val_mse=0.0000969 val_psnr_db=23.0981 lr=0.00092 seconds=1.13 best_epoch=18
2026-09-19 19:14:20,550 INFO model=proj2proj epoch=024/120 train_mse=0.0000880 val_mse=0.0000968 val_psnr_db=23.0961 lr=0.000913 seconds=1.13 best_epoch=18
2026-09-19 19:14:21,686 INFO model=proj2proj epoch=025/120 train_mse=0.0000904 val_mse=0.0001043 val_psnr_db=23.1123 lr=0.000905 seconds=1.13 best_epoch=18
2026-09-19 19:14:22,823 INFO model=proj2proj epoch=026/120 train_mse=0.0000904 val_mse=0.0000975 val_psnr_db=23.1099 lr=0.000898 seconds=1.13 best_epoch=18
2026-09-19 19:14:23,962 INFO model=proj2proj epoch=027/120 train_mse=0.0000900 val_mse=0.0000949 val_psnr_db=23.1030 lr=0.00089 seconds=1.13 best_epoch=27
2026-09-19 19:14:25,101 INFO model=proj2proj epoch=028/120 train_mse=0.0000898 val_mse=0.0000932 val_psnr_db=23.1119 lr=0.000881 seconds=1.13 best_epoch=28
2026-09-19 19:14:26,243 INFO model=proj2proj epoch=029/120 train_mse=0.0000937 val_mse=0.0000912 val_psnr_db=23.1150 lr=0.000873 seconds=1.13 best_epoch=29
2026-09-19 19:14:27,386 INFO model=proj2proj epoch=030/120 train_mse=0.0000889 val_mse=0.0000897 val_psnr_db=23.1261 lr=0.000864 seconds=1.13 best_epoch=30
2026-09-19 19:14:28,522 INFO model=proj2proj epoch=031/120 train_mse=0.0000879 val_mse=0.0000934 val_psnr_db=23.1350 lr=0.000855 seconds=1.13 best_epoch=30
2026-09-19 19:14:29,661 INFO model=proj2proj epoch=032/120 train_mse=0.0000810 val_mse=0.0001023 val_psnr_db=23.1400 lr=0.000846 seconds=1.13 best_epoch=30
2026-09-19 19:14:30,801 INFO model=proj2proj epoch=033/120 train_mse=0.0000867 val_mse=0.0000914 val_psnr_db=23.1517 lr=0.000836 seconds=1.13 best_epoch=30
2026-09-19 19:14:31,943 INFO model=proj2proj epoch=034/120 train_mse=0.0000843 val_mse=0.0000857 val_psnr_db=23.1676 lr=0.000826 seconds=1.13 best_epoch=34
2026-09-19 19:14:33,086 INFO model=proj2proj epoch=035/120 train_mse=0.0000779 val_mse=0.0000825 val_psnr_db=23.1895 lr=0.000817 seconds=1.13 best_epoch=35
2026-09-19 19:14:34,225 INFO model=proj2proj epoch=036/120 train_mse=0.0000793 val_mse=0.0000890 val_psnr_db=23.1819 lr=0.000806 seconds=1.13 best_epoch=35
2026-09-19 19:14:35,367 INFO model=proj2proj epoch=037/120 train_mse=0.0000784 val_mse=0.0000807 val_psnr_db=23.2218 lr=0.000796 seconds=1.13 best_epoch=37
2026-09-19 19:14:36,509 INFO model=proj2proj epoch=038/120 train_mse=0.0000756 val_mse=0.0000789 val_psnr_db=23.2300 lr=0.000785 seconds=1.13 best_epoch=38
2026-09-19 19:14:37,645 INFO model=proj2proj epoch=039/120 train_mse=0.0000794 val_mse=0.0000904 val_psnr_db=23.2069 lr=0.000775 seconds=1.13 best_epoch=38
2026-09-19 19:14:38,782 INFO model=proj2proj epoch=040/120 train_mse=0.0000798 val_mse=0.0000877 val_psnr_db=23.2232 lr=0.000764 seconds=1.13 best_epoch=38
2026-09-19 19:14:39,919 INFO model=proj2proj epoch=041/120 train_mse=0.0000792 val_mse=0.0000847 val_psnr_db=23.2209 lr=0.000752 seconds=1.13 best_epoch=38
2026-09-19 19:14:41,060 INFO model=proj2proj epoch=042/120 train_mse=0.0000741 val_mse=0.0000782 val_psnr_db=23.2451 lr=0.000741 seconds=1.13 best_epoch=42
2026-09-19 19:14:42,198 INFO model=proj2proj epoch=043/120 train_mse=0.0000705 val_mse=0.0000784 val_psnr_db=23.2637 lr=0.00073 seconds=1.13 best_epoch=42
2026-09-19 19:14:43,342 INFO model=proj2proj epoch=044/120 train_mse=0.0000697 val_mse=0.0000782 val_psnr_db=23.2631 lr=0.000718 seconds=1.13 best_epoch=44
2026-09-19 19:14:44,483 INFO model=proj2proj epoch=045/120 train_mse=0.0000715 val_mse=0.0000770 val_psnr_db=23.2660 lr=0.000706 seconds=1.13 best_epoch=45
2026-09-19 19:14:45,620 INFO model=proj2proj epoch=046/120 train_mse=0.0000704 val_mse=0.0000784 val_psnr_db=23.2824 lr=0.000694 seconds=1.13 best_epoch=45
2026-09-19 19:14:46,757 INFO model=proj2proj epoch=047/120 train_mse=0.0000691 val_mse=0.0000782 val_psnr_db=23.2866 lr=0.000682 seconds=1.13 best_epoch=45
2026-09-19 19:14:47,897 INFO model=proj2proj epoch=048/120 train_mse=0.0000690 val_mse=0.0000795 val_psnr_db=23.2936 lr=0.00067 seconds=1.13 best_epoch=45
2026-09-19 19:14:49,039 INFO model=proj2proj epoch=049/120 train_mse=0.0000715 val_mse=0.0000768 val_psnr_db=23.2896 lr=0.000658 seconds=1.13 best_epoch=49
2026-09-19 19:14:50,177 INFO model=proj2proj epoch=050/120 train_mse=0.0000706 val_mse=0.0000772 val_psnr_db=23.2894 lr=0.000646 seconds=1.13 best_epoch=49
2026-09-19 19:14:51,316 INFO model=proj2proj epoch=051/120 train_mse=0.0000692 val_mse=0.0000770 val_psnr_db=23.2995 lr=0.000633 seconds=1.13 best_epoch=49
2026-09-19 19:14:52,455 INFO model=proj2proj epoch=052/120 train_mse=0.0000696 val_mse=0.0000774 val_psnr_db=23.2924 lr=0.000621 seconds=1.13 best_epoch=49
2026-09-19 19:14:53,592 INFO model=proj2proj epoch=053/120 train_mse=0.0000714 val_mse=0.0000791 val_psnr_db=23.3069 lr=0.000608 seconds=1.13 best_epoch=49
2026-09-19 19:14:54,731 INFO model=proj2proj epoch=054/120 train_mse=0.0000713 val_mse=0.0000768 val_psnr_db=23.2953 lr=0.000595 seconds=1.13 best_epoch=49
2026-09-19 19:14:55,868 INFO model=proj2proj epoch=055/120 train_mse=0.0000716 val_mse=0.0000804 val_psnr_db=23.2765 lr=0.000582 seconds=1.13 best_epoch=49
2026-09-19 19:14:57,008 INFO model=proj2proj epoch=056/120 train_mse=0.0000716 val_mse=0.0000790 val_psnr_db=23.2810 lr=0.00057 seconds=1.13 best_epoch=49
2026-09-19 19:14:58,146 INFO model=proj2proj epoch=057/120 train_mse=0.0000726 val_mse=0.0000778 val_psnr_db=23.2901 lr=0.000557 seconds=1.13 best_epoch=49
2026-09-19 19:14:59,281 INFO model=proj2proj epoch=058/120 train_mse=0.0000708 val_mse=0.0000775 val_psnr_db=23.2973 lr=0.000544 seconds=1.13 best_epoch=49
2026-09-19 19:15:00,420 INFO model=proj2proj epoch=059/120 train_mse=0.0000680 val_mse=0.0000775 val_psnr_db=23.3049 lr=0.000531 seconds=1.13 best_epoch=49
2026-09-19 19:15:01,565 INFO model=proj2proj epoch=060/120 train_mse=0.0000685 val_mse=0.0000764 val_psnr_db=23.2997 lr=0.000518 seconds=1.13 best_epoch=60
2026-09-19 19:15:02,703 INFO model=proj2proj epoch=061/120 train_mse=0.0000701 val_mse=0.0000770 val_psnr_db=23.3074 lr=0.000505 seconds=1.13 best_epoch=60
2026-09-19 19:15:03,847 INFO model=proj2proj epoch=062/120 train_mse=0.0000703 val_mse=0.0000763 val_psnr_db=23.2987 lr=0.000492 seconds=1.13 best_epoch=62
2026-09-19 19:15:04,984 INFO model=proj2proj epoch=063/120 train_mse=0.0000683 val_mse=0.0000773 val_psnr_db=23.3052 lr=0.000479 seconds=1.13 best_epoch=62
2026-09-19 19:15:06,124 INFO model=proj2proj epoch=064/120 train_mse=0.0000679 val_mse=0.0000757 val_psnr_db=23.3078 lr=0.000466 seconds=1.13 best_epoch=64
2026-09-19 19:15:07,263 INFO model=proj2proj epoch=065/120 train_mse=0.0000701 val_mse=0.0000791 val_psnr_db=23.3196 lr=0.000453 seconds=1.13 best_epoch=64
2026-09-19 19:15:08,403 INFO model=proj2proj epoch=066/120 train_mse=0.0000706 val_mse=0.0000763 val_psnr_db=23.3203 lr=0.00044 seconds=1.13 best_epoch=64
2026-09-19 19:15:09,543 INFO model=proj2proj epoch=067/120 train_mse=0.0000677 val_mse=0.0000762 val_psnr_db=23.3172 lr=0.000428 seconds=1.13 best_epoch=64
2026-09-19 19:15:10,680 INFO model=proj2proj epoch=068/120 train_mse=0.0000678 val_mse=0.0000759 val_psnr_db=23.3205 lr=0.000415 seconds=1.13 best_epoch=64
2026-09-19 19:15:11,819 INFO model=proj2proj epoch=069/120 train_mse=0.0000693 val_mse=0.0000764 val_psnr_db=23.3220 lr=0.000402 seconds=1.13 best_epoch=64
2026-09-19 19:15:12,956 INFO model=proj2proj epoch=070/120 train_mse=0.0000691 val_mse=0.0000761 val_psnr_db=23.3202 lr=0.000389 seconds=1.13 best_epoch=64
2026-09-19 19:15:14,096 INFO model=proj2proj epoch=071/120 train_mse=0.0000686 val_mse=0.0000756 val_psnr_db=23.3272 lr=0.000377 seconds=1.13 best_epoch=71
2026-09-19 19:15:15,234 INFO model=proj2proj epoch=072/120 train_mse=0.0000678 val_mse=0.0000766 val_psnr_db=23.3307 lr=0.000364 seconds=1.13 best_epoch=71
2026-09-19 19:15:16,373 INFO model=proj2proj epoch=073/120 train_mse=0.0000698 val_mse=0.0000758 val_psnr_db=23.3340 lr=0.000352 seconds=1.13 best_epoch=71
2026-09-19 19:15:17,512 INFO model=proj2proj epoch=074/120 train_mse=0.0000687 val_mse=0.0000759 val_psnr_db=23.3370 lr=0.00034 seconds=1.13 best_epoch=71
2026-09-19 19:15:18,648 INFO model=proj2proj epoch=075/120 train_mse=0.0000681 val_mse=0.0000768 val_psnr_db=23.3396 lr=0.000328 seconds=1.13 best_epoch=71
2026-09-19 19:15:19,788 INFO model=proj2proj epoch=076/120 train_mse=0.0000668 val_mse=0.0000760 val_psnr_db=23.3395 lr=0.000316 seconds=1.13 best_epoch=71
2026-09-19 19:15:20,927 INFO model=proj2proj epoch=077/120 train_mse=0.0000689 val_mse=0.0000761 val_psnr_db=23.3459 lr=0.000304 seconds=1.13 best_epoch=71
2026-09-19 19:15:22,067 INFO model=proj2proj epoch=078/120 train_mse=0.0000684 val_mse=0.0000756 val_psnr_db=23.3467 lr=0.000292 seconds=1.13 best_epoch=71
2026-09-19 19:15:23,210 INFO model=proj2proj epoch=079/120 train_mse=0.0000683 val_mse=0.0000752 val_psnr_db=23.3465 lr=0.00028 seconds=1.13 best_epoch=79
2026-09-19 19:15:24,348 INFO model=proj2proj epoch=080/120 train_mse=0.0000670 val_mse=0.0000757 val_psnr_db=23.3478 lr=0.000269 seconds=1.13 best_epoch=79
2026-09-19 19:15:25,484 INFO model=proj2proj epoch=081/120 train_mse=0.0000687 val_mse=0.0000754 val_psnr_db=23.3563 lr=0.000257 seconds=1.13 best_epoch=79
2026-09-19 19:15:26,623 INFO model=proj2proj epoch=082/120 train_mse=0.0000691 val_mse=0.0000758 val_psnr_db=23.3571 lr=0.000246 seconds=1.13 best_epoch=79
2026-09-19 19:15:27,764 INFO model=proj2proj epoch=083/120 train_mse=0.0000671 val_mse=0.0000755 val_psnr_db=23.3615 lr=0.000235 seconds=1.13 best_epoch=79
2026-09-19 19:15:28,907 INFO model=proj2proj epoch=084/120 train_mse=0.0000659 val_mse=0.0000750 val_psnr_db=23.3642 lr=0.000225 seconds=1.13 best_epoch=84
2026-09-19 19:15:30,052 INFO model=proj2proj epoch=085/120 train_mse=0.0000693 val_mse=0.0000750 val_psnr_db=23.3636 lr=0.000214 seconds=1.13 best_epoch=85
2026-09-19 19:15:31,191 INFO model=proj2proj epoch=086/120 train_mse=0.0000692 val_mse=0.0000761 val_psnr_db=23.3667 lr=0.000204 seconds=1.13 best_epoch=85
2026-09-19 19:15:32,334 INFO model=proj2proj epoch=087/120 train_mse=0.0000679 val_mse=0.0000746 val_psnr_db=23.3711 lr=0.000193 seconds=1.13 best_epoch=87
2026-09-19 19:15:33,473 INFO model=proj2proj epoch=088/120 train_mse=0.0000672 val_mse=0.0000755 val_psnr_db=23.3751 lr=0.000184 seconds=1.13 best_epoch=87
2026-09-19 19:15:34,613 INFO model=proj2proj epoch=089/120 train_mse=0.0000683 val_mse=0.0000749 val_psnr_db=23.3786 lr=0.000174 seconds=1.13 best_epoch=87
2026-09-19 19:15:35,750 INFO model=proj2proj epoch=090/120 train_mse=0.0000684 val_mse=0.0000754 val_psnr_db=23.3820 lr=0.000164 seconds=1.13 best_epoch=87
2026-09-19 19:15:36,888 INFO model=proj2proj epoch=091/120 train_mse=0.0000667 val_mse=0.0000748 val_psnr_db=23.3832 lr=0.000155 seconds=1.13 best_epoch=87
2026-09-19 19:15:38,027 INFO model=proj2proj epoch=092/120 train_mse=0.0000671 val_mse=0.0000754 val_psnr_db=23.3813 lr=0.000146 seconds=1.13 best_epoch=87
2026-09-19 19:15:39,170 INFO model=proj2proj epoch=093/120 train_mse=0.0000682 val_mse=0.0000744 val_psnr_db=23.3893 lr=0.000137 seconds=1.13 best_epoch=93
2026-09-19 19:15:40,310 INFO model=proj2proj epoch=094/120 train_mse=0.0000689 val_mse=0.0000745 val_psnr_db=23.3926 lr=0.000129 seconds=1.13 best_epoch=93
2026-09-19 19:15:41,454 INFO model=proj2proj epoch=095/120 train_mse=0.0000665 val_mse=0.0000740 val_psnr_db=23.3929 lr=0.00012 seconds=1.13 best_epoch=95
2026-09-19 19:15:42,591 INFO model=proj2proj epoch=096/120 train_mse=0.0000659 val_mse=0.0000742 val_psnr_db=23.3980 lr=0.000112 seconds=1.13 best_epoch=95
2026-09-19 19:15:43,736 INFO model=proj2proj epoch=097/120 train_mse=0.0000676 val_mse=0.0000739 val_psnr_db=23.4002 lr=0.000105 seconds=1.13 best_epoch=97
2026-09-19 19:15:44,875 INFO model=proj2proj epoch=098/120 train_mse=0.0000680 val_mse=0.0000741 val_psnr_db=23.4039 lr=9.71e-05 seconds=1.13 best_epoch=97
2026-09-19 19:15:46,019 INFO model=proj2proj epoch=099/120 train_mse=0.0000662 val_mse=0.0000738 val_psnr_db=23.4063 lr=8.99e-05 seconds=1.13 best_epoch=99
2026-09-19 19:15:47,162 INFO model=proj2proj epoch=100/120 train_mse=0.0000656 val_mse=0.0000736 val_psnr_db=23.4090 lr=8.29e-05 seconds=1.13 best_epoch=100
2026-09-19 19:15:48,301 INFO model=proj2proj epoch=101/120 train_mse=0.0000671 val_mse=0.0000742 val_psnr_db=23.4122 lr=7.63e-05 seconds=1.13 best_epoch=100
2026-09-19 19:15:49,442 INFO model=proj2proj epoch=102/120 train_mse=0.0000669 val_mse=0.0000740 val_psnr_db=23.4139 lr=7e-05 seconds=1.13 best_epoch=100
2026-09-19 19:15:50,580 INFO model=proj2proj epoch=103/120 train_mse=0.0000659 val_mse=0.0000737 val_psnr_db=23.4176 lr=6.4e-05 seconds=1.13 best_epoch=100
2026-09-19 19:15:51,726 INFO model=proj2proj epoch=104/120 train_mse=0.0000654 val_mse=0.0000735 val_psnr_db=23.4196 lr=5.82e-05 seconds=1.13 best_epoch=104
2026-09-19 19:15:52,870 INFO model=proj2proj epoch=105/120 train_mse=0.0000668 val_mse=0.0000733 val_psnr_db=23.4214 lr=5.28e-05 seconds=1.13 best_epoch=105
2026-09-19 19:15:54,014 INFO model=proj2proj epoch=106/120 train_mse=0.0000663 val_mse=0.0000733 val_psnr_db=23.4228 lr=4.77e-05 seconds=1.13 best_epoch=106
2026-09-19 19:15:55,154 INFO model=proj2proj epoch=107/120 train_mse=0.0000659 val_mse=0.0000734 val_psnr_db=23.4250 lr=4.29e-05 seconds=1.13 best_epoch=106
2026-09-19 19:15:56,294 INFO model=proj2proj epoch=108/120 train_mse=0.0000651 val_mse=0.0000734 val_psnr_db=23.4271 lr=3.84e-05 seconds=1.13 best_epoch=106
2026-09-19 19:15:57,438 INFO model=proj2proj epoch=109/120 train_mse=0.0000671 val_mse=0.0000732 val_psnr_db=23.4286 lr=3.42e-05 seconds=1.13 best_epoch=109
2026-09-19 19:15:58,582 INFO model=proj2proj epoch=110/120 train_mse=0.0000665 val_mse=0.0000732 val_psnr_db=23.4300 lr=3.04e-05 seconds=1.13 best_epoch=110
2026-09-19 19:15:59,726 INFO model=proj2proj epoch=111/120 train_mse=0.0000652 val_mse=0.0000730 val_psnr_db=23.4311 lr=2.69e-05 seconds=1.13 best_epoch=111
2026-09-19 19:16:00,865 INFO model=proj2proj epoch=112/120 train_mse=0.0000647 val_mse=0.0000730 val_psnr_db=23.4323 lr=2.37e-05 seconds=1.13 best_epoch=111
2026-09-19 19:16:02,006 INFO model=proj2proj epoch=113/120 train_mse=0.0000667 val_mse=0.0000731 val_psnr_db=23.4336 lr=2.08e-05 seconds=1.13 best_epoch=111
2026-09-19 19:16:03,150 INFO model=proj2proj epoch=114/120 train_mse=0.0000662 val_mse=0.0000729 val_psnr_db=23.4344 lr=1.83e-05 seconds=1.13 best_epoch=114
2026-09-19 19:16:04,293 INFO model=proj2proj epoch=115/120 train_mse=0.0000646 val_mse=0.0000729 val_psnr_db=23.4353 lr=1.61e-05 seconds=1.13 best_epoch=115
2026-09-19 19:16:05,433 INFO model=proj2proj epoch=116/120 train_mse=0.0000646 val_mse=0.0000729 val_psnr_db=23.4361 lr=1.42e-05 seconds=1.13 best_epoch=115
2026-09-19 19:16:06,574 INFO model=proj2proj epoch=117/120 train_mse=0.0000663 val_mse=0.0000729 val_psnr_db=23.4368 lr=1.27e-05 seconds=1.13 best_epoch=115
2026-09-19 19:16:07,718 INFO model=proj2proj epoch=118/120 train_mse=0.0000668 val_mse=0.0000729 val_psnr_db=23.4373 lr=1.15e-05 seconds=1.13 best_epoch=118
2026-09-19 19:16:08,861 INFO model=proj2proj epoch=119/120 train_mse=0.0000649 val_mse=0.0000728 val_psnr_db=23.4379 lr=1.07e-05 seconds=1.13 best_epoch=119
2026-09-19 19:16:10,005 INFO model=proj2proj epoch=120/120 train_mse=0.0000645 val_mse=0.0000728 val_psnr_db=23.4385 lr=1.02e-05 seconds=1.13 best_epoch=120
2026-09-19 19:16:10,019 INFO model=proj2proj training_complete seconds=136.79 best_epoch=120 peak_memory_bytes=2617854976
2026-09-19 19:16:11,059 INFO classical sart_subsets=90 sirt_iterations=300 sart_sweeps=20 red_iterations=100
2026-09-19 19:16:13,282 INFO classical method=sirt setting=default best_val_iterations=120 val_psnr_db=32.7047
2026-09-19 19:16:14,067 INFO classical method=sirt selected iterations=120 setting=default val_psnr_db=32.7047 seconds=3.01
2026-09-19 19:16:18,020 INFO classical method=bm3d setting=0.01 best_val_stages=1 val_psnr_db=23.7569
2026-09-19 19:16:21,926 INFO classical method=bm3d setting=0.02 best_val_stages=1 val_psnr_db=24.1442
2026-09-19 19:16:25,827 INFO classical method=bm3d setting=0.05 best_val_stages=1 val_psnr_db=28.6538
2026-09-19 19:16:29,725 INFO classical method=bm3d setting=0.1 best_val_stages=1 val_psnr_db=35.3828
2026-09-19 19:16:33,623 INFO classical method=bm3d setting=0.2 best_val_stages=1 val_psnr_db=35.3423
2026-09-19 19:16:37,520 INFO classical method=bm3d selected stages=1 setting=0.1 val_psnr_db=35.3828 seconds=23.45
2026-09-19 19:16:41,999 INFO classical method=sart setting=1 best_val_subset updates=107 val_psnr_db=32.4854
2026-09-19 19:16:46,569 INFO classical method=sart setting=0.3 best_val_subset updates=360 val_psnr_db=32.8705
2026-09-19 19:16:51,139 INFO classical method=sart setting=0.1 best_val_subset updates=1170 val_psnr_db=32.8020
2026-09-19 19:16:55,704 INFO classical method=sart setting=0.03 best_val_subset updates=1800 val_psnr_db=31.1627
2026-09-19 19:16:56,332 INFO classical method=sart selected subset updates=360 setting=0.3 val_psnr_db=32.8705 seconds=18.81
2026-09-19 19:17:02,883 INFO classical method=red setting=0.1 best_val_iterations=32 val_psnr_db=39.7916
2026-09-19 19:17:09,425 INFO classical method=red setting=0.3 best_val_iterations=11 val_psnr_db=39.2519
2026-09-19 19:17:15,964 INFO classical method=red setting=1 best_val_iterations=4 val_psnr_db=36.5799
2026-09-19 19:17:22,506 INFO classical method=red setting=3 best_val_iterations=2 val_psnr_db=36.9438
2026-09-19 19:17:29,067 INFO classical method=red setting=10 best_val_iterations=1 val_psnr_db=39.4758
2026-09-19 19:17:31,153 INFO classical method=red selected iterations=32 setting=0.1 val_psnr_db=39.7916 seconds=34.82
2026-09-19 19:17:31,356 INFO TEST method=fbp mean_psnr_db=23.0882 roi_psnr_db=22.0206 window_psnr_db=n/a std_psnr_db=0.3318 mse=0.0049257 seconds=0.02
2026-09-19 19:17:31,356 INFO TEST method=sirt mean_psnr_db=34.1613 roi_psnr_db=33.0937 window_psnr_db=n/a std_psnr_db=1.0036 mse=0.0003941 seconds=3.01
2026-09-19 19:17:31,356 INFO TEST method=sart mean_psnr_db=34.3327 roi_psnr_db=33.2651 window_psnr_db=n/a std_psnr_db=1.0255 mse=0.0003794 seconds=18.81
2026-09-19 19:17:31,356 INFO TEST method=bm3d mean_psnr_db=36.8950 roi_psnr_db=35.8274 window_psnr_db=n/a std_psnr_db=1.2837 mse=0.0002136 seconds=23.45
2026-09-19 19:17:31,357 INFO TEST method=fbp-unet mean_psnr_db=42.7346 roi_psnr_db=41.6670 window_psnr_db=n/a std_psnr_db=1.0762 mse=0.0000550 seconds=111.65
2026-09-19 19:17:31,357 INFO TEST method=red mean_psnr_db=40.9354 roi_psnr_db=39.8678 window_psnr_db=n/a std_psnr_db=1.0710 mse=0.0000832 seconds=34.82
2026-09-19 19:17:31,357 INFO TEST method=iradonmap mean_psnr_db=35.3629 roi_psnr_db=34.2953 window_psnr_db=n/a std_psnr_db=1.1438 mse=0.0003018 seconds=379.27
2026-09-19 19:17:31,357 INFO TEST method=noise2inverse mean_psnr_db=33.0358 roi_psnr_db=31.9682 window_psnr_db=n/a std_psnr_db=0.8418 mse=0.0005068 seconds=140.54
2026-09-19 19:17:31,357 INFO TEST method=proj2proj mean_psnr_db=23.5545 roi_psnr_db=22.4869 window_psnr_db=n/a std_psnr_db=0.2599 mse=0.0044191 seconds=136.79
2026-09-19 19:17:31,357 INFO TEST method=lpd mean_psnr_db=36.6605 roi_psnr_db=35.5929 window_psnr_db=n/a std_psnr_db=1.4571 mse=0.0002289 seconds=724.59
2026-09-19 19:17:31,397 INFO TEST reference=noiseless-fbp mean_psnr_db=32.8468 roi_psnr_db=31.7792 window_psnr_db=n/a
2026-09-19 19:17:38,580 INFO complete outputs=/home/ozan/torchtomo/examples/ellipses/results-512-cuda
