parallel forward     seed 0  cuda32 1.218e-02  torch32 1.048e-02
parallel forward     seed 1  cuda32 1.384e-02  torch32 1.172e-02
parallel forward     seed 2  cuda32 1.420e-02  torch32 1.391e-02
parallel adjoint     seed 0  cuda32 5.752e-03  torch32 5.291e-03
parallel adjoint     seed 1  cuda32 2.806e-03  torch32 2.823e-03
parallel adjoint     seed 2  cuda32 1.186e-02  torch32 1.240e-02
parallel backproject seed 0  cuda32 1.647e-02  torch32 1.463e-02
parallel backproject seed 1  cuda32 1.017e-02  torch32 8.248e-03
parallel backproject seed 2  cuda32 1.452e-02  torch32 8.224e-03
parallel fbp         seed 0  cuda32 4.643e-03  torch32 5.567e-03
parallel fbp         seed 1  cuda32 4.278e-03  torch32 3.623e-03
parallel fbp         seed 2  cuda32 4.622e-03  torch32 2.701e-03
fan      forward     seed 0  cuda32 1.238e-02  torch32 2.483e-02
fan      forward     seed 1  cuda32 1.058e-02  torch32 1.995e-02
fan      forward     seed 2  cuda32 9.694e-03  torch32 2.192e-02
fan      adjoint     seed 0  cuda32 6.858e-03  torch32 1.471e-02
fan      adjoint     seed 1  cuda32 4.352e-03  torch32 1.496e-02
fan      adjoint     seed 2  cuda32 3.542e-03  torch32 1.437e-02
fan      backproject seed 0  cuda32 1.391e-02  torch32 1.435e-02
fan      backproject seed 1  cuda32 1.261e-02  torch32 1.253e-02
fan      backproject seed 2  cuda32 9.120e-03  torch32 1.092e-02
fan      fbp         seed 0  cuda32 6.627e-03  torch32 6.713e-03
fan      fbp         seed 1  cuda32 5.309e-03  torch32 5.300e-03
fan      fbp         seed 2  cuda32 4.870e-03  torch32 7.549e-03
