parallel forward     seed 0  cuda32 1.304e-02  torch32 6.687e-03
parallel forward     seed 1  cuda32 8.390e-03  torch32 8.573e-03
parallel forward     seed 2  cuda32 7.663e-03  torch32 6.646e-03
parallel adjoint     seed 0  cuda32 2.265e-03  torch32 1.610e-03
parallel adjoint     seed 1  cuda32 1.860e-03  torch32 5.079e-04
parallel adjoint     seed 2  cuda32 1.882e-03  torch32 2.056e-03
parallel backproject seed 0  cuda32 4.013e-03  torch32 4.168e-03
parallel backproject seed 1  cuda32 4.524e-03  torch32 2.245e-04
parallel backproject seed 2  cuda32 6.625e-03  torch32 9.925e-03
parallel fbp         seed 0  cuda32 1.566e-03  torch32 1.303e-03
parallel fbp         seed 1  cuda32 1.048e-03  torch32 7.989e-04
parallel fbp         seed 2  cuda32 4.029e-03  torch32 1.103e-02
fan      forward     seed 0  cuda32 7.070e-03  torch32 1.717e-02
fan      forward     seed 1  cuda32 5.849e-03  torch32 1.224e-02
fan      forward     seed 2  cuda32 8.598e-03  torch32 2.039e-02
fan      adjoint     seed 0  cuda32 2.069e-03  torch32 1.697e-02
fan      adjoint     seed 1  cuda32 1.618e-03  torch32 8.259e-03
fan      adjoint     seed 2  cuda32 5.772e-03  torch32 1.476e-02
fan      backproject seed 0  cuda32 1.464e-02  torch32 1.459e-02
fan      backproject seed 1  cuda32 8.672e-03  torch32 8.401e-03
fan      backproject seed 2  cuda32 9.517e-03  torch32 8.895e-03
fan      fbp         seed 0  cuda32 1.321e-02  torch32 1.322e-02
fan      fbp         seed 1  cuda32 3.395e-03  torch32 3.384e-03
fan      fbp         seed 2  cuda32 7.850e-03  torch32 4.323e-03
