parallel forward     seed 0  cuda32 4.574e-03  torch32 4.572e-03
parallel forward     seed 1  cuda32 1.474e-04  torch32 1.478e-04
parallel forward     seed 2  cuda32 2.919e-03  torch32 2.918e-03
parallel adjoint     seed 0  cuda32 1.721e-03  torch32 2.976e-04
parallel adjoint     seed 1  cuda32 4.258e-05  torch32 4.246e-05
parallel adjoint     seed 2  cuda32 6.684e-04  torch32 6.691e-04
parallel backproject seed 0  cuda32 8.065e-07  torch32 8.826e-07
parallel backproject seed 1  cuda32 1.282e-06  torch32 1.413e-06
parallel backproject seed 2  cuda32 1.662e-06  torch32 1.732e-06
parallel fbp         seed 0  cuda32 1.269e-05  torch32 1.428e-05
parallel fbp         seed 1  cuda32 7.271e-06  torch32 7.820e-06
parallel fbp         seed 2  cuda32 1.352e-05  torch32 1.459e-05
fan      forward     seed 0  cuda32 1.046e-05  torch32 1.762e-03
fan      forward     seed 1  cuda32 1.599e-02  torch32 1.773e-02
fan      forward     seed 2  cuda32 1.712e-03  torch32 1.745e-02
fan      adjoint     seed 0  cuda32 4.293e-05  torch32 3.998e-03
fan      adjoint     seed 1  cuda32 4.571e-03  torch32 8.399e-03
fan      adjoint     seed 2  cuda32 4.728e-05  torch32 6.621e-03
fan      backproject seed 0  cuda32 5.324e-03  torch32 5.325e-03
fan      backproject seed 1  cuda32 1.182e-02  torch32 1.182e-02
fan      backproject seed 2  cuda32 3.847e-06  torch32 4.859e-06
fan      fbp         seed 0  cuda32 2.272e-03  torch32 2.273e-03
fan      fbp         seed 1  cuda32 5.682e-03  torch32 5.685e-03
fan      fbp         seed 2  cuda32 4.494e-05  torch32 4.530e-05
