2026-10-03 23:21:11,022 INFO run device=cuda torch=2.4.0+cu121 geometry=parallel image_size=32 angles=24 seed=2026
2026-10-03 23:21:11,451 INFO clean train FBP psnr_db=32.4679 roi_psnr_db=31.0572 window_psnr_db=n/a
2026-10-03 23:21:11,451 INFO photons fixed at 100000.000; calibration skipped
2026-10-03 23:21:11,462 INFO dataset generated ellipses size=100 split=60/20/20 photons=100000.000 zero_count_fraction=0.00000000
2026-10-03 23:21:11,462 INFO baseline split=train fbp_psnr_db=32.1239 fbp_window_psnr_db=n/a
2026-10-03 23:21:11,462 INFO baseline split=val fbp_psnr_db=31.8458 fbp_window_psnr_db=n/a
2026-10-03 23:21:11,513 INFO operator_norm=1.57551575
2026-10-03 23:21:11,919 INFO model=fbp-unet parameters=7545 epochs=2 lr=0.001 device=cuda supervised=True selected_on=image MSE against the clean image
2026-10-03 23:21:12,122 INFO model=fbp-unet initial_gradient_norm=1.2795512e-05
2026-10-03 23:21:12,207 INFO model=fbp-unet epoch=001/002 train_mse=0.0006524 val_mse=0.0007467 val_psnr_db=31.8468 lr=0.001 seconds=0.29 best_epoch=1
2026-10-03 23:21:12,278 INFO model=fbp-unet epoch=002/002 train_mse=0.0006519 val_mse=0.0007461 val_psnr_db=31.8503 lr=0.000505 seconds=0.06 best_epoch=2
2026-10-03 23:21:12,307 INFO model=fbp-unet training_complete seconds=0.39 best_epoch=2 peak_memory_bytes=1809408
2026-10-03 23:21:12,309 INFO model=lpd parameters=5764 epochs=2 lr=0.001 device=cuda supervised=True selected_on=image MSE against the clean image
2026-10-03 23:21:12,328 INFO model=lpd initial_gradient_norm=0.28897595
2026-10-03 23:21:12,328 INFO model=lpd first_dual_updates_gradient_norm=0.019477802
2026-10-03 23:21:12,329 INFO model=lpd first_primal_updates_gradient_norm=0.19558257
2026-10-03 23:21:12,418 INFO model=lpd epoch=001/002 train_mse=0.0374331 val_mse=0.0325796 val_psnr_db=15.2741 lr=0.001 seconds=0.11 best_epoch=1
2026-10-03 23:21:12,540 INFO model=lpd epoch=002/002 train_mse=0.0258057 val_mse=0.0259463 val_psnr_db=16.0712 lr=0.000505 seconds=0.09 best_epoch=2
2026-10-03 23:21:12,571 INFO model=lpd training_complete seconds=0.26 best_epoch=2 peak_memory_bytes=3486720
2026-10-03 23:21:12,573 INFO model=iradonmap parameters=33145 epochs=2 lr=0.0001 device=cuda supervised=True selected_on=image MSE against the clean image
2026-10-03 23:21:12,604 INFO model=iradonmap initial_gradient_norm=0.0014233522
2026-10-03 23:21:12,679 INFO model=iradonmap epoch=001/002 train_mse=0.0006456 val_mse=0.0007343 val_psnr_db=31.9228 lr=0.0001 seconds=0.10 best_epoch=1
2026-10-03 23:21:12,759 INFO model=iradonmap epoch=002/002 train_mse=0.0006307 val_mse=0.0007309 val_psnr_db=31.9461 lr=5.05e-05 seconds=0.07 best_epoch=2
2026-10-03 23:21:12,796 INFO model=iradonmap training_complete seconds=0.22 best_epoch=2 peak_memory_bytes=21035520
2026-10-03 23:21:12,797 INFO model=noise2inverse parameters=7545 epochs=2 lr=0.001 device=cuda supervised=False selected_on=held-out subset MSE
2026-10-03 23:21:12,803 INFO model=noise2inverse initial_gradient_norm=0.00024892532
2026-10-03 23:21:12,892 INFO model=noise2inverse epoch=001/002 train_mse=0.0067328 val_mse=0.0074869 val_psnr_db=31.8440 lr=0.001 seconds=0.09 best_epoch=1
2026-10-03 23:21:12,992 INFO model=noise2inverse epoch=002/002 train_mse=0.0066836 val_mse=0.0074855 val_psnr_db=31.8378 lr=0.000505 seconds=0.09 best_epoch=2
2026-10-03 23:21:13,027 INFO model=noise2inverse training_complete seconds=0.23 best_epoch=2 peak_memory_bytes=19300864
2026-10-03 23:21:13,028 INFO model=proj2proj parameters=7545 epochs=2 lr=0.001 device=cuda supervised=False selected_on=masked projection MSE
2026-10-03 23:21:13,035 INFO model=proj2proj initial_gradient_norm=0.00065175496
2026-10-03 23:21:13,121 INFO model=proj2proj epoch=001/002 train_mse=0.0002220 val_mse=0.0002529 val_psnr_db=31.8456 lr=0.001 seconds=0.09 best_epoch=1
2026-10-03 23:21:13,222 INFO model=proj2proj epoch=002/002 train_mse=0.0002223 val_mse=0.0002525 val_psnr_db=31.8450 lr=0.000505 seconds=0.09 best_epoch=2
2026-10-03 23:21:13,230 INFO model=proj2proj training_complete seconds=0.20 best_epoch=2 peak_memory_bytes=19368960
2026-10-03 23:21:13,314 INFO classical sart_subsets=6 sirt_iterations=3 sart_sweeps=1 red_iterations=2
2026-10-03 23:21:13,323 INFO classical method=fbp-tuned setting=ramp best_val_stages=1 val_psnr_db=30.4351
2026-10-03 23:21:13,326 INFO classical method=fbp-tuned setting=shepp-logan best_val_stages=1 val_psnr_db=27.4173
2026-10-03 23:21:13,329 INFO classical method=fbp-tuned setting=cosine best_val_stages=1 val_psnr_db=27.9541
2026-10-03 23:21:13,331 INFO classical method=fbp-tuned setting=hamming best_val_stages=1 val_psnr_db=26.7316
2026-10-03 23:21:13,333 INFO classical method=fbp-tuned setting=hann best_val_stages=1 val_psnr_db=26.4124
2026-10-03 23:21:13,334 INFO classical method=fbp-tuned selected stages=1 setting=ramp val_psnr_db=30.4351 seconds=0.02
2026-10-03 23:21:13,341 INFO classical method=sirt setting=default best_val_iterations=3 val_psnr_db=19.3910
2026-10-03 23:21:13,346 INFO classical method=sirt selected iterations=3 setting=default val_psnr_db=19.3910 seconds=0.01
2026-10-03 23:21:14,494 INFO classical method=bm3d setting=0.01 best_val_stages=1 val_psnr_db=30.4433
2026-10-03 23:21:15,555 INFO classical method=bm3d setting=0.1 best_val_stages=1 val_psnr_db=26.0588
2026-10-03 23:21:16,628 INFO classical method=bm3d selected stages=1 setting=0.01 val_psnr_db=30.4433 seconds=3.28
2026-10-03 23:21:16,643 INFO classical method=sart setting=1.0 best_val_subset updates=6 val_psnr_db=22.3780
2026-10-03 23:21:16,653 INFO classical method=sart selected subset updates=6 setting=1.0 val_psnr_db=22.3780 seconds=0.02
2026-10-03 23:21:16,664 INFO classical method=red setting=0.1 best_val_iterations=2 val_psnr_db=30.9205
2026-10-03 23:21:16,673 INFO classical method=red selected iterations=2 setting=0.1 val_psnr_db=30.9205 seconds=0.02
2026-10-03 23:21:16,677 INFO TEST method=fbp mean_psnr_db=32.4591 roi_psnr_db=31.0485 window_psnr_db=n/a std_psnr_db=1.9228 mse=0.0006325 seconds=0.00
2026-10-03 23:21:16,677 INFO TEST method=fbp-tuned mean_psnr_db=32.4591 roi_psnr_db=31.0485 window_psnr_db=n/a std_psnr_db=1.9228 mse=0.0006325 seconds=0.02
2026-10-03 23:21:16,677 INFO TEST method=sirt mean_psnr_db=21.1201 roi_psnr_db=19.7094 window_psnr_db=n/a std_psnr_db=1.6874 mse=0.0083860 seconds=0.01
2026-10-03 23:21:16,677 INFO TEST method=sart mean_psnr_db=24.1557 roi_psnr_db=22.7450 window_psnr_db=n/a std_psnr_db=1.8051 mse=0.0042159 seconds=0.02
2026-10-03 23:21:16,677 INFO TEST method=bm3d mean_psnr_db=32.4769 roi_psnr_db=31.0662 window_psnr_db=n/a std_psnr_db=1.8887 mse=0.0006278 seconds=3.28
2026-10-03 23:21:16,677 INFO TEST method=fbp-unet mean_psnr_db=32.4637 roi_psnr_db=31.0531 window_psnr_db=n/a std_psnr_db=1.9230 mse=0.0006319 seconds=0.39
2026-10-03 23:21:16,677 INFO TEST method=red mean_psnr_db=32.9498 roi_psnr_db=31.5391 window_psnr_db=n/a std_psnr_db=1.9299 mse=0.0005656 seconds=0.02
2026-10-03 23:21:16,677 INFO TEST method=iradonmap mean_psnr_db=32.5853 roi_psnr_db=31.1746 window_psnr_db=n/a std_psnr_db=1.9102 mse=0.0006131 seconds=0.22
2026-10-03 23:21:16,677 INFO TEST method=noise2inverse mean_psnr_db=32.4504 roi_psnr_db=31.0397 window_psnr_db=n/a std_psnr_db=1.9221 mse=0.0006338 seconds=0.23
2026-10-03 23:21:16,677 INFO TEST method=proj2proj mean_psnr_db=32.4587 roi_psnr_db=31.0480 window_psnr_db=n/a std_psnr_db=1.9226 mse=0.0006326 seconds=0.20
2026-10-03 23:21:16,677 INFO TEST method=lpd mean_psnr_db=16.3095 roi_psnr_db=14.8989 window_psnr_db=n/a std_psnr_db=1.1044 mse=0.0242376 seconds=0.26
2026-10-03 23:21:16,679 INFO TEST reference=noiseless-fbp mean_psnr_db=32.8419 roi_psnr_db=31.4312 window_psnr_db=n/a
2026-10-03 23:21:21,434 INFO complete outputs=/home/ozan/projects/torchtomo-benchmark/training/results-smoke-torchtomo-0.4.0-seed-2028
